KXLMS8CTRL 20260912T131400Z-12686-1-inspect st=error op=inspect label=kxl-ms8-20260912T131400Z-12686-g1.txt count=0
KXLMS8CTRL 20260912T131400Z-12686-2-inspect st=error op=inspect label=kxl-ms8-20260912T131400Z-12686-g1.txt count=0
KXLMS8CTRL 20260912T131400Z-12686-3-inspect st=ok op=inspect label=kxl-ms8-20260912T131400Z-12686-g1.txt id={8ddc53fd-7ce8-4b5f-8235-a1c4ecb90233} activities=88c0ac20-c3c9-40dd-8540-c9d99266ea76 desktops=eb859906-5dd5-4314-92bc-4f3cc1582e4f allDesktops=false geometry=800x600+560+225
KXLMS8CTRL 20260912T131400Z-12686-4-inspect st=ok op=inspect label=kxl-ms8-20260912T131400Z-12686-g1.txt id={8ddc53fd-7ce8-4b5f-8235-a1c4ecb90233} activities=88c0ac20-c3c9-40dd-8540-c9d99266ea76 desktops=eb859906-5dd5-4314-92bc-4f3cc1582e4f allDesktops=false geometry=800x600+560+225
KXLMS8CTRL 20260912T131400Z-12686-5-place-a st=ok op=place-a label=kxl-ms8-20260912T131400Z-12686-g1.txt id={8ddc53fd-7ce8-4b5f-8235-a1c4ecb90233} activities=88c0ac20-c3c9-40dd-8540-c9d99266ea76 desktops=eb859906-5dd5-4314-92bc-4f3cc1582e4f allDesktops=false geometry=800x600+560+225
KXLMS8CTRL 20260912T131400Z-12686-6-resize-ready st=ok op=resize-ready label=kxl-ms8-20260912T131400Z-12686-g1.txt id={8ddc53fd-7ce8-4b5f-8235-a1c4ecb90233} activities=88c0ac20-c3c9-40dd-8540-c9d99266ea76 desktops=eb859906-5dd5-4314-92bc-4f3cc1582e4f allDesktops=false geometry=800x600+560+225
KXLMS8CTRL 20260912T131400Z-12686-7-inspect st=ok op=inspect label=kxl-ms8-20260912T131400Z-12686-g1.txt id={8ddc53fd-7ce8-4b5f-8235-a1c4ecb90233} activities=88c0ac20-c3c9-40dd-8540-c9d99266ea76 desktops=eb859906-5dd5-4314-92bc-4f3cc1582e4f allDesktops=false geometry=600x400+37+41
KXLMS8CTRL 20260912T131400Z-12686-8-inspect st=error op=inspect label=kxl-ms8-20260912T131400Z-12686-g2.txt count=0
KXLMS8CTRL 20260912T131400Z-12686-9-inspect st=error op=inspect label=kxl-ms8-20260912T131400Z-12686-g2.txt count=0
KXLMS8CTRL 20260912T131400Z-12686-10-inspect st=ok op=inspect label=kxl-ms8-20260912T131400Z-12686-g2.txt id={6b665812-3f32-4104-ae61-84ce97c48ce6} activities=88c0ac20-c3c9-40dd-8540-c9d99266ea76 desktops=eb859906-5dd5-4314-92bc-4f3cc1582e4f allDesktops=false geometry=800x600+560+225
KXLMS8CTRL 20260912T131400Z-12686-11-inspect st=ok op=inspect label=kxl-ms8-20260912T131400Z-12686-g2.txt id={6b665812-3f32-4104-ae61-84ce97c48ce6} activities=88c0ac20-c3c9-40dd-8540-c9d99266ea76 desktops=eb859906-5dd5-4314-92bc-4f3cc1582e4f allDesktops=false geometry=800x600+560+225
KXLMS8CTRL 20260912T131400Z-12686-12-place-a st=ok op=place-a label=kxl-ms8-20260912T131400Z-12686-g2.txt id={6b665812-3f32-4104-ae61-84ce97c48ce6} activities=88c0ac20-c3c9-40dd-8540-c9d99266ea76 desktops=eb859906-5dd5-4314-92bc-4f3cc1582e4f allDesktops=false geometry=800x600+560+225
KXLMS8CTRL 20260912T131400Z-12686-13-resize-ready st=ok op=resize-ready label=kxl-ms8-20260912T131400Z-12686-g2.txt id={6b665812-3f32-4104-ae61-84ce97c48ce6} activities=88c0ac20-c3c9-40dd-8540-c9d99266ea76 desktops=eb859906-5dd5-4314-92bc-4f3cc1582e4f allDesktops=false geometry=800x600+560+225
KXLMS8CTRL 20260912T131400Z-12686-14-inspect st=ok op=inspect label=kxl-ms8-20260912T131400Z-12686-g2.txt id={6b665812-3f32-4104-ae61-84ce97c48ce6} activities=88c0ac20-c3c9-40dd-8540-c9d99266ea76 desktops=eb859906-5dd5-4314-92bc-4f3cc1582e4f allDesktops=false geometry=600x400+37+41
KXLMS8CTRL 20260912T131400Z-12686-15-inspect st=error op=inspect label=kxl-ms8-20260912T131400Z-12686-g3.txt count=0
KXLMS8CTRL 20260912T131400Z-12686-16-inspect st=error op=inspect label=kxl-ms8-20260912T131400Z-12686-g3.txt count=0
KXLMS8CTRL 20260912T131400Z-12686-17-inspect st=error op=inspect label=kxl-ms8-20260912T131400Z-12686-g3.txt count=0
KXLMS8CTRL 20260912T131400Z-12686-18-inspect st=ok op=inspect label=kxl-ms8-20260912T131400Z-12686-g3.txt id={881b6cdc-382c-443e-8672-1e31db161665} activities=88c0ac20-c3c9-40dd-8540-c9d99266ea76 desktops=eb859906-5dd5-4314-92bc-4f3cc1582e4f allDesktops=false geometry=800x600+560+225
KXLMS8CTRL 20260912T131400Z-12686-19-inspect st=ok op=inspect label=kxl-ms8-20260912T131400Z-12686-g3.txt id={881b6cdc-382c-443e-8672-1e31db161665} activities=88c0ac20-c3c9-40dd-8540-c9d99266ea76 desktops=eb859906-5dd5-4314-92bc-4f3cc1582e4f allDesktops=false geometry=800x600+560+225
KXLMS8CTRL 20260912T131400Z-12686-20-place-a st=ok op=place-a label=kxl-ms8-20260912T131400Z-12686-g3.txt id={881b6cdc-382c-443e-8672-1e31db161665} activities=88c0ac20-c3c9-40dd-8540-c9d99266ea76 desktops=eb859906-5dd5-4314-92bc-4f3cc1582e4f allDesktops=false geometry=800x600+560+225
KXLMS8CTRL 20260912T131400Z-12686-21-resize-ready st=ok op=resize-ready label=kxl-ms8-20260912T131400Z-12686-g3.txt id={881b6cdc-382c-443e-8672-1e31db161665} activities=88c0ac20-c3c9-40dd-8540-c9d99266ea76 desktops=eb859906-5dd5-4314-92bc-4f3cc1582e4f allDesktops=false geometry=800x600+560+225
KXLMS8CTRL 20260912T131400Z-12686-22-inspect st=ok op=inspect label=kxl-ms8-20260912T131400Z-12686-g3.txt id={881b6cdc-382c-443e-8672-1e31db161665} activities=88c0ac20-c3c9-40dd-8540-c9d99266ea76 desktops=eb859906-5dd5-4314-92bc-4f3cc1582e4f allDesktops=false geometry=600x400+37+41
KXLMS8CTRL 20260912T131400Z-12686-23-activate st=ok op=activate label=kxl-ms8-20260912T131400Z-12686-g1.txt id={8ddc53fd-7ce8-4b5f-8235-a1c4ecb90233} activities=88c0ac20-c3c9-40dd-8540-c9d99266ea76 desktops=eb859906-5dd5-4314-92bc-4f3cc1582e4f allDesktops=false geometry=672x525+1248+525
KXLMS8CTRL 20260912T131400Z-12686-24-inspect st=error op=inspect label=kxl-ms8-20260912T131400Z-12686-g4.txt count=0
KXLMS8CTRL 20260912T131400Z-12686-25-inspect st=error op=inspect label=kxl-ms8-20260912T131400Z-12686-g4.txt count=0
KXLMS8CTRL 20260912T131400Z-12686-26-inspect st=ok op=inspect label=kxl-ms8-20260912T131400Z-12686-g4.txt id={2c312b33-42c1-48e1-b05c-576cfcea5e37} activities=88c0ac20-c3c9-40dd-8540-c9d99266ea76 desktops=eb859906-5dd5-4314-92bc-4f3cc1582e4f allDesktops=false geometry=960x525+960+0
KXLMS8CTRL 20260912T131400Z-12686-27-inspect st=ok op=inspect label=kxl-ms8-20260912T131400Z-12686-g4.txt id={2c312b33-42c1-48e1-b05c-576cfcea5e37} activities=88c0ac20-c3c9-40dd-8540-c9d99266ea76 desktops=eb859906-5dd5-4314-92bc-4f3cc1582e4f allDesktops=false geometry=960x525+960+0
KXLMS8CTRL 20260912T131400Z-12686-28-place-a st=ok op=place-a label=kxl-ms8-20260912T131400Z-12686-g4.txt id={2c312b33-42c1-48e1-b05c-576cfcea5e37} activities=88c0ac20-c3c9-40dd-8540-c9d99266ea76 desktops=eb859906-5dd5-4314-92bc-4f3cc1582e4f allDesktops=false geometry=960x525+960+0
KXLMS8CTRL 20260912T131400Z-12686-29-inspect st=error op=inspect label=kxl-ms8-20260912T131400Z-12686-g5.txt count=0
KXLMS8CTRL 20260912T131400Z-12686-30-inspect st=error op=inspect label=kxl-ms8-20260912T131400Z-12686-g5.txt count=0
KXLMS8CTRL 20260912T131400Z-12686-31-inspect st=ok op=inspect label=kxl-ms8-20260912T131400Z-12686-g5.txt id={5c31c1a6-b8b5-4a37-90e7-91f017859931} activities=88c0ac20-c3c9-40dd-8540-c9d99266ea76 desktops=eb859906-5dd5-4314-92bc-4f3cc1582e4f allDesktops=false geometry=960x350+960+0
KXLMS8CTRL 20260912T131400Z-12686-32-inspect st=ok op=inspect label=kxl-ms8-20260912T131400Z-12686-g5.txt id={5c31c1a6-b8b5-4a37-90e7-91f017859931} activities=88c0ac20-c3c9-40dd-8540-c9d99266ea76 desktops=eb859906-5dd5-4314-92bc-4f3cc1582e4f allDesktops=false geometry=960x350+960+0
KXLMS8CTRL 20260912T131400Z-12686-33-place-a st=ok op=place-a label=kxl-ms8-20260912T131400Z-12686-g5.txt id={5c31c1a6-b8b5-4a37-90e7-91f017859931} activities=88c0ac20-c3c9-40dd-8540-c9d99266ea76 desktops=eb859906-5dd5-4314-92bc-4f3cc1582e4f allDesktops=false geometry=960x350+960+0
KXLMS8CTRL 20260912T131400Z-12686-34-activate st=ok op=activate label=kxl-ms8-20260912T131400Z-12686-g3.txt id={881b6cdc-382c-443e-8672-1e31db161665} activities=88c0ac20-c3c9-40dd-8540-c9d99266ea76 desktops=eb859906-5dd5-4314-92bc-4f3cc1582e4f allDesktops=false geometry=960x525+0+0
KXLMS8CTRL 20260912T131400Z-12686-35-share st=ok op=share label=kxl-ms8-20260912T131400Z-12686-g1.txt id={8ddc53fd-7ce8-4b5f-8235-a1c4ecb90233} activities=88c0ac20-c3c9-40dd-8540-c9d99266ea76,9891420e-a55c-47d7-9e4b-7e94d54a6b53 desktops=eb859906-5dd5-4314-92bc-4f3cc1582e4f allDesktops=false geometry=960x350+960+700
KXLMS8CTRL 20260912T131400Z-12686-36-inspect st=error op=inspect label=kxl-ms8-20260912T131400Z-12686-b1.txt count=0
KXLMS8CTRL 20260912T131400Z-12686-37-inspect st=error op=inspect label=kxl-ms8-20260912T131400Z-12686-b1.txt count=0
KXLMS8CTRL 20260912T131400Z-12686-38-inspect st=error op=inspect label=kxl-ms8-20260912T131400Z-12686-b1.txt count=0
KXLMS8CTRL 20260912T131400Z-12686-39-inspect st=ok op=inspect label=kxl-ms8-20260912T131400Z-12686-b1.txt id={675fe026-b98f-409e-b328-2ba763ffb27c} activities=9891420e-a55c-47d7-9e4b-7e94d54a6b53 desktops=eb859906-5dd5-4314-92bc-4f3cc1582e4f allDesktops=false geometry=1248x1050+0+0
KXLMS8CTRL 20260912T131400Z-12686-40-inspect st=ok op=inspect label=kxl-ms8-20260912T131400Z-12686-b1.txt id={675fe026-b98f-409e-b328-2ba763ffb27c} activities=9891420e-a55c-47d7-9e4b-7e94d54a6b53 desktops=eb859906-5dd5-4314-92bc-4f3cc1582e4f allDesktops=false geometry=1248x1050+0+0
KXLMS8CTRL 20260912T131400Z-12686-41-place-b st=ok op=place-b label=kxl-ms8-20260912T131400Z-12686-b1.txt id={675fe026-b98f-409e-b328-2ba763ffb27c} activities=9891420e-a55c-47d7-9e4b-7e94d54a6b53 desktops=eb859906-5dd5-4314-92bc-4f3cc1582e4f allDesktops=false geometry=1248x1050+0+0
KXLMS8CTRL 20260912T131400Z-12686-42-inspect st=error op=inspect label=kxl-ms8-20260912T131400Z-12686-b2.txt count=0
KXLMS8CTRL 20260912T131400Z-12686-43-inspect st=error op=inspect label=kxl-ms8-20260912T131400Z-12686-b2.txt count=0
KXLMS8CTRL 20260912T131400Z-12686-44-inspect st=error op=inspect label=kxl-ms8-20260912T131400Z-12686-b2.txt count=0
KXLMS8CTRL 20260912T131400Z-12686-45-inspect st=ok op=inspect label=kxl-ms8-20260912T131400Z-12686-b2.txt id={0e4b497e-852f-428e-9e52-bcd90401c257} activities=9891420e-a55c-47d7-9e4b-7e94d54a6b53 desktops=eb859906-5dd5-4314-92bc-4f3cc1582e4f allDesktops=false geometry=1248x1050+0+0
KXLMS8CTRL 20260912T131400Z-12686-46-inspect st=ok op=inspect label=kxl-ms8-20260912T131400Z-12686-b2.txt id={0e4b497e-852f-428e-9e52-bcd90401c257} activities=9891420e-a55c-47d7-9e4b-7e94d54a6b53 desktops=eb859906-5dd5-4314-92bc-4f3cc1582e4f allDesktops=false geometry=1248x1050+0+0
KXLMS8CTRL 20260912T131400Z-12686-47-place-b st=ok op=place-b label=kxl-ms8-20260912T131400Z-12686-b2.txt id={0e4b497e-852f-428e-9e52-bcd90401c257} activities=9891420e-a55c-47d7-9e4b-7e94d54a6b53 desktops=eb859906-5dd5-4314-92bc-4f3cc1582e4f allDesktops=false geometry=1248x1050+0+0
KXLMS8CTRL 20260912T131400Z-12686-48-activate st=ok op=activate label=kxl-ms8-20260912T131400Z-12686-b2.txt id={0e4b497e-852f-428e-9e52-bcd90401c257} activities=9891420e-a55c-47d7-9e4b-7e94d54a6b53 desktops=eb859906-5dd5-4314-92bc-4f3cc1582e4f allDesktops=false geometry=1248x1050+0+0
KXLMS8CTRL 20260912T131400Z-12686-49-sticky st=ok op=sticky label=kxl-ms8-20260912T131400Z-12686-g2.txt id={6b665812-3f32-4104-ae61-84ce97c48ce6} activities=88c0ac20-c3c9-40dd-8540-c9d99266ea76 desktops= allDesktops=true geometry=960x525+0+525
KXLMS8CTRL 20260912T131400Z-12686-50-inspect st=ok op=inspect label=kxl-ms8-20260912T131400Z-12686-g1.txt id={8ddc53fd-7ce8-4b5f-8235-a1c4ecb90233} activities=88c0ac20-c3c9-40dd-8540-c9d99266ea76,9891420e-a55c-47d7-9e4b-7e94d54a6b53 desktops=eb859906-5dd5-4314-92bc-4f3cc1582e4f allDesktops=false geometry=960x350+960+700
KXLMS8CTRL 20260912T131400Z-12686-51-inspect st=ok op=inspect label=kxl-ms8-20260912T131400Z-12686-g2.txt id={6b665812-3f32-4104-ae61-84ce97c48ce6} activities=88c0ac20-c3c9-40dd-8540-c9d99266ea76 desktops= allDesktops=true geometry=960x525+0+525
KXLMS8CTRL 20260912T131400Z-12686-52-close st=ok op=close label=kxl-ms8-20260912T131400Z-12686-g4.txt
KXLMS8CTRL 20260912T131400Z-12686-53-close st=ok op=close label=kxl-ms8-20260912T131400Z-12686-g5.txt
KXLMS8CTRL 20260912T131400Z-12686-54-activate st=ok op=activate label=kxl-ms8-20260912T131400Z-12686-g1.txt id={8ddc53fd-7ce8-4b5f-8235-a1c4ecb90233} activities=88c0ac20-c3c9-40dd-8540-c9d99266ea76,9891420e-a55c-47d7-9e4b-7e94d54a6b53 desktops=eb859906-5dd5-4314-92bc-4f3cc1582e4f allDesktops=false geometry=665x515+1247+527
KXLMS8CTRL 20260912T131400Z-12686-55-sticky st=ok op=sticky label=kxl-ms8-20260912T131400Z-12686-g1.txt id={8ddc53fd-7ce8-4b5f-8235-a1c4ecb90233} activities=88c0ac20-c3c9-40dd-8540-c9d99266ea76,9891420e-a55c-47d7-9e4b-7e94d54a6b53 desktops= allDesktops=true geometry=950x515+962+527
KXLMS8CTRL 20260912T131400Z-12686-56-activate st=ok op=activate label=kxl-ms8-20260912T131400Z-12686-g2.txt id={6b665812-3f32-4104-ae61-84ce97c48ce6} activities=88c0ac20-c3c9-40dd-8540-c9d99266ea76 desktops= allDesktops=true geometry=1235x1034+8+8
KXLMS8CTRL 20260912T131400Z-12686-57-activate st=ok op=activate label=kxl-ms8-20260912T131400Z-12686-b1.txt id={675fe026-b98f-409e-b328-2ba763ffb27c} activities=9891420e-a55c-47d7-9e4b-7e94d54a6b53 desktops=eb859906-5dd5-4314-92bc-4f3cc1582e4f allDesktops=false geometry=665x515+1247+8
KXLMS8CTRL 20260912T131400Z-12686-58-activate st=ok op=activate label=kxl-ms8-20260912T131400Z-12686-g1.txt id={8ddc53fd-7ce8-4b5f-8235-a1c4ecb90233} activities=88c0ac20-c3c9-40dd-8540-c9d99266ea76,9891420e-a55c-47d7-9e4b-7e94d54a6b53 desktops= allDesktops=true geometry=1904x1034+8+8
KXLMS8CTRL 20260912T131400Z-12686-59-close st=ok op=close label=kxl-ms8-20260912T131400Z-12686-b1.txt
KXLMS8CTRL 20260912T131400Z-12686-60-close st=ok op=close label=kxl-ms8-20260912T131400Z-12686-b2.txt
KXLMS8CTRL 20260912T131400Z-12686-61-close-all st=ok op=close-all count=3
KXLMS8CTRL 20260912T131400Z-12686-62-count-all st=ok op=count-all count=0
