2026-09-12T12:09:35+02:00 HAL9000 kxl-abnahme[8274]: == Fall 27b Anfang ==
2026-09-12T12:09:35+02:00 HAL9000 kwin_wayland[3254]: kwin-xmonad-lite: extern {36d65b88-4f0f-41b7-b787-d35bf2e896be}
2026-09-12T12:09:35+02:00 HAL9000 kwin_wayland[3254]: kwin-xmonad-lite: extern {eaa20b7a-b463-4058-9c8b-1956f3b68db3}
2026-09-12T12:09:35+02:00 HAL9000 kwin_wayland[3254]: kwin-xmonad-lite: extern {40655bec-beca-427f-91c3-dd69d3ebfb1c}
2026-09-12T12:09:35+02:00 HAL9000 kwin_wayland[3254]: kwin-xmonad-lite: arrange #60 grund=closed,windowRemoved,geometrieExtern,fensterzustand,screenGeometry,screensChanged surfaces=1 mitglieder=6 teilnehmer=6
2026-09-12T12:09:35+02:00 HAL9000 kwin_wayland[3254]: kwin-xmonad-lite: surface a89f5ec2-ab8e-4108-8088-7118500a3aab|89539ae6-e06b-4c76-a057-95df959578a9|DP-3 layout=tall n=6 ratio=0.55 fläche=1920x1050+0+0
2026-09-12T12:09:35+02:00 HAL9000 kwin_wayland[3254]: kwin-xmonad-lite: diagnose a89f5ec2-ab8e-4108-8088-7118500a3aab|89539ae6-e06b-4c76-a057-95df959578a9|DP-3 order={40655bec-beca-427f-91c3-dd69d3ebfb1c},{eaa20b7a-b463-4058-9c8b-1956f3b68db3},{36d65b88-4f0f-41b7-b787-d35bf2e896be},{61bf689b-2be6-4d6c-a26e-9fbc2d8049f6},{985f4025-239f-4476-bac9-fb20ef04f779},{00c4c9f1-166b-46da-94f9-bec977b8d871} teilnehmer={40655bec-beca-427f-91c3-dd69d3ebfb1c},{eaa20b7a-b463-4058-9c8b-1956f3b68db3},{36d65b88-4f0f-41b7-b787-d35bf2e896be},{61bf689b-2be6-4d6c-a26e-9fbc2d8049f6},{985f4025-239f-4476-bac9-fb20ef04f779},{00c4c9f1-166b-46da-94f9-bec977b8d871} float=
2026-09-12T12:09:35+02:00 HAL9000 kwin_wayland[3254]: kwin-xmonad-lite: apply {40655bec-beca-427f-91c3-dd69d3ebfb1c} soll=1056x1050+0+0
2026-09-12T12:09:35+02:00 HAL9000 kwin_wayland[3254]: kwin-xmonad-lite: apply {eaa20b7a-b463-4058-9c8b-1956f3b68db3} soll=864x210+1056+0
2026-09-12T12:09:35+02:00 HAL9000 kwin_wayland[3254]: kwin-xmonad-lite: apply {36d65b88-4f0f-41b7-b787-d35bf2e896be} soll=864x210+1056+210
2026-09-12T12:09:35+02:00 HAL9000 kwin_wayland[3254]: kwin-xmonad-lite: apply {61bf689b-2be6-4d6c-a26e-9fbc2d8049f6} soll=864x210+1056+420
2026-09-12T12:09:35+02:00 HAL9000 kwin_wayland[3254]: kwin-xmonad-lite: apply {985f4025-239f-4476-bac9-fb20ef04f779} soll=864x210+1056+630
2026-09-12T12:09:35+02:00 HAL9000 kwin_wayland[3254]: kwin-xmonad-lite: apply {00c4c9f1-166b-46da-94f9-bec977b8d871} soll=864x210+1056+840
2026-09-12T12:09:36+02:00 HAL9000 kwin_wayland[3254]: kwin-xmonad-lite: nachbessern {40655bec-beca-427f-91c3-dd69d3ebfb1c} versuch=1 ist=832x720+0+330 soll=1056x1050+0+0
2026-09-12T12:09:36+02:00 HAL9000 kwin_wayland[3254]: kwin-xmonad-lite: nachbessern {eaa20b7a-b463-4058-9c8b-1956f3b68db3} versuch=1 ist=448x360+1472+0 soll=864x210+1056+0
2026-09-12T12:09:36+02:00 HAL9000 kwin_wayland[3254]: kwin-xmonad-lite: nachbessern {36d65b88-4f0f-41b7-b787-d35bf2e896be} versuch=1 ist=448x360+1472+690 soll=864x210+1056+210
2026-09-12T12:09:36+02:00 HAL9000 kwin_wayland[3254]: kwin-xmonad-lite: nachbessern {61bf689b-2be6-4d6c-a26e-9fbc2d8049f6} versuch=1 ist=1056x1050+0+0 soll=864x210+1056+420
2026-09-12T12:09:36+02:00 HAL9000 kwin_wayland[3254]: kwin-xmonad-lite: nachbessern {985f4025-239f-4476-bac9-fb20ef04f779} versuch=1 ist=864x525+1056+0 soll=864x210+1056+630
2026-09-12T12:09:36+02:00 HAL9000 kwin_wayland[3254]: kwin-xmonad-lite: nachbessern {00c4c9f1-166b-46da-94f9-bec977b8d871} versuch=1 ist=864x525+1056+525 soll=864x210+1056+840
2026-09-12T12:09:36+02:00 HAL9000 kwin_wayland[3254]: kwin-xmonad-lite: arrange #61 grund=nachlauf500:screenGeometry+screensChanged surfaces=1 mitglieder=6 teilnehmer=6
2026-09-12T12:09:36+02:00 HAL9000 kwin_wayland[3254]: kwin-xmonad-lite: surface a89f5ec2-ab8e-4108-8088-7118500a3aab|89539ae6-e06b-4c76-a057-95df959578a9|DP-3 layout=tall n=6 ratio=0.55 fläche=1920x1050+0+0
2026-09-12T12:09:36+02:00 HAL9000 kwin_wayland[3254]: kwin-xmonad-lite: diagnose a89f5ec2-ab8e-4108-8088-7118500a3aab|89539ae6-e06b-4c76-a057-95df959578a9|DP-3 order={40655bec-beca-427f-91c3-dd69d3ebfb1c},{eaa20b7a-b463-4058-9c8b-1956f3b68db3},{36d65b88-4f0f-41b7-b787-d35bf2e896be},{61bf689b-2be6-4d6c-a26e-9fbc2d8049f6},{985f4025-239f-4476-bac9-fb20ef04f779},{00c4c9f1-166b-46da-94f9-bec977b8d871} teilnehmer={40655bec-beca-427f-91c3-dd69d3ebfb1c},{eaa20b7a-b463-4058-9c8b-1956f3b68db3},{36d65b88-4f0f-41b7-b787-d35bf2e896be},{61bf689b-2be6-4d6c-a26e-9fbc2d8049f6},{985f4025-239f-4476-bac9-fb20ef04f779},{00c4c9f1-166b-46da-94f9-bec977b8d871} float=
2026-09-12T12:09:37+02:00 HAL9000 kwin_wayland[3254]: kwin-xmonad-lite: arrange #62 grund=nachlauf1500:screenGeometry+screensChanged surfaces=1 mitglieder=6 teilnehmer=6
2026-09-12T12:09:37+02:00 HAL9000 kwin_wayland[3254]: kwin-xmonad-lite: surface a89f5ec2-ab8e-4108-8088-7118500a3aab|89539ae6-e06b-4c76-a057-95df959578a9|DP-3 layout=tall n=6 ratio=0.55 fläche=1920x1050+0+0
2026-09-12T12:09:37+02:00 HAL9000 kwin_wayland[3254]: kwin-xmonad-lite: diagnose a89f5ec2-ab8e-4108-8088-7118500a3aab|89539ae6-e06b-4c76-a057-95df959578a9|DP-3 order={40655bec-beca-427f-91c3-dd69d3ebfb1c},{eaa20b7a-b463-4058-9c8b-1956f3b68db3},{36d65b88-4f0f-41b7-b787-d35bf2e896be},{61bf689b-2be6-4d6c-a26e-9fbc2d8049f6},{985f4025-239f-4476-bac9-fb20ef04f779},{00c4c9f1-166b-46da-94f9-bec977b8d871} teilnehmer={40655bec-beca-427f-91c3-dd69d3ebfb1c},{eaa20b7a-b463-4058-9c8b-1956f3b68db3},{36d65b88-4f0f-41b7-b787-d35bf2e896be},{61bf689b-2be6-4d6c-a26e-9fbc2d8049f6},{985f4025-239f-4476-bac9-fb20ef04f779},{00c4c9f1-166b-46da-94f9-bec977b8d871} float=
2026-09-12T12:09:48+02:00 HAL9000 kwin_wayland[3254]: kwin-xmonad-lite: arrange #63 grund=moveResizeFinished surfaces=1 mitglieder=6 teilnehmer=6
2026-09-12T12:09:48+02:00 HAL9000 kwin_wayland[3254]: kwin-xmonad-lite: surface a89f5ec2-ab8e-4108-8088-7118500a3aab|89539ae6-e06b-4c76-a057-95df959578a9|DP-3 layout=tall n=6 ratio=0.55 fläche=1920x1050+0+0
2026-09-12T12:09:48+02:00 HAL9000 kwin_wayland[3254]: kwin-xmonad-lite: diagnose a89f5ec2-ab8e-4108-8088-7118500a3aab|89539ae6-e06b-4c76-a057-95df959578a9|DP-3 order={40655bec-beca-427f-91c3-dd69d3ebfb1c},{eaa20b7a-b463-4058-9c8b-1956f3b68db3},{36d65b88-4f0f-41b7-b787-d35bf2e896be},{61bf689b-2be6-4d6c-a26e-9fbc2d8049f6},{985f4025-239f-4476-bac9-fb20ef04f779},{00c4c9f1-166b-46da-94f9-bec977b8d871} teilnehmer={40655bec-beca-427f-91c3-dd69d3ebfb1c},{eaa20b7a-b463-4058-9c8b-1956f3b68db3},{36d65b88-4f0f-41b7-b787-d35bf2e896be},{61bf689b-2be6-4d6c-a26e-9fbc2d8049f6},{985f4025-239f-4476-bac9-fb20ef04f779},{00c4c9f1-166b-46da-94f9-bec977b8d871} float=
2026-09-12T12:09:48+02:00 HAL9000 kwin_wayland[3254]: kwin-xmonad-lite: apply {61bf689b-2be6-4d6c-a26e-9fbc2d8049f6} soll=864x210+1056+420
2026-09-12T12:10:19+02:00 HAL9000 kwin_wayland[3254]: kwin-xmonad-lite: arrange #64 grund=windowAdded surfaces=1 mitglieder=6 teilnehmer=6
2026-09-12T12:10:19+02:00 HAL9000 kwin_wayland[3254]: kwin-xmonad-lite: surface a89f5ec2-ab8e-4108-8088-7118500a3aab|89539ae6-e06b-4c76-a057-95df959578a9|DP-3 layout=tall n=6 ratio=0.55 fläche=1920x1050+0+0
2026-09-12T12:10:19+02:00 HAL9000 kwin_wayland[3254]: kwin-xmonad-lite: diagnose a89f5ec2-ab8e-4108-8088-7118500a3aab|89539ae6-e06b-4c76-a057-95df959578a9|DP-3 order={40655bec-beca-427f-91c3-dd69d3ebfb1c},{eaa20b7a-b463-4058-9c8b-1956f3b68db3},{36d65b88-4f0f-41b7-b787-d35bf2e896be},{61bf689b-2be6-4d6c-a26e-9fbc2d8049f6},{985f4025-239f-4476-bac9-fb20ef04f779},{00c4c9f1-166b-46da-94f9-bec977b8d871} teilnehmer={40655bec-beca-427f-91c3-dd69d3ebfb1c},{eaa20b7a-b463-4058-9c8b-1956f3b68db3},{36d65b88-4f0f-41b7-b787-d35bf2e896be},{61bf689b-2be6-4d6c-a26e-9fbc2d8049f6},{985f4025-239f-4476-bac9-fb20ef04f779},{00c4c9f1-166b-46da-94f9-bec977b8d871} float=
2026-09-12T12:10:24+02:00 HAL9000 kwin_wayland[3254]: kwin-xmonad-lite: arrange #65 grund=closed,windowRemoved surfaces=1 mitglieder=6 teilnehmer=6
2026-09-12T12:10:24+02:00 HAL9000 kwin_wayland[3254]: kwin-xmonad-lite: surface a89f5ec2-ab8e-4108-8088-7118500a3aab|89539ae6-e06b-4c76-a057-95df959578a9|DP-3 layout=tall n=6 ratio=0.55 fläche=1920x1050+0+0
2026-09-12T12:10:24+02:00 HAL9000 kwin_wayland[3254]: kwin-xmonad-lite: diagnose a89f5ec2-ab8e-4108-8088-7118500a3aab|89539ae6-e06b-4c76-a057-95df959578a9|DP-3 order={40655bec-beca-427f-91c3-dd69d3ebfb1c},{eaa20b7a-b463-4058-9c8b-1956f3b68db3},{36d65b88-4f0f-41b7-b787-d35bf2e896be},{61bf689b-2be6-4d6c-a26e-9fbc2d8049f6},{985f4025-239f-4476-bac9-fb20ef04f779},{00c4c9f1-166b-46da-94f9-bec977b8d871} teilnehmer={40655bec-beca-427f-91c3-dd69d3ebfb1c},{eaa20b7a-b463-4058-9c8b-1956f3b68db3},{36d65b88-4f0f-41b7-b787-d35bf2e896be},{61bf689b-2be6-4d6c-a26e-9fbc2d8049f6},{985f4025-239f-4476-bac9-fb20ef04f779},{00c4c9f1-166b-46da-94f9-bec977b8d871} float=
2026-09-12T12:10:46+02:00 HAL9000 kwin_wayland[3254]: kwin-xmonad-lite: arrange #66 grund=windowActivated,desktopChanged surfaces=1 mitglieder=0 teilnehmer=0
2026-09-12T12:11:27+02:00 HAL9000 kwin_wayland[3254]: kwin-xmonad-lite: befehl swapPrev surface=a89f5ec2-ab8e-4108-8088-7118500a3aab|30c27d93-fa7d-452a-ad6a-53201edcdca1|DP-3 via=ausgabe master=- unverändert
2026-09-12T12:12:20+02:00 HAL9000 kwin_wayland[3254]: kwin-xmonad-lite: befehl focusNext surface=a89f5ec2-ab8e-4108-8088-7118500a3aab|30c27d93-fa7d-452a-ad6a-53201edcdca1|DP-3 via=ausgabe ohne Fokusziel unverändert
2026-09-12T12:14:26+02:00 HAL9000 kwin_wayland[3254]: kwin-xmonad-lite: befehl focusPrev surface=a89f5ec2-ab8e-4108-8088-7118500a3aab|30c27d93-fa7d-452a-ad6a-53201edcdca1|DP-3 via=ausgabe ohne Fokusziel unverändert
2026-09-12T12:15:13+02:00 HAL9000 kwin_wayland[3254]: kwin-xmonad-lite: arrange #67 grund=screenGeometry,screensChanged surfaces=2 mitglieder=0 teilnehmer=0
2026-09-12T12:15:14+02:00 HAL9000 kwin_wayland[3254]: kwin-xmonad-lite: arrange #68 grund=fensterzustand surfaces=2 mitglieder=0 teilnehmer=0
2026-09-12T12:15:14+02:00 HAL9000 kwin_wayland[3254]: kwin-xmonad-lite: arrange #69 grund=nachlauf500:screenGeometry+screensChanged surfaces=2 mitglieder=0 teilnehmer=0
2026-09-12T12:15:14+02:00 HAL9000 kwin_wayland[3254]: kwin-xmonad-lite: arrange #70 grund=windowAdded surfaces=2 mitglieder=0 teilnehmer=0
2026-09-12T12:15:15+02:00 HAL9000 kwin_wayland[3254]: kwin-xmonad-lite: arrange #71 grund=nachlauf1500:screenGeometry+screensChanged surfaces=2 mitglieder=0 teilnehmer=0
2026-09-12T12:15:46+02:00 HAL9000 kwin_wayland[3254]: kwin-xmonad-lite: arrange #72 grund=closed,windowRemoved,fensterzustand,screenGeometry,screensChanged surfaces=1 mitglieder=0 teilnehmer=0
2026-09-12T12:15:46+02:00 HAL9000 kwin_wayland[3254]: kwin-xmonad-lite: arrange #73 grund=nachlauf500:screenGeometry+screensChanged surfaces=1 mitglieder=0 teilnehmer=0
2026-09-12T12:15:47+02:00 HAL9000 kwin_wayland[3254]: kwin-xmonad-lite: arrange #74 grund=nachlauf1500:screenGeometry+screensChanged surfaces=1 mitglieder=0 teilnehmer=0
2026-09-12T12:16:42+02:00 HAL9000 kwin_wayland[3254]: kwin-xmonad-lite: dockGeometrie {ec21bef1-b673-49b3-8924-0a25eed97369}
2026-09-12T12:16:42+02:00 HAL9000 kwin_wayland[3254]: kwin-xmonad-lite: arrange #75 grund=dockGeometrie surfaces=1 mitglieder=0 teilnehmer=0
2026-09-12T12:16:42+02:00 HAL9000 kwin_wayland[3254]: kwin-xmonad-lite: dockGeometrie {ec21bef1-b673-49b3-8924-0a25eed97369}
2026-09-12T12:16:42+02:00 HAL9000 kwin_wayland[3254]: kwin-xmonad-lite: arrange #76 grund=dockGeometrie surfaces=1 mitglieder=0 teilnehmer=0
2026-09-12T12:16:42+02:00 HAL9000 kwin_wayland[3254]: kwin-xmonad-lite: arrange #77 grund=nachlauf500:dockGeometrie surfaces=1 mitglieder=0 teilnehmer=0
2026-09-12T12:16:43+02:00 HAL9000 kwin_wayland[3254]: kwin-xmonad-lite: arrange #78 grund=nachlauf1500:dockGeometrie surfaces=1 mitglieder=0 teilnehmer=0
2026-09-12T12:17:37+02:00 HAL9000 kwin_wayland[3254]: kwin-xmonad-lite: befehl swapNext surface=a89f5ec2-ab8e-4108-8088-7118500a3aab|30c27d93-fa7d-452a-ad6a-53201edcdca1|DP-3 via=ausgabe master=- unverändert
2026-09-12T12:18:13+02:00 HAL9000 kwin_wayland[3254]: kwin-xmonad-lite: dockGeometrie {ec21bef1-b673-49b3-8924-0a25eed97369}
2026-09-12T12:18:13+02:00 HAL9000 kwin_wayland[3254]: kwin-xmonad-lite: arrange #79 grund=dockGeometrie surfaces=1 mitglieder=0 teilnehmer=0
2026-09-12T12:18:13+02:00 HAL9000 kwin_wayland[3254]: kwin-xmonad-lite: dockGeometrie {ec21bef1-b673-49b3-8924-0a25eed97369}
2026-09-12T12:18:13+02:00 HAL9000 kwin_wayland[3254]: kwin-xmonad-lite: arrange #80 grund=dockGeometrie surfaces=1 mitglieder=0 teilnehmer=0
2026-09-12T12:18:13+02:00 HAL9000 kwin_wayland[3254]: kwin-xmonad-lite: arrange #81 grund=nachlauf500:dockGeometrie surfaces=1 mitglieder=0 teilnehmer=0
2026-09-12T12:18:14+02:00 HAL9000 kwin_wayland[3254]: kwin-xmonad-lite: arrange #82 grund=nachlauf1500:dockGeometrie surfaces=1 mitglieder=0 teilnehmer=0
2026-09-12T12:19:03+02:00 HAL9000 kwin_wayland[3254]: kwin-xmonad-lite: befehl resetLayout surface=a89f5ec2-ab8e-4108-8088-7118500a3aab|30c27d93-fa7d-452a-ad6a-53201edcdca1|DP-3 via=ausgabe layout=tall unverändert
2026-09-12T12:19:35+02:00 HAL9000 kwin_wayland[3254]: kwin-xmonad-lite: befehl expand surface=a89f5ec2-ab8e-4108-8088-7118500a3aab|30c27d93-fa7d-452a-ad6a-53201edcdca1|DP-3 via=ausgabe ratio=0.7
2026-09-12T12:19:35+02:00 HAL9000 kwin_wayland[3254]: kwin-xmonad-lite: arrange #83 grund=shortcut:expand surfaces=1 mitglieder=0 teilnehmer=0
2026-09-12T12:20:17+02:00 HAL9000 kwin_wayland[3254]: kwin-xmonad-lite: befehl shrink surface=a89f5ec2-ab8e-4108-8088-7118500a3aab|30c27d93-fa7d-452a-ad6a-53201edcdca1|DP-3 via=ausgabe ratio=0.65
2026-09-12T12:20:17+02:00 HAL9000 kwin_wayland[3254]: kwin-xmonad-lite: arrange #84 grund=shortcut:shrink surfaces=1 mitglieder=0 teilnehmer=0
2026-09-12T12:20:29+02:00 HAL9000 kwin_wayland[3254]: kwin-xmonad-lite: arrange #85 grund=windowAdded surfaces=1 mitglieder=0 teilnehmer=0
2026-09-12T12:20:33+02:00 HAL9000 kwin_wayland[3254]: kwin-xmonad-lite: arrange #86 grund=windowActivated,windowAdded surfaces=1 mitglieder=0 teilnehmer=0
2026-09-12T12:20:33+02:00 HAL9000 kwin_wayland[3254]: kwin-xmonad-lite: arrange #87 grund=closed,windowRemoved surfaces=1 mitglieder=0 teilnehmer=0
2026-09-12T12:20:44+02:00 HAL9000 kwin_wayland[3254]: kwin-xmonad-lite: arrange #88 grund=closed,windowActivated,windowRemoved surfaces=1 mitglieder=0 teilnehmer=0
2026-09-12T12:20:46+02:00 HAL9000 kwin_wayland[3254]: kwin-xmonad-lite: arrange #89 grund=windowActivated,windowAdded surfaces=1 mitglieder=0 teilnehmer=0
2026-09-12T12:20:46+02:00 HAL9000 kwin_wayland[3254]: kwin-xmonad-lite: arrange #90 grund=windowAdded surfaces=1 mitglieder=0 teilnehmer=0
2026-09-12T12:20:47+02:00 HAL9000 kwin_wayland[3254]: kwin-xmonad-lite: arrange #91 grund=closed,windowRemoved surfaces=1 mitglieder=0 teilnehmer=0
2026-09-12T12:20:49+02:00 HAL9000 kwin_wayland[3254]: kwin-xmonad-lite: arrange #92 grund=windowAdded surfaces=1 mitglieder=0 teilnehmer=0
2026-09-12T12:20:50+02:00 HAL9000 kwin_wayland[3254]: kwin-xmonad-lite: arrange #93 grund=closed,windowRemoved surfaces=1 mitglieder=0 teilnehmer=0
2026-09-12T12:20:58+02:00 HAL9000 kwin_wayland[3254]: kwin-xmonad-lite: arrange #94 grund=windowAdded surfaces=1 mitglieder=0 teilnehmer=0
2026-09-12T12:20:59+02:00 HAL9000 kwin_wayland[3254]: kwin-xmonad-lite: arrange #95 grund=closed,windowRemoved surfaces=1 mitglieder=0 teilnehmer=0
2026-09-12T12:21:06+02:00 HAL9000 kwin_wayland[3254]: kwin-xmonad-lite: arrange #96 grund=closed,windowActivated,windowRemoved surfaces=1 mitglieder=0 teilnehmer=0
2026-09-12T12:21:09+02:00 HAL9000 kwin_wayland[3254]: kwin-xmonad-lite: arrange #97 grund=windowAdded surfaces=1 mitglieder=0 teilnehmer=0
2026-09-12T12:21:10+02:00 HAL9000 kwin_wayland[3254]: kwin-xmonad-lite: arrange #98 grund=closed,windowRemoved,windowAdded surfaces=1 mitglieder=0 teilnehmer=0
2026-09-12T12:21:13+02:00 HAL9000 kwin_wayland[3254]: kwin-xmonad-lite: arrange #99 grund=closed,windowRemoved surfaces=1 mitglieder=0 teilnehmer=0
2026-09-12T12:21:14+02:00 HAL9000 kwin_wayland[3254]: kwin-xmonad-lite: arrange #100 grund=windowActivated,windowAdded surfaces=1 mitglieder=1 teilnehmer=0
2026-09-12T12:21:14+02:00 HAL9000 kwin_wayland[3254]: kwin-xmonad-lite: surface a89f5ec2-ab8e-4108-8088-7118500a3aab|30c27d93-fa7d-452a-ad6a-53201edcdca1|DP-3 layout=tall n=0 ratio=0.65 fläche=1920x1050+0+0
2026-09-12T12:21:14+02:00 HAL9000 kwin_wayland[3254]: kwin-xmonad-lite: diagnose a89f5ec2-ab8e-4108-8088-7118500a3aab|30c27d93-fa7d-452a-ad6a-53201edcdca1|DP-3 order={d40d93ce-1d01-429e-8073-99da651430d2} teilnehmer= float=
2026-09-12T12:21:17+02:00 HAL9000 kwin_wayland[3254]: kwin-xmonad-lite: arrange #101 grund=windowActivated,windowAdded surfaces=1 mitglieder=1 teilnehmer=0
2026-09-12T12:21:17+02:00 HAL9000 kwin_wayland[3254]: kwin-xmonad-lite: surface a89f5ec2-ab8e-4108-8088-7118500a3aab|30c27d93-fa7d-452a-ad6a-53201edcdca1|DP-3 layout=tall n=0 ratio=0.65 fläche=1920x1050+0+0
2026-09-12T12:21:17+02:00 HAL9000 kwin_wayland[3254]: kwin-xmonad-lite: diagnose a89f5ec2-ab8e-4108-8088-7118500a3aab|30c27d93-fa7d-452a-ad6a-53201edcdca1|DP-3 order={d40d93ce-1d01-429e-8073-99da651430d2} teilnehmer= float=
2026-09-12T12:21:18+02:00 HAL9000 kwin_wayland[3254]: kwin-xmonad-lite: arrange #102 grund=closed,windowActivated,windowRemoved surfaces=1 mitglieder=1 teilnehmer=0
2026-09-12T12:21:18+02:00 HAL9000 kwin_wayland[3254]: kwin-xmonad-lite: surface a89f5ec2-ab8e-4108-8088-7118500a3aab|30c27d93-fa7d-452a-ad6a-53201edcdca1|DP-3 layout=tall n=0 ratio=0.65 fläche=1920x1050+0+0
2026-09-12T12:21:18+02:00 HAL9000 kwin_wayland[3254]: kwin-xmonad-lite: diagnose a89f5ec2-ab8e-4108-8088-7118500a3aab|30c27d93-fa7d-452a-ad6a-53201edcdca1|DP-3 order={d40d93ce-1d01-429e-8073-99da651430d2} teilnehmer= float=
2026-09-12T12:21:20+02:00 HAL9000 kwin_wayland[3254]: kwin-xmonad-lite: gc #103 fenster=1 surfaces=0
2026-09-12T12:21:20+02:00 HAL9000 kwin_wayland[3254]: kwin-xmonad-lite: arrange #103 grund=closed,windowActivated,windowRemoved surfaces=1 mitglieder=0 teilnehmer=0
2026-09-12T12:21:33+02:00 HAL9000 kwin_wayland[3254]: kwin-xmonad-lite: befehl focusMaster surface=a89f5ec2-ab8e-4108-8088-7118500a3aab|30c27d93-fa7d-452a-ad6a-53201edcdca1|DP-3 via=ausgabe ohne Fokusziel unverändert
2026-09-12T12:22:06+02:00 HAL9000 kwin_wayland[3254]: kwin-xmonad-lite: befehl promote surface=a89f5ec2-ab8e-4108-8088-7118500a3aab|30c27d93-fa7d-452a-ad6a-53201edcdca1|DP-3 via=ausgabe master=- unverändert
2026-09-12T12:22:26+02:00 HAL9000 kwin_wayland[3254]: kwin-xmonad-lite: befehl toggleFloat surface=a89f5ec2-ab8e-4108-8088-7118500a3aab|30c27d93-fa7d-452a-ad6a-53201edcdca1|DP-3 via=ausgabe fenster={f403026b-f5d1-4d06-9dc6-e27caeb600ad} → keinMitglied
2026-09-12T12:23:26+02:00 HAL9000 kwin_wayland[3254]: kwin-xmonad-lite: befehl focusNext surface=a89f5ec2-ab8e-4108-8088-7118500a3aab|30c27d93-fa7d-452a-ad6a-53201edcdca1|DP-3 via=ausgabe ohne Fokusziel unverändert
2026-09-12T12:23:41+02:00 HAL9000 kwin_wayland[3254]: kwin-xmonad-lite: arrange #104 grund=windowActivated,windowAdded surfaces=1 mitglieder=1 teilnehmer=1
2026-09-12T12:23:41+02:00 HAL9000 kwin_wayland[3254]: kwin-xmonad-lite: surface a89f5ec2-ab8e-4108-8088-7118500a3aab|30c27d93-fa7d-452a-ad6a-53201edcdca1|DP-3 layout=tall n=1 ratio=0.65 fläche=1920x1050+0+0
2026-09-12T12:23:41+02:00 HAL9000 kwin_wayland[3254]: kwin-xmonad-lite: diagnose a89f5ec2-ab8e-4108-8088-7118500a3aab|30c27d93-fa7d-452a-ad6a-53201edcdca1|DP-3 order={1903e9f0-10cb-48c1-b480-115935764657} teilnehmer={1903e9f0-10cb-48c1-b480-115935764657} float=
2026-09-12T12:23:41+02:00 HAL9000 kwin_wayland[3254]: kwin-xmonad-lite: apply {1903e9f0-10cb-48c1-b480-115935764657} soll=1920x1050+0+0
2026-09-12T12:24:48+02:00 HAL9000 kwin_wayland[3254]: kwin-xmonad-lite: dockGeometrie {ec21bef1-b673-49b3-8924-0a25eed97369}
2026-09-12T12:24:48+02:00 HAL9000 kwin_wayland[3254]: kwin-xmonad-lite: arrange #105 grund=dockGeometrie surfaces=1 mitglieder=1 teilnehmer=1
2026-09-12T12:24:48+02:00 HAL9000 kwin_wayland[3254]: kwin-xmonad-lite: surface a89f5ec2-ab8e-4108-8088-7118500a3aab|30c27d93-fa7d-452a-ad6a-53201edcdca1|DP-3 layout=tall n=1 ratio=0.65 fläche=1920x1050+0+0
2026-09-12T12:24:48+02:00 HAL9000 kwin_wayland[3254]: kwin-xmonad-lite: diagnose a89f5ec2-ab8e-4108-8088-7118500a3aab|30c27d93-fa7d-452a-ad6a-53201edcdca1|DP-3 order={1903e9f0-10cb-48c1-b480-115935764657} teilnehmer={1903e9f0-10cb-48c1-b480-115935764657} float=
2026-09-12T12:24:48+02:00 HAL9000 kwin_wayland[3254]: kwin-xmonad-lite: dockGeometrie {ec21bef1-b673-49b3-8924-0a25eed97369}
2026-09-12T12:24:48+02:00 HAL9000 kwin_wayland[3254]: kwin-xmonad-lite: arrange #106 grund=dockGeometrie surfaces=1 mitglieder=1 teilnehmer=1
2026-09-12T12:24:48+02:00 HAL9000 kwin_wayland[3254]: kwin-xmonad-lite: surface a89f5ec2-ab8e-4108-8088-7118500a3aab|30c27d93-fa7d-452a-ad6a-53201edcdca1|DP-3 layout=tall n=1 ratio=0.65 fläche=1920x1050+0+0
2026-09-12T12:24:48+02:00 HAL9000 kwin_wayland[3254]: kwin-xmonad-lite: diagnose a89f5ec2-ab8e-4108-8088-7118500a3aab|30c27d93-fa7d-452a-ad6a-53201edcdca1|DP-3 order={1903e9f0-10cb-48c1-b480-115935764657} teilnehmer={1903e9f0-10cb-48c1-b480-115935764657} float=
2026-09-12T12:24:48+02:00 HAL9000 kwin_wayland[3254]: kwin-xmonad-lite: extern {1903e9f0-10cb-48c1-b480-115935764657}
2026-09-12T12:24:48+02:00 HAL9000 kwin_wayland[3254]: kwin-xmonad-lite: arrange #107 grund=geometrieExtern surfaces=1 mitglieder=1 teilnehmer=1
2026-09-12T12:24:48+02:00 HAL9000 kwin_wayland[3254]: kwin-xmonad-lite: surface a89f5ec2-ab8e-4108-8088-7118500a3aab|30c27d93-fa7d-452a-ad6a-53201edcdca1|DP-3 layout=tall n=1 ratio=0.65 fläche=1920x1032+0+0
2026-09-12T12:24:48+02:00 HAL9000 kwin_wayland[3254]: kwin-xmonad-lite: diagnose a89f5ec2-ab8e-4108-8088-7118500a3aab|30c27d93-fa7d-452a-ad6a-53201edcdca1|DP-3 order={1903e9f0-10cb-48c1-b480-115935764657} teilnehmer={1903e9f0-10cb-48c1-b480-115935764657} float=
2026-09-12T12:24:49+02:00 HAL9000 kwin_wayland[3254]: kwin-xmonad-lite: arrange #108 grund=nachlauf500:dockGeometrie surfaces=1 mitglieder=1 teilnehmer=1
2026-09-12T12:24:49+02:00 HAL9000 kwin_wayland[3254]: kwin-xmonad-lite: surface a89f5ec2-ab8e-4108-8088-7118500a3aab|30c27d93-fa7d-452a-ad6a-53201edcdca1|DP-3 layout=tall n=1 ratio=0.65 fläche=1920x1032+0+0
2026-09-12T12:24:49+02:00 HAL9000 kwin_wayland[3254]: kwin-xmonad-lite: diagnose a89f5ec2-ab8e-4108-8088-7118500a3aab|30c27d93-fa7d-452a-ad6a-53201edcdca1|DP-3 order={1903e9f0-10cb-48c1-b480-115935764657} teilnehmer={1903e9f0-10cb-48c1-b480-115935764657} float=
2026-09-12T12:24:50+02:00 HAL9000 kwin_wayland[3254]: kwin-xmonad-lite: arrange #109 grund=nachlauf1500:dockGeometrie surfaces=1 mitglieder=1 teilnehmer=1
2026-09-12T12:24:50+02:00 HAL9000 kwin_wayland[3254]: kwin-xmonad-lite: surface a89f5ec2-ab8e-4108-8088-7118500a3aab|30c27d93-fa7d-452a-ad6a-53201edcdca1|DP-3 layout=tall n=1 ratio=0.65 fläche=1920x1032+0+0
2026-09-12T12:24:50+02:00 HAL9000 kwin_wayland[3254]: kwin-xmonad-lite: diagnose a89f5ec2-ab8e-4108-8088-7118500a3aab|30c27d93-fa7d-452a-ad6a-53201edcdca1|DP-3 order={1903e9f0-10cb-48c1-b480-115935764657} teilnehmer={1903e9f0-10cb-48c1-b480-115935764657} float=
2026-09-12T12:25:17+02:00 HAL9000 kwin_wayland[3254]: kwin-xmonad-lite: arrange #110 grund=moveResizeFinished surfaces=1 mitglieder=1 teilnehmer=1
2026-09-12T12:25:17+02:00 HAL9000 kwin_wayland[3254]: kwin-xmonad-lite: surface a89f5ec2-ab8e-4108-8088-7118500a3aab|30c27d93-fa7d-452a-ad6a-53201edcdca1|DP-3 layout=tall n=1 ratio=0.65 fläche=1920x1032+0+0
2026-09-12T12:25:17+02:00 HAL9000 kwin_wayland[3254]: kwin-xmonad-lite: diagnose a89f5ec2-ab8e-4108-8088-7118500a3aab|30c27d93-fa7d-452a-ad6a-53201edcdca1|DP-3 order={1903e9f0-10cb-48c1-b480-115935764657} teilnehmer={1903e9f0-10cb-48c1-b480-115935764657} float=
2026-09-12T12:25:17+02:00 HAL9000 kwin_wayland[3254]: kwin-xmonad-lite: apply {1903e9f0-10cb-48c1-b480-115935764657} soll=1920x1032+0+0
2026-09-12T12:26:00+02:00 HAL9000 kwin_wayland[3254]: kwin-xmonad-lite: befehl swapNext surface=a89f5ec2-ab8e-4108-8088-7118500a3aab|30c27d93-fa7d-452a-ad6a-53201edcdca1|DP-3 via=aktiv master={1903e9f0-10cb-48c1-b480-115935764657} unverändert
2026-09-12T12:26:01+02:00 HAL9000 kwin_wayland[3254]: kwin-xmonad-lite: arrange #111 grund=windowActivated,windowAdded surfaces=1 mitglieder=2 teilnehmer=2
2026-09-12T12:26:01+02:00 HAL9000 kwin_wayland[3254]: kwin-xmonad-lite: surface a89f5ec2-ab8e-4108-8088-7118500a3aab|30c27d93-fa7d-452a-ad6a-53201edcdca1|DP-3 layout=tall n=2 ratio=0.65 fläche=1920x1032+0+0
2026-09-12T12:26:01+02:00 HAL9000 kwin_wayland[3254]: kwin-xmonad-lite: diagnose a89f5ec2-ab8e-4108-8088-7118500a3aab|30c27d93-fa7d-452a-ad6a-53201edcdca1|DP-3 order={6a7cdc42-571a-4ac3-8b0c-0d4229362b1c},{1903e9f0-10cb-48c1-b480-115935764657} teilnehmer={6a7cdc42-571a-4ac3-8b0c-0d4229362b1c},{1903e9f0-10cb-48c1-b480-115935764657} float=
2026-09-12T12:26:01+02:00 HAL9000 kwin_wayland[3254]: kwin-xmonad-lite: apply {6a7cdc42-571a-4ac3-8b0c-0d4229362b1c} soll=1248x1032+0+0
2026-09-12T12:26:01+02:00 HAL9000 kwin_wayland[3254]: kwin-xmonad-lite: apply {1903e9f0-10cb-48c1-b480-115935764657} soll=672x1032+1248+0
2026-09-12T12:26:02+02:00 HAL9000 kwin_wayland[3254]: kwin-xmonad-lite: gc #112 fenster=1 surfaces=0
2026-09-12T12:26:02+02:00 HAL9000 kwin_wayland[3254]: kwin-xmonad-lite: arrange #112 grund=closed,windowActivated,windowRemoved surfaces=1 mitglieder=1 teilnehmer=1
2026-09-12T12:26:02+02:00 HAL9000 kwin_wayland[3254]: kwin-xmonad-lite: surface a89f5ec2-ab8e-4108-8088-7118500a3aab|30c27d93-fa7d-452a-ad6a-53201edcdca1|DP-3 layout=tall n=1 ratio=0.65 fläche=1920x1032+0+0
2026-09-12T12:26:02+02:00 HAL9000 kwin_wayland[3254]: kwin-xmonad-lite: diagnose a89f5ec2-ab8e-4108-8088-7118500a3aab|30c27d93-fa7d-452a-ad6a-53201edcdca1|DP-3 order={1903e9f0-10cb-48c1-b480-115935764657} teilnehmer={1903e9f0-10cb-48c1-b480-115935764657} float=
2026-09-12T12:26:02+02:00 HAL9000 kwin_wayland[3254]: kwin-xmonad-lite: apply {1903e9f0-10cb-48c1-b480-115935764657} soll=1920x1032+0+0
2026-09-12T12:26:03+02:00 HAL9000 kwin_wayland[3254]: kwin-xmonad-lite: arrange #113 grund=windowActivated,windowAdded surfaces=1 mitglieder=2 teilnehmer=2
2026-09-12T12:26:03+02:00 HAL9000 kwin_wayland[3254]: kwin-xmonad-lite: surface a89f5ec2-ab8e-4108-8088-7118500a3aab|30c27d93-fa7d-452a-ad6a-53201edcdca1|DP-3 layout=tall n=2 ratio=0.65 fläche=1920x1032+0+0
2026-09-12T12:26:03+02:00 HAL9000 kwin_wayland[3254]: kwin-xmonad-lite: diagnose a89f5ec2-ab8e-4108-8088-7118500a3aab|30c27d93-fa7d-452a-ad6a-53201edcdca1|DP-3 order={8e076f13-e048-4710-95d3-6bde3f18181e},{1903e9f0-10cb-48c1-b480-115935764657} teilnehmer={8e076f13-e048-4710-95d3-6bde3f18181e},{1903e9f0-10cb-48c1-b480-115935764657} float=
2026-09-12T12:26:03+02:00 HAL9000 kwin_wayland[3254]: kwin-xmonad-lite: apply {8e076f13-e048-4710-95d3-6bde3f18181e} soll=1248x1032+0+0
2026-09-12T12:26:03+02:00 HAL9000 kwin_wayland[3254]: kwin-xmonad-lite: apply {1903e9f0-10cb-48c1-b480-115935764657} soll=672x1032+1248+0
2026-09-12T12:26:03+02:00 HAL9000 kwin_wayland[3254]: kwin-xmonad-lite: gc #114 fenster=1 surfaces=0
2026-09-12T12:26:03+02:00 HAL9000 kwin_wayland[3254]: kwin-xmonad-lite: arrange #114 grund=closed,windowActivated,windowRemoved surfaces=1 mitglieder=1 teilnehmer=1
2026-09-12T12:26:03+02:00 HAL9000 kwin_wayland[3254]: kwin-xmonad-lite: surface a89f5ec2-ab8e-4108-8088-7118500a3aab|30c27d93-fa7d-452a-ad6a-53201edcdca1|DP-3 layout=tall n=1 ratio=0.65 fläche=1920x1032+0+0
2026-09-12T12:26:03+02:00 HAL9000 kwin_wayland[3254]: kwin-xmonad-lite: diagnose a89f5ec2-ab8e-4108-8088-7118500a3aab|30c27d93-fa7d-452a-ad6a-53201edcdca1|DP-3 order={1903e9f0-10cb-48c1-b480-115935764657} teilnehmer={1903e9f0-10cb-48c1-b480-115935764657} float=
2026-09-12T12:26:03+02:00 HAL9000 kwin_wayland[3254]: kwin-xmonad-lite: apply {1903e9f0-10cb-48c1-b480-115935764657} soll=1920x1032+0+0
2026-09-12T12:26:46+02:00 HAL9000 kwin_wayland[3254]: kwin-xmonad-lite: arrange #115 grund=windowAdded surfaces=1 mitglieder=2 teilnehmer=1
2026-09-12T12:26:46+02:00 HAL9000 kwin_wayland[3254]: kwin-xmonad-lite: surface a89f5ec2-ab8e-4108-8088-7118500a3aab|30c27d93-fa7d-452a-ad6a-53201edcdca1|DP-3 layout=tall n=1 ratio=0.65 fläche=1920x1032+0+0
2026-09-12T12:26:46+02:00 HAL9000 kwin_wayland[3254]: kwin-xmonad-lite: diagnose a89f5ec2-ab8e-4108-8088-7118500a3aab|30c27d93-fa7d-452a-ad6a-53201edcdca1|DP-3 order={137cc55a-1965-4cf9-92e0-c1265a2f7944},{1903e9f0-10cb-48c1-b480-115935764657} teilnehmer={1903e9f0-10cb-48c1-b480-115935764657} float=
2026-09-12T12:26:46+02:00 HAL9000 kwin_wayland[3254]: kwin-xmonad-lite: extern {1903e9f0-10cb-48c1-b480-115935764657}
2026-09-12T12:26:46+02:00 HAL9000 kwin_wayland[3254]: kwin-xmonad-lite: gc #116 fenster=1 surfaces=0
2026-09-12T12:26:46+02:00 HAL9000 kwin_wayland[3254]: kwin-xmonad-lite: arrange #116 grund=closed,windowRemoved,moveResizeFinished,geometrieExtern surfaces=1 mitglieder=1 teilnehmer=1
2026-09-12T12:26:46+02:00 HAL9000 kwin_wayland[3254]: kwin-xmonad-lite: surface a89f5ec2-ab8e-4108-8088-7118500a3aab|30c27d93-fa7d-452a-ad6a-53201edcdca1|DP-3 layout=tall n=1 ratio=0.65 fläche=1920x1032+0+0
2026-09-12T12:26:46+02:00 HAL9000 kwin_wayland[3254]: kwin-xmonad-lite: diagnose a89f5ec2-ab8e-4108-8088-7118500a3aab|30c27d93-fa7d-452a-ad6a-53201edcdca1|DP-3 order={1903e9f0-10cb-48c1-b480-115935764657} teilnehmer={1903e9f0-10cb-48c1-b480-115935764657} float=
2026-09-12T12:26:46+02:00 HAL9000 kwin_wayland[3254]: kwin-xmonad-lite: apply {1903e9f0-10cb-48c1-b480-115935764657} soll=1920x1032+0+0
2026-09-12T12:27:37+02:00 HAL9000 kwin_wayland[3254]: kwin-xmonad-lite: dockGeometrie {ec21bef1-b673-49b3-8924-0a25eed97369}
2026-09-12T12:27:37+02:00 HAL9000 kwin_wayland[3254]: kwin-xmonad-lite: arrange #117 grund=dockGeometrie surfaces=1 mitglieder=1 teilnehmer=1
2026-09-12T12:27:37+02:00 HAL9000 kwin_wayland[3254]: kwin-xmonad-lite: surface a89f5ec2-ab8e-4108-8088-7118500a3aab|30c27d93-fa7d-452a-ad6a-53201edcdca1|DP-3 layout=tall n=1 ratio=0.65 fläche=1920x1032+0+0
2026-09-12T12:27:37+02:00 HAL9000 kwin_wayland[3254]: kwin-xmonad-lite: diagnose a89f5ec2-ab8e-4108-8088-7118500a3aab|30c27d93-fa7d-452a-ad6a-53201edcdca1|DP-3 order={1903e9f0-10cb-48c1-b480-115935764657} teilnehmer={1903e9f0-10cb-48c1-b480-115935764657} float=
2026-09-12T12:27:37+02:00 HAL9000 kwin_wayland[3254]: kwin-xmonad-lite: dockGeometrie {ec21bef1-b673-49b3-8924-0a25eed97369}
2026-09-12T12:27:37+02:00 HAL9000 kwin_wayland[3254]: kwin-xmonad-lite: arrange #118 grund=dockGeometrie surfaces=1 mitglieder=1 teilnehmer=1
2026-09-12T12:27:37+02:00 HAL9000 kwin_wayland[3254]: kwin-xmonad-lite: surface a89f5ec2-ab8e-4108-8088-7118500a3aab|30c27d93-fa7d-452a-ad6a-53201edcdca1|DP-3 layout=tall n=1 ratio=0.65 fläche=1920x1032+0+0
2026-09-12T12:27:37+02:00 HAL9000 kwin_wayland[3254]: kwin-xmonad-lite: diagnose a89f5ec2-ab8e-4108-8088-7118500a3aab|30c27d93-fa7d-452a-ad6a-53201edcdca1|DP-3 order={1903e9f0-10cb-48c1-b480-115935764657} teilnehmer={1903e9f0-10cb-48c1-b480-115935764657} float=
2026-09-12T12:27:37+02:00 HAL9000 kwin_wayland[3254]: kwin-xmonad-lite: extern {1903e9f0-10cb-48c1-b480-115935764657}
2026-09-12T12:27:37+02:00 HAL9000 kwin_wayland[3254]: kwin-xmonad-lite: arrange #119 grund=geometrieExtern surfaces=1 mitglieder=1 teilnehmer=1
2026-09-12T12:27:37+02:00 HAL9000 kwin_wayland[3254]: kwin-xmonad-lite: surface a89f5ec2-ab8e-4108-8088-7118500a3aab|30c27d93-fa7d-452a-ad6a-53201edcdca1|DP-3 layout=tall n=1 ratio=0.65 fläche=1920x1050+0+0
2026-09-12T12:27:37+02:00 HAL9000 kwin_wayland[3254]: kwin-xmonad-lite: diagnose a89f5ec2-ab8e-4108-8088-7118500a3aab|30c27d93-fa7d-452a-ad6a-53201edcdca1|DP-3 order={1903e9f0-10cb-48c1-b480-115935764657} teilnehmer={1903e9f0-10cb-48c1-b480-115935764657} float=
2026-09-12T12:27:37+02:00 HAL9000 kwin_wayland[3254]: kwin-xmonad-lite: apply {1903e9f0-10cb-48c1-b480-115935764657} soll=1920x1050+0+0
2026-09-12T12:27:38+02:00 HAL9000 kwin_wayland[3254]: kwin-xmonad-lite: arrange #120 grund=nachlauf500:dockGeometrie surfaces=1 mitglieder=1 teilnehmer=1
2026-09-12T12:27:38+02:00 HAL9000 kwin_wayland[3254]: kwin-xmonad-lite: surface a89f5ec2-ab8e-4108-8088-7118500a3aab|30c27d93-fa7d-452a-ad6a-53201edcdca1|DP-3 layout=tall n=1 ratio=0.65 fläche=1920x1050+0+0
2026-09-12T12:27:38+02:00 HAL9000 kwin_wayland[3254]: kwin-xmonad-lite: diagnose a89f5ec2-ab8e-4108-8088-7118500a3aab|30c27d93-fa7d-452a-ad6a-53201edcdca1|DP-3 order={1903e9f0-10cb-48c1-b480-115935764657} teilnehmer={1903e9f0-10cb-48c1-b480-115935764657} float=
2026-09-12T12:27:39+02:00 HAL9000 kwin_wayland[3254]: kwin-xmonad-lite: arrange #121 grund=nachlauf1500:dockGeometrie surfaces=1 mitglieder=1 teilnehmer=1
2026-09-12T12:27:39+02:00 HAL9000 kwin_wayland[3254]: kwin-xmonad-lite: surface a89f5ec2-ab8e-4108-8088-7118500a3aab|30c27d93-fa7d-452a-ad6a-53201edcdca1|DP-3 layout=tall n=1 ratio=0.65 fläche=1920x1050+0+0
2026-09-12T12:27:39+02:00 HAL9000 kwin_wayland[3254]: kwin-xmonad-lite: diagnose a89f5ec2-ab8e-4108-8088-7118500a3aab|30c27d93-fa7d-452a-ad6a-53201edcdca1|DP-3 order={1903e9f0-10cb-48c1-b480-115935764657} teilnehmer={1903e9f0-10cb-48c1-b480-115935764657} float=
2026-09-12T12:28:41+02:00 HAL9000 kwin_wayland[3254]: kwin-xmonad-lite: arrange #122 grund=windowActivated,windowAdded surfaces=1 mitglieder=2 teilnehmer=2
2026-09-12T12:28:41+02:00 HAL9000 kwin_wayland[3254]: kwin-xmonad-lite: surface a89f5ec2-ab8e-4108-8088-7118500a3aab|30c27d93-fa7d-452a-ad6a-53201edcdca1|DP-3 layout=tall n=2 ratio=0.65 fläche=1920x1050+0+0
2026-09-12T12:28:41+02:00 HAL9000 kwin_wayland[3254]: kwin-xmonad-lite: diagnose a89f5ec2-ab8e-4108-8088-7118500a3aab|30c27d93-fa7d-452a-ad6a-53201edcdca1|DP-3 order={96edbd9e-bc93-4fec-af71-30f13f41ad3f},{1903e9f0-10cb-48c1-b480-115935764657} teilnehmer={96edbd9e-bc93-4fec-af71-30f13f41ad3f},{1903e9f0-10cb-48c1-b480-115935764657} float=
2026-09-12T12:28:41+02:00 HAL9000 kwin_wayland[3254]: kwin-xmonad-lite: apply {96edbd9e-bc93-4fec-af71-30f13f41ad3f} soll=1248x1050+0+0
2026-09-12T12:28:41+02:00 HAL9000 kwin_wayland[3254]: kwin-xmonad-lite: apply {1903e9f0-10cb-48c1-b480-115935764657} soll=672x1050+1248+0
2026-09-12T12:29:18+02:00 HAL9000 kwin_wayland[3254]: kwin-xmonad-lite: befehl resetLayout surface=a89f5ec2-ab8e-4108-8088-7118500a3aab|30c27d93-fa7d-452a-ad6a-53201edcdca1|DP-3 via=aktiv layout=tall unverändert
2026-09-12T12:30:05+02:00 HAL9000 kwin_wayland[3254]: kwin-xmonad-lite: befehl promote surface=a89f5ec2-ab8e-4108-8088-7118500a3aab|30c27d93-fa7d-452a-ad6a-53201edcdca1|DP-3 via=aktiv master={96edbd9e-bc93-4fec-af71-30f13f41ad3f} unverändert
2026-09-12T12:30:41+02:00 HAL9000 kwin_wayland[3254]: kwin-xmonad-lite: arrange #123 grund=moveResizeFinished surfaces=1 mitglieder=2 teilnehmer=2
2026-09-12T12:30:41+02:00 HAL9000 kwin_wayland[3254]: kwin-xmonad-lite: surface a89f5ec2-ab8e-4108-8088-7118500a3aab|30c27d93-fa7d-452a-ad6a-53201edcdca1|DP-3 layout=tall n=2 ratio=0.65 fläche=1920x1050+0+0
2026-09-12T12:30:41+02:00 HAL9000 kwin_wayland[3254]: kwin-xmonad-lite: diagnose a89f5ec2-ab8e-4108-8088-7118500a3aab|30c27d93-fa7d-452a-ad6a-53201edcdca1|DP-3 order={96edbd9e-bc93-4fec-af71-30f13f41ad3f},{1903e9f0-10cb-48c1-b480-115935764657} teilnehmer={96edbd9e-bc93-4fec-af71-30f13f41ad3f},{1903e9f0-10cb-48c1-b480-115935764657} float=
2026-09-12T12:30:41+02:00 HAL9000 kwin_wayland[3254]: kwin-xmonad-lite: apply {96edbd9e-bc93-4fec-af71-30f13f41ad3f} soll=1248x1050+0+0
2026-09-12T12:31:24+02:00 HAL9000 kwin_wayland[3254]: kwin-xmonad-lite: arrange #124 grund=moveResizeFinished surfaces=1 mitglieder=2 teilnehmer=2
2026-09-12T12:31:24+02:00 HAL9000 kwin_wayland[3254]: kwin-xmonad-lite: surface a89f5ec2-ab8e-4108-8088-7118500a3aab|30c27d93-fa7d-452a-ad6a-53201edcdca1|DP-3 layout=tall n=2 ratio=0.65 fläche=1920x1050+0+0
2026-09-12T12:31:24+02:00 HAL9000 kwin_wayland[3254]: kwin-xmonad-lite: diagnose a89f5ec2-ab8e-4108-8088-7118500a3aab|30c27d93-fa7d-452a-ad6a-53201edcdca1|DP-3 order={96edbd9e-bc93-4fec-af71-30f13f41ad3f},{1903e9f0-10cb-48c1-b480-115935764657} teilnehmer={96edbd9e-bc93-4fec-af71-30f13f41ad3f},{1903e9f0-10cb-48c1-b480-115935764657} float=
2026-09-12T12:31:24+02:00 HAL9000 kwin_wayland[3254]: kwin-xmonad-lite: apply {96edbd9e-bc93-4fec-af71-30f13f41ad3f} soll=1248x1050+0+0
2026-09-12T12:32:20+02:00 HAL9000 kwin_wayland[3254]: kwin-xmonad-lite: befehl focusMaster surface=a89f5ec2-ab8e-4108-8088-7118500a3aab|30c27d93-fa7d-452a-ad6a-53201edcdca1|DP-3 via=aktiv fokus={96edbd9e-bc93-4fec-af71-30f13f41ad3f} unverändert
2026-09-12T12:32:20+02:00 HAL9000 kwin_wayland[3254]: kwin-xmonad-lite: aktiviere {96edbd9e-bc93-4fec-af71-30f13f41ad3f}
2026-09-12T12:33:01+02:00 HAL9000 kwin_wayland[3254]: kwin-xmonad-lite: arrange #125 grund=moveResizeFinished surfaces=1 mitglieder=2 teilnehmer=2
2026-09-12T12:33:01+02:00 HAL9000 kwin_wayland[3254]: kwin-xmonad-lite: surface a89f5ec2-ab8e-4108-8088-7118500a3aab|30c27d93-fa7d-452a-ad6a-53201edcdca1|DP-3 layout=tall n=2 ratio=0.65 fläche=1920x1050+0+0
2026-09-12T12:33:01+02:00 HAL9000 kwin_wayland[3254]: kwin-xmonad-lite: diagnose a89f5ec2-ab8e-4108-8088-7118500a3aab|30c27d93-fa7d-452a-ad6a-53201edcdca1|DP-3 order={96edbd9e-bc93-4fec-af71-30f13f41ad3f},{1903e9f0-10cb-48c1-b480-115935764657} teilnehmer={96edbd9e-bc93-4fec-af71-30f13f41ad3f},{1903e9f0-10cb-48c1-b480-115935764657} float=
2026-09-12T12:33:01+02:00 HAL9000 kwin_wayland[3254]: kwin-xmonad-lite: apply {96edbd9e-bc93-4fec-af71-30f13f41ad3f} soll=1248x1050+0+0
2026-09-12T12:33:15+02:00 HAL9000 kwin_wayland[3254]: kwin-xmonad-lite: arrange #126 grund=moveResizeFinished surfaces=1 mitglieder=2 teilnehmer=2
2026-09-12T12:33:15+02:00 HAL9000 kwin_wayland[3254]: kwin-xmonad-lite: surface a89f5ec2-ab8e-4108-8088-7118500a3aab|30c27d93-fa7d-452a-ad6a-53201edcdca1|DP-3 layout=tall n=2 ratio=0.65 fläche=1920x1050+0+0
2026-09-12T12:33:15+02:00 HAL9000 kwin_wayland[3254]: kwin-xmonad-lite: diagnose a89f5ec2-ab8e-4108-8088-7118500a3aab|30c27d93-fa7d-452a-ad6a-53201edcdca1|DP-3 order={96edbd9e-bc93-4fec-af71-30f13f41ad3f},{1903e9f0-10cb-48c1-b480-115935764657} teilnehmer={96edbd9e-bc93-4fec-af71-30f13f41ad3f},{1903e9f0-10cb-48c1-b480-115935764657} float=
2026-09-12T12:33:15+02:00 HAL9000 kwin_wayland[3254]: kwin-xmonad-lite: apply {96edbd9e-bc93-4fec-af71-30f13f41ad3f} soll=1248x1050+0+0
2026-09-12T12:33:37+02:00 HAL9000 kwin_wayland[3254]: kwin-xmonad-lite: befehl focusPrev surface=a89f5ec2-ab8e-4108-8088-7118500a3aab|30c27d93-fa7d-452a-ad6a-53201edcdca1|DP-3 via=aktiv fokus={1903e9f0-10cb-48c1-b480-115935764657}
2026-09-12T12:33:37+02:00 HAL9000 kwin_wayland[3254]: kwin-xmonad-lite: aktiviere {1903e9f0-10cb-48c1-b480-115935764657}
2026-09-12T12:33:37+02:00 HAL9000 kwin_wayland[3254]: kwin-xmonad-lite: arrange #127 grund=windowActivated,shortcut:focusPrev surfaces=1 mitglieder=2 teilnehmer=2
2026-09-12T12:33:37+02:00 HAL9000 kwin_wayland[3254]: kwin-xmonad-lite: surface a89f5ec2-ab8e-4108-8088-7118500a3aab|30c27d93-fa7d-452a-ad6a-53201edcdca1|DP-3 layout=tall n=2 ratio=0.65 fläche=1920x1050+0+0
2026-09-12T12:33:37+02:00 HAL9000 kwin_wayland[3254]: kwin-xmonad-lite: diagnose a89f5ec2-ab8e-4108-8088-7118500a3aab|30c27d93-fa7d-452a-ad6a-53201edcdca1|DP-3 order={96edbd9e-bc93-4fec-af71-30f13f41ad3f},{1903e9f0-10cb-48c1-b480-115935764657} teilnehmer={96edbd9e-bc93-4fec-af71-30f13f41ad3f},{1903e9f0-10cb-48c1-b480-115935764657} float=
2026-09-12T12:34:03+02:00 HAL9000 kwin_wayland[3254]: kwin-xmonad-lite: befehl focusNext surface=a89f5ec2-ab8e-4108-8088-7118500a3aab|30c27d93-fa7d-452a-ad6a-53201edcdca1|DP-3 via=aktiv fokus={96edbd9e-bc93-4fec-af71-30f13f41ad3f}
2026-09-12T12:34:03+02:00 HAL9000 kwin_wayland[3254]: kwin-xmonad-lite: aktiviere {96edbd9e-bc93-4fec-af71-30f13f41ad3f}
2026-09-12T12:34:03+02:00 HAL9000 kwin_wayland[3254]: kwin-xmonad-lite: arrange #128 grund=windowActivated,shortcut:focusNext surfaces=1 mitglieder=2 teilnehmer=2
2026-09-12T12:34:03+02:00 HAL9000 kwin_wayland[3254]: kwin-xmonad-lite: surface a89f5ec2-ab8e-4108-8088-7118500a3aab|30c27d93-fa7d-452a-ad6a-53201edcdca1|DP-3 layout=tall n=2 ratio=0.65 fläche=1920x1050+0+0
2026-09-12T12:34:03+02:00 HAL9000 kwin_wayland[3254]: kwin-xmonad-lite: diagnose a89f5ec2-ab8e-4108-8088-7118500a3aab|30c27d93-fa7d-452a-ad6a-53201edcdca1|DP-3 order={96edbd9e-bc93-4fec-af71-30f13f41ad3f},{1903e9f0-10cb-48c1-b480-115935764657} teilnehmer={96edbd9e-bc93-4fec-af71-30f13f41ad3f},{1903e9f0-10cb-48c1-b480-115935764657} float=
2026-09-12T12:34:57+02:00 HAL9000 kwin_wayland[3254]: kwin-xmonad-lite: befehl swapNext surface=a89f5ec2-ab8e-4108-8088-7118500a3aab|30c27d93-fa7d-452a-ad6a-53201edcdca1|DP-3 via=aktiv master={1903e9f0-10cb-48c1-b480-115935764657}
2026-09-12T12:34:57+02:00 HAL9000 kwin_wayland[3254]: kwin-xmonad-lite: arrange #129 grund=shortcut:swapNext surfaces=1 mitglieder=2 teilnehmer=2
2026-09-12T12:34:57+02:00 HAL9000 kwin_wayland[3254]: kwin-xmonad-lite: surface a89f5ec2-ab8e-4108-8088-7118500a3aab|30c27d93-fa7d-452a-ad6a-53201edcdca1|DP-3 layout=tall n=2 ratio=0.65 fläche=1920x1050+0+0
2026-09-12T12:34:57+02:00 HAL9000 kwin_wayland[3254]: kwin-xmonad-lite: diagnose a89f5ec2-ab8e-4108-8088-7118500a3aab|30c27d93-fa7d-452a-ad6a-53201edcdca1|DP-3 order={1903e9f0-10cb-48c1-b480-115935764657},{96edbd9e-bc93-4fec-af71-30f13f41ad3f} teilnehmer={1903e9f0-10cb-48c1-b480-115935764657},{96edbd9e-bc93-4fec-af71-30f13f41ad3f} float=
2026-09-12T12:34:57+02:00 HAL9000 kwin_wayland[3254]: kwin-xmonad-lite: apply {1903e9f0-10cb-48c1-b480-115935764657} soll=1248x1050+0+0
2026-09-12T12:34:57+02:00 HAL9000 kwin_wayland[3254]: kwin-xmonad-lite: apply {96edbd9e-bc93-4fec-af71-30f13f41ad3f} soll=672x1050+1248+0
2026-09-12T12:35:30+02:00 HAL9000 kwin_wayland[3254]: kwin-xmonad-lite: arrange #130 grund=windowActivated,fensterzustand surfaces=1 mitglieder=2 teilnehmer=1
2026-09-12T12:35:30+02:00 HAL9000 kwin_wayland[3254]: kwin-xmonad-lite: surface a89f5ec2-ab8e-4108-8088-7118500a3aab|30c27d93-fa7d-452a-ad6a-53201edcdca1|DP-3 layout=tall n=1 ratio=0.65 fläche=1920x1050+0+0
2026-09-12T12:35:30+02:00 HAL9000 kwin_wayland[3254]: kwin-xmonad-lite: diagnose a89f5ec2-ab8e-4108-8088-7118500a3aab|30c27d93-fa7d-452a-ad6a-53201edcdca1|DP-3 order={1903e9f0-10cb-48c1-b480-115935764657},{96edbd9e-bc93-4fec-af71-30f13f41ad3f} teilnehmer={1903e9f0-10cb-48c1-b480-115935764657} float=
2026-09-12T12:35:30+02:00 HAL9000 kwin_wayland[3254]: kwin-xmonad-lite: apply {1903e9f0-10cb-48c1-b480-115935764657} soll=1920x1050+0+0
2026-09-12T12:36:32+02:00 HAL9000 kwin_wayland[3254]: kwin-xmonad-lite: arrange #131 grund=moveResizeFinished surfaces=1 mitglieder=2 teilnehmer=1
2026-09-12T12:36:32+02:00 HAL9000 kwin_wayland[3254]: kwin-xmonad-lite: surface a89f5ec2-ab8e-4108-8088-7118500a3aab|30c27d93-fa7d-452a-ad6a-53201edcdca1|DP-3 layout=tall n=1 ratio=0.65 fläche=1920x1050+0+0
2026-09-12T12:36:32+02:00 HAL9000 kwin_wayland[3254]: kwin-xmonad-lite: diagnose a89f5ec2-ab8e-4108-8088-7118500a3aab|30c27d93-fa7d-452a-ad6a-53201edcdca1|DP-3 order={1903e9f0-10cb-48c1-b480-115935764657},{96edbd9e-bc93-4fec-af71-30f13f41ad3f} teilnehmer={1903e9f0-10cb-48c1-b480-115935764657} float=
2026-09-12T12:36:32+02:00 HAL9000 kwin_wayland[3254]: kwin-xmonad-lite: apply {1903e9f0-10cb-48c1-b480-115935764657} soll=1920x1050+0+0
2026-09-12T12:37:41+02:00 HAL9000 kwin_wayland[3254]: kwin-xmonad-lite: arrange #132 grund=moveResizeFinished surfaces=1 mitglieder=2 teilnehmer=1
2026-09-12T12:37:41+02:00 HAL9000 kwin_wayland[3254]: kwin-xmonad-lite: surface a89f5ec2-ab8e-4108-8088-7118500a3aab|30c27d93-fa7d-452a-ad6a-53201edcdca1|DP-3 layout=tall n=1 ratio=0.65 fläche=1920x1050+0+0
2026-09-12T12:37:41+02:00 HAL9000 kwin_wayland[3254]: kwin-xmonad-lite: diagnose a89f5ec2-ab8e-4108-8088-7118500a3aab|30c27d93-fa7d-452a-ad6a-53201edcdca1|DP-3 order={1903e9f0-10cb-48c1-b480-115935764657},{96edbd9e-bc93-4fec-af71-30f13f41ad3f} teilnehmer={1903e9f0-10cb-48c1-b480-115935764657} float=
2026-09-12T12:37:41+02:00 HAL9000 kwin_wayland[3254]: kwin-xmonad-lite: apply {1903e9f0-10cb-48c1-b480-115935764657} soll=1920x1050+0+0
2026-09-12T12:37:53+02:00 HAL9000 kwin_wayland[3254]: kwin-xmonad-lite: arrange #133 grund=moveResizeFinished surfaces=1 mitglieder=2 teilnehmer=1
2026-09-12T12:37:53+02:00 HAL9000 kwin_wayland[3254]: kwin-xmonad-lite: surface a89f5ec2-ab8e-4108-8088-7118500a3aab|30c27d93-fa7d-452a-ad6a-53201edcdca1|DP-3 layout=tall n=1 ratio=0.65 fläche=1920x1050+0+0
2026-09-12T12:37:53+02:00 HAL9000 kwin_wayland[3254]: kwin-xmonad-lite: diagnose a89f5ec2-ab8e-4108-8088-7118500a3aab|30c27d93-fa7d-452a-ad6a-53201edcdca1|DP-3 order={1903e9f0-10cb-48c1-b480-115935764657},{96edbd9e-bc93-4fec-af71-30f13f41ad3f} teilnehmer={1903e9f0-10cb-48c1-b480-115935764657} float=
2026-09-12T12:37:53+02:00 HAL9000 kwin_wayland[3254]: kwin-xmonad-lite: apply {1903e9f0-10cb-48c1-b480-115935764657} soll=1920x1050+0+0
2026-09-12T12:38:22+02:00 HAL9000 kwin_wayland[3254]: kwin-xmonad-lite: befehl swapNext surface=a89f5ec2-ab8e-4108-8088-7118500a3aab|30c27d93-fa7d-452a-ad6a-53201edcdca1|DP-3 via=aktiv master={96edbd9e-bc93-4fec-af71-30f13f41ad3f}
2026-09-12T12:38:22+02:00 HAL9000 kwin_wayland[3254]: kwin-xmonad-lite: arrange #134 grund=shortcut:swapNext surfaces=1 mitglieder=2 teilnehmer=1
2026-09-12T12:38:22+02:00 HAL9000 kwin_wayland[3254]: kwin-xmonad-lite: surface a89f5ec2-ab8e-4108-8088-7118500a3aab|30c27d93-fa7d-452a-ad6a-53201edcdca1|DP-3 layout=tall n=1 ratio=0.65 fläche=1920x1050+0+0
2026-09-12T12:38:22+02:00 HAL9000 kwin_wayland[3254]: kwin-xmonad-lite: diagnose a89f5ec2-ab8e-4108-8088-7118500a3aab|30c27d93-fa7d-452a-ad6a-53201edcdca1|DP-3 order={96edbd9e-bc93-4fec-af71-30f13f41ad3f},{1903e9f0-10cb-48c1-b480-115935764657} teilnehmer={1903e9f0-10cb-48c1-b480-115935764657} float=
2026-09-12T12:39:09+02:00 HAL9000 kwin_wayland[3254]: kwin-xmonad-lite: dockGeometrie {ec21bef1-b673-49b3-8924-0a25eed97369}
2026-09-12T12:39:09+02:00 HAL9000 kwin_wayland[3254]: kwin-xmonad-lite: arrange #135 grund=dockGeometrie surfaces=1 mitglieder=2 teilnehmer=1
2026-09-12T12:39:09+02:00 HAL9000 kwin_wayland[3254]: kwin-xmonad-lite: surface a89f5ec2-ab8e-4108-8088-7118500a3aab|30c27d93-fa7d-452a-ad6a-53201edcdca1|DP-3 layout=tall n=1 ratio=0.65 fläche=1920x1050+0+0
2026-09-12T12:39:09+02:00 HAL9000 kwin_wayland[3254]: kwin-xmonad-lite: diagnose a89f5ec2-ab8e-4108-8088-7118500a3aab|30c27d93-fa7d-452a-ad6a-53201edcdca1|DP-3 order={96edbd9e-bc93-4fec-af71-30f13f41ad3f},{1903e9f0-10cb-48c1-b480-115935764657} teilnehmer={1903e9f0-10cb-48c1-b480-115935764657} float=
2026-09-12T12:39:09+02:00 HAL9000 kwin_wayland[3254]: kwin-xmonad-lite: dockGeometrie {ec21bef1-b673-49b3-8924-0a25eed97369}
2026-09-12T12:39:09+02:00 HAL9000 kwin_wayland[3254]: kwin-xmonad-lite: arrange #136 grund=dockGeometrie surfaces=1 mitglieder=2 teilnehmer=1
2026-09-12T12:39:09+02:00 HAL9000 kwin_wayland[3254]: kwin-xmonad-lite: surface a89f5ec2-ab8e-4108-8088-7118500a3aab|30c27d93-fa7d-452a-ad6a-53201edcdca1|DP-3 layout=tall n=1 ratio=0.65 fläche=1920x1050+0+0
2026-09-12T12:39:09+02:00 HAL9000 kwin_wayland[3254]: kwin-xmonad-lite: diagnose a89f5ec2-ab8e-4108-8088-7118500a3aab|30c27d93-fa7d-452a-ad6a-53201edcdca1|DP-3 order={96edbd9e-bc93-4fec-af71-30f13f41ad3f},{1903e9f0-10cb-48c1-b480-115935764657} teilnehmer={1903e9f0-10cb-48c1-b480-115935764657} float=
2026-09-12T12:39:09+02:00 HAL9000 kwin_wayland[3254]: kwin-xmonad-lite: extern {1903e9f0-10cb-48c1-b480-115935764657}
2026-09-12T12:39:09+02:00 HAL9000 kwin_wayland[3254]: kwin-xmonad-lite: arrange #137 grund=geometrieExtern surfaces=1 mitglieder=2 teilnehmer=1
2026-09-12T12:39:09+02:00 HAL9000 kwin_wayland[3254]: kwin-xmonad-lite: surface a89f5ec2-ab8e-4108-8088-7118500a3aab|30c27d93-fa7d-452a-ad6a-53201edcdca1|DP-3 layout=tall n=1 ratio=0.65 fläche=1920x1032+0+0
2026-09-12T12:39:09+02:00 HAL9000 kwin_wayland[3254]: kwin-xmonad-lite: diagnose a89f5ec2-ab8e-4108-8088-7118500a3aab|30c27d93-fa7d-452a-ad6a-53201edcdca1|DP-3 order={96edbd9e-bc93-4fec-af71-30f13f41ad3f},{1903e9f0-10cb-48c1-b480-115935764657} teilnehmer={1903e9f0-10cb-48c1-b480-115935764657} float=
2026-09-12T12:39:09+02:00 HAL9000 kwin_wayland[3254]: kwin-xmonad-lite: arrange #138 grund=nachlauf500:dockGeometrie surfaces=1 mitglieder=2 teilnehmer=1
2026-09-12T12:39:09+02:00 HAL9000 kwin_wayland[3254]: kwin-xmonad-lite: surface a89f5ec2-ab8e-4108-8088-7118500a3aab|30c27d93-fa7d-452a-ad6a-53201edcdca1|DP-3 layout=tall n=1 ratio=0.65 fläche=1920x1032+0+0
2026-09-12T12:39:09+02:00 HAL9000 kwin_wayland[3254]: kwin-xmonad-lite: diagnose a89f5ec2-ab8e-4108-8088-7118500a3aab|30c27d93-fa7d-452a-ad6a-53201edcdca1|DP-3 order={96edbd9e-bc93-4fec-af71-30f13f41ad3f},{1903e9f0-10cb-48c1-b480-115935764657} teilnehmer={1903e9f0-10cb-48c1-b480-115935764657} float=
2026-09-12T12:39:10+02:00 HAL9000 kwin_wayland[3254]: kwin-xmonad-lite: arrange #139 grund=nachlauf1500:dockGeometrie surfaces=1 mitglieder=2 teilnehmer=1
2026-09-12T12:39:10+02:00 HAL9000 kwin_wayland[3254]: kwin-xmonad-lite: surface a89f5ec2-ab8e-4108-8088-7118500a3aab|30c27d93-fa7d-452a-ad6a-53201edcdca1|DP-3 layout=tall n=1 ratio=0.65 fläche=1920x1032+0+0
2026-09-12T12:39:10+02:00 HAL9000 kwin_wayland[3254]: kwin-xmonad-lite: diagnose a89f5ec2-ab8e-4108-8088-7118500a3aab|30c27d93-fa7d-452a-ad6a-53201edcdca1|DP-3 order={96edbd9e-bc93-4fec-af71-30f13f41ad3f},{1903e9f0-10cb-48c1-b480-115935764657} teilnehmer={1903e9f0-10cb-48c1-b480-115935764657} float=
2026-09-12T12:40:12+02:00 HAL9000 kwin_wayland[3254]: kwin-xmonad-lite: befehl swapNext surface=a89f5ec2-ab8e-4108-8088-7118500a3aab|30c27d93-fa7d-452a-ad6a-53201edcdca1|DP-3 via=aktiv master={1903e9f0-10cb-48c1-b480-115935764657}
2026-09-12T12:40:12+02:00 HAL9000 kwin_wayland[3254]: kwin-xmonad-lite: arrange #140 grund=shortcut:swapNext surfaces=1 mitglieder=2 teilnehmer=1
2026-09-12T12:40:12+02:00 HAL9000 kwin_wayland[3254]: kwin-xmonad-lite: surface a89f5ec2-ab8e-4108-8088-7118500a3aab|30c27d93-fa7d-452a-ad6a-53201edcdca1|DP-3 layout=tall n=1 ratio=0.65 fläche=1920x1032+0+0
2026-09-12T12:40:12+02:00 HAL9000 kwin_wayland[3254]: kwin-xmonad-lite: diagnose a89f5ec2-ab8e-4108-8088-7118500a3aab|30c27d93-fa7d-452a-ad6a-53201edcdca1|DP-3 order={1903e9f0-10cb-48c1-b480-115935764657},{96edbd9e-bc93-4fec-af71-30f13f41ad3f} teilnehmer={1903e9f0-10cb-48c1-b480-115935764657} float=
2026-09-12T12:40:43+02:00 HAL9000 kwin_wayland[3254]: kwin-xmonad-lite: arrange #141 grund=windowActivated,fensterzustand surfaces=1 mitglieder=2 teilnehmer=0
2026-09-12T12:40:43+02:00 HAL9000 kwin_wayland[3254]: kwin-xmonad-lite: surface a89f5ec2-ab8e-4108-8088-7118500a3aab|30c27d93-fa7d-452a-ad6a-53201edcdca1|DP-3 layout=tall n=0 ratio=0.65 fläche=1920x1032+0+0
2026-09-12T12:40:43+02:00 HAL9000 kwin_wayland[3254]: kwin-xmonad-lite: diagnose a89f5ec2-ab8e-4108-8088-7118500a3aab|30c27d93-fa7d-452a-ad6a-53201edcdca1|DP-3 order={1903e9f0-10cb-48c1-b480-115935764657},{96edbd9e-bc93-4fec-af71-30f13f41ad3f} teilnehmer= float=
2026-09-12T12:43:17+02:00 HAL9000 kwin_wayland[3254]: kwin-xmonad-lite: befehl expand surface=a89f5ec2-ab8e-4108-8088-7118500a3aab|30c27d93-fa7d-452a-ad6a-53201edcdca1|DP-3 via=ausgabe ratio=0.7
2026-09-12T12:43:17+02:00 HAL9000 kwin_wayland[3254]: kwin-xmonad-lite: arrange #142 grund=shortcut:expand surfaces=1 mitglieder=2 teilnehmer=0
2026-09-12T12:43:17+02:00 HAL9000 kwin_wayland[3254]: kwin-xmonad-lite: surface a89f5ec2-ab8e-4108-8088-7118500a3aab|30c27d93-fa7d-452a-ad6a-53201edcdca1|DP-3 layout=tall n=0 ratio=0.7 fläche=1920x1032+0+0
2026-09-12T12:43:17+02:00 HAL9000 kwin_wayland[3254]: kwin-xmonad-lite: diagnose a89f5ec2-ab8e-4108-8088-7118500a3aab|30c27d93-fa7d-452a-ad6a-53201edcdca1|DP-3 order={1903e9f0-10cb-48c1-b480-115935764657},{96edbd9e-bc93-4fec-af71-30f13f41ad3f} teilnehmer= float=
2026-09-12T12:43:41+02:00 HAL9000 kwin_wayland[3254]: kwin-xmonad-lite: arrange #143 grund=screenGeometry,screensChanged surfaces=2 mitglieder=2 teilnehmer=0
2026-09-12T12:43:41+02:00 HAL9000 kwin_wayland[3254]: kwin-xmonad-lite: surface a89f5ec2-ab8e-4108-8088-7118500a3aab|30c27d93-fa7d-452a-ad6a-53201edcdca1|DP-3 layout=tall n=0 ratio=0.7 fläche=1920x1032+0+0
2026-09-12T12:43:41+02:00 HAL9000 kwin_wayland[3254]: kwin-xmonad-lite: diagnose a89f5ec2-ab8e-4108-8088-7118500a3aab|30c27d93-fa7d-452a-ad6a-53201edcdca1|DP-3 order={1903e9f0-10cb-48c1-b480-115935764657},{96edbd9e-bc93-4fec-af71-30f13f41ad3f} teilnehmer= float=
2026-09-12T12:43:41+02:00 HAL9000 kwin_wayland[3254]: kwin-xmonad-lite: arrange #144 grund=fensterzustand surfaces=2 mitglieder=2 teilnehmer=0
2026-09-12T12:43:41+02:00 HAL9000 kwin_wayland[3254]: kwin-xmonad-lite: surface a89f5ec2-ab8e-4108-8088-7118500a3aab|30c27d93-fa7d-452a-ad6a-53201edcdca1|DP-3 layout=tall n=0 ratio=0.7 fläche=1920x1032+0+0
2026-09-12T12:43:41+02:00 HAL9000 kwin_wayland[3254]: kwin-xmonad-lite: diagnose a89f5ec2-ab8e-4108-8088-7118500a3aab|30c27d93-fa7d-452a-ad6a-53201edcdca1|DP-3 order={1903e9f0-10cb-48c1-b480-115935764657},{96edbd9e-bc93-4fec-af71-30f13f41ad3f} teilnehmer= float=
2026-09-12T12:43:42+02:00 HAL9000 kwin_wayland[3254]: kwin-xmonad-lite: arrange #145 grund=nachlauf500:screenGeometry+screensChanged surfaces=2 mitglieder=2 teilnehmer=0
2026-09-12T12:43:42+02:00 HAL9000 kwin_wayland[3254]: kwin-xmonad-lite: surface a89f5ec2-ab8e-4108-8088-7118500a3aab|30c27d93-fa7d-452a-ad6a-53201edcdca1|DP-3 layout=tall n=0 ratio=0.7 fläche=1920x1032+0+0
2026-09-12T12:43:42+02:00 HAL9000 kwin_wayland[3254]: kwin-xmonad-lite: diagnose a89f5ec2-ab8e-4108-8088-7118500a3aab|30c27d93-fa7d-452a-ad6a-53201edcdca1|DP-3 order={1903e9f0-10cb-48c1-b480-115935764657},{96edbd9e-bc93-4fec-af71-30f13f41ad3f} teilnehmer= float=
2026-09-12T12:43:42+02:00 HAL9000 kwin_wayland[3254]: kwin-xmonad-lite: arrange #146 grund=windowAdded surfaces=2 mitglieder=2 teilnehmer=0
2026-09-12T12:43:42+02:00 HAL9000 kwin_wayland[3254]: kwin-xmonad-lite: surface a89f5ec2-ab8e-4108-8088-7118500a3aab|30c27d93-fa7d-452a-ad6a-53201edcdca1|DP-3 layout=tall n=0 ratio=0.7 fläche=1920x1032+0+0
2026-09-12T12:43:42+02:00 HAL9000 kwin_wayland[3254]: kwin-xmonad-lite: diagnose a89f5ec2-ab8e-4108-8088-7118500a3aab|30c27d93-fa7d-452a-ad6a-53201edcdca1|DP-3 order={1903e9f0-10cb-48c1-b480-115935764657},{96edbd9e-bc93-4fec-af71-30f13f41ad3f} teilnehmer= float=
2026-09-12T12:43:43+02:00 HAL9000 kwin_wayland[3254]: kwin-xmonad-lite: arrange #147 grund=nachlauf1500:screenGeometry+screensChanged surfaces=2 mitglieder=2 teilnehmer=0
2026-09-12T12:43:43+02:00 HAL9000 kwin_wayland[3254]: kwin-xmonad-lite: surface a89f5ec2-ab8e-4108-8088-7118500a3aab|30c27d93-fa7d-452a-ad6a-53201edcdca1|DP-3 layout=tall n=0 ratio=0.7 fläche=1920x1032+0+0
2026-09-12T12:43:43+02:00 HAL9000 kwin_wayland[3254]: kwin-xmonad-lite: diagnose a89f5ec2-ab8e-4108-8088-7118500a3aab|30c27d93-fa7d-452a-ad6a-53201edcdca1|DP-3 order={1903e9f0-10cb-48c1-b480-115935764657},{96edbd9e-bc93-4fec-af71-30f13f41ad3f} teilnehmer= float=
2026-09-12T12:44:50+02:00 HAL9000 kwin_wayland[3254]: kwin-xmonad-lite: befehl expand surface=a89f5ec2-ab8e-4108-8088-7118500a3aab|30c27d93-fa7d-452a-ad6a-53201edcdca1|DP-3 via=ausgabe ratio=0.75
2026-09-12T12:44:50+02:00 HAL9000 kwin_wayland[3254]: kwin-xmonad-lite: arrange #148 grund=shortcut:expand surfaces=2 mitglieder=2 teilnehmer=0
2026-09-12T12:44:50+02:00 HAL9000 kwin_wayland[3254]: kwin-xmonad-lite: surface a89f5ec2-ab8e-4108-8088-7118500a3aab|30c27d93-fa7d-452a-ad6a-53201edcdca1|DP-3 layout=tall n=0 ratio=0.75 fläche=1920x1032+0+0
2026-09-12T12:44:50+02:00 HAL9000 kwin_wayland[3254]: kwin-xmonad-lite: diagnose a89f5ec2-ab8e-4108-8088-7118500a3aab|30c27d93-fa7d-452a-ad6a-53201edcdca1|DP-3 order={1903e9f0-10cb-48c1-b480-115935764657},{96edbd9e-bc93-4fec-af71-30f13f41ad3f} teilnehmer= float=
2026-09-12T12:46:51+02:00 HAL9000 kwin_wayland[3254]: kwin-xmonad-lite: arrange #149 grund=closed,windowRemoved,fensterzustand,screenGeometry,screensChanged surfaces=1 mitglieder=2 teilnehmer=0
2026-09-12T12:46:51+02:00 HAL9000 kwin_wayland[3254]: kwin-xmonad-lite: surface a89f5ec2-ab8e-4108-8088-7118500a3aab|30c27d93-fa7d-452a-ad6a-53201edcdca1|DP-3 layout=tall n=0 ratio=0.75 fläche=1920x1032+0+0
2026-09-12T12:46:51+02:00 HAL9000 kwin_wayland[3254]: kwin-xmonad-lite: diagnose a89f5ec2-ab8e-4108-8088-7118500a3aab|30c27d93-fa7d-452a-ad6a-53201edcdca1|DP-3 order={1903e9f0-10cb-48c1-b480-115935764657},{96edbd9e-bc93-4fec-af71-30f13f41ad3f} teilnehmer= float=
2026-09-12T12:46:52+02:00 HAL9000 kwin_wayland[3254]: kwin-xmonad-lite: arrange #150 grund=nachlauf500:screenGeometry+screensChanged surfaces=1 mitglieder=2 teilnehmer=0
2026-09-12T12:46:52+02:00 HAL9000 kwin_wayland[3254]: kwin-xmonad-lite: surface a89f5ec2-ab8e-4108-8088-7118500a3aab|30c27d93-fa7d-452a-ad6a-53201edcdca1|DP-3 layout=tall n=0 ratio=0.75 fläche=1920x1032+0+0
2026-09-12T12:46:52+02:00 HAL9000 kwin_wayland[3254]: kwin-xmonad-lite: diagnose a89f5ec2-ab8e-4108-8088-7118500a3aab|30c27d93-fa7d-452a-ad6a-53201edcdca1|DP-3 order={1903e9f0-10cb-48c1-b480-115935764657},{96edbd9e-bc93-4fec-af71-30f13f41ad3f} teilnehmer= float=
2026-09-12T12:46:53+02:00 HAL9000 kwin_wayland[3254]: kwin-xmonad-lite: arrange #151 grund=nachlauf1500:screenGeometry+screensChanged surfaces=1 mitglieder=2 teilnehmer=0
2026-09-12T12:46:53+02:00 HAL9000 kwin_wayland[3254]: kwin-xmonad-lite: surface a89f5ec2-ab8e-4108-8088-7118500a3aab|30c27d93-fa7d-452a-ad6a-53201edcdca1|DP-3 layout=tall n=0 ratio=0.75 fläche=1920x1032+0+0
2026-09-12T12:46:53+02:00 HAL9000 kwin_wayland[3254]: kwin-xmonad-lite: diagnose a89f5ec2-ab8e-4108-8088-7118500a3aab|30c27d93-fa7d-452a-ad6a-53201edcdca1|DP-3 order={1903e9f0-10cb-48c1-b480-115935764657},{96edbd9e-bc93-4fec-af71-30f13f41ad3f} teilnehmer= float=
2026-09-12T12:48:43+02:00 HAL9000 kwin_wayland[3254]: kwin-xmonad-lite: arrange #152 grund=desktopChanged surfaces=1 mitglieder=0 teilnehmer=0
2026-09-12T12:49:43+02:00 HAL9000 kwin_wayland[3254]: kwin-xmonad-lite: befehl shrink surface=a89f5ec2-ab8e-4108-8088-7118500a3aab|b7798180-564c-4f75-ad4a-284026ac7a68|DP-3 via=ausgabe ratio=0.6
2026-09-12T12:49:43+02:00 HAL9000 kwin_wayland[3254]: kwin-xmonad-lite: arrange #153 grund=shortcut:shrink surfaces=1 mitglieder=0 teilnehmer=0
2026-09-12T12:49:57+02:00 HAL9000 kwin_wayland[3254]: kwin-xmonad-lite: befehl focusPrev surface=a89f5ec2-ab8e-4108-8088-7118500a3aab|b7798180-564c-4f75-ad4a-284026ac7a68|DP-3 via=ausgabe ohne Fokusziel unverändert
2026-09-12T12:50:25+02:00 HAL9000 kwin_wayland[3254]: kwin-xmonad-lite: arrange #154 grund=windowActivated,windowAdded surfaces=1 mitglieder=1 teilnehmer=0
2026-09-12T12:50:25+02:00 HAL9000 kwin_wayland[3254]: kwin-xmonad-lite: surface a89f5ec2-ab8e-4108-8088-7118500a3aab|b7798180-564c-4f75-ad4a-284026ac7a68|DP-3 layout=tall n=0 ratio=0.6 fläche=1920x1032+0+0
2026-09-12T12:50:25+02:00 HAL9000 kwin_wayland[3254]: kwin-xmonad-lite: diagnose a89f5ec2-ab8e-4108-8088-7118500a3aab|b7798180-564c-4f75-ad4a-284026ac7a68|DP-3 order={b0ac828b-7d0b-4881-8eba-aba34872aa76} teilnehmer= float=
2026-09-12T12:51:33+02:00 HAL9000 kwin_wayland[3254]: kwin-xmonad-lite: arrange #155 grund=windowActivated,windowAdded surfaces=1 mitglieder=2 teilnehmer=1
2026-09-12T12:51:33+02:00 HAL9000 kwin_wayland[3254]: kwin-xmonad-lite: surface a89f5ec2-ab8e-4108-8088-7118500a3aab|b7798180-564c-4f75-ad4a-284026ac7a68|DP-3 layout=tall n=1 ratio=0.6 fläche=1920x1032+0+0
2026-09-12T12:51:33+02:00 HAL9000 kwin_wayland[3254]: kwin-xmonad-lite: diagnose a89f5ec2-ab8e-4108-8088-7118500a3aab|b7798180-564c-4f75-ad4a-284026ac7a68|DP-3 order={ab0f184d-e112-4f18-9304-7bd616efe974},{b0ac828b-7d0b-4881-8eba-aba34872aa76} teilnehmer={ab0f184d-e112-4f18-9304-7bd616efe974} float=
2026-09-12T12:51:33+02:00 HAL9000 kwin_wayland[3254]: kwin-xmonad-lite: apply {ab0f184d-e112-4f18-9304-7bd616efe974} soll=1920x1032+0+0
2026-09-12T12:52:33+02:00 HAL9000 kwin_wayland[3254]: kwin-xmonad-lite: befehl nextLayout surface=a89f5ec2-ab8e-4108-8088-7118500a3aab|b7798180-564c-4f75-ad4a-284026ac7a68|DP-3 via=aktiv layout=full
2026-09-12T12:52:33+02:00 HAL9000 kwin_wayland[3254]: kwin-xmonad-lite: arrange #156 grund=shortcut:nextLayout surfaces=1 mitglieder=2 teilnehmer=1
2026-09-12T12:52:33+02:00 HAL9000 kwin_wayland[3254]: kwin-xmonad-lite: surface a89f5ec2-ab8e-4108-8088-7118500a3aab|b7798180-564c-4f75-ad4a-284026ac7a68|DP-3 layout=full n=1 ratio=0.6 fläche=1920x1032+0+0
2026-09-12T12:52:33+02:00 HAL9000 kwin_wayland[3254]: kwin-xmonad-lite: diagnose a89f5ec2-ab8e-4108-8088-7118500a3aab|b7798180-564c-4f75-ad4a-284026ac7a68|DP-3 order={ab0f184d-e112-4f18-9304-7bd616efe974},{b0ac828b-7d0b-4881-8eba-aba34872aa76} teilnehmer={ab0f184d-e112-4f18-9304-7bd616efe974} float=
2026-09-12T12:53:15+02:00 HAL9000 kwin_wayland[3254]: kwin-xmonad-lite: gc #157 fenster=1 surfaces=0
2026-09-12T12:53:15+02:00 HAL9000 kwin_wayland[3254]: kwin-xmonad-lite: arrange #157 grund=closed,windowRemoved surfaces=1 mitglieder=2 teilnehmer=1
2026-09-12T12:53:15+02:00 HAL9000 kwin_wayland[3254]: kwin-xmonad-lite: surface a89f5ec2-ab8e-4108-8088-7118500a3aab|b7798180-564c-4f75-ad4a-284026ac7a68|DP-3 layout=full n=1 ratio=0.6 fläche=1920x1032+0+0
2026-09-12T12:53:15+02:00 HAL9000 kwin_wayland[3254]: kwin-xmonad-lite: diagnose a89f5ec2-ab8e-4108-8088-7118500a3aab|b7798180-564c-4f75-ad4a-284026ac7a68|DP-3 order={ab0f184d-e112-4f18-9304-7bd616efe974},{b0ac828b-7d0b-4881-8eba-aba34872aa76} teilnehmer={ab0f184d-e112-4f18-9304-7bd616efe974} float=
2026-09-12T12:53:52+02:00 HAL9000 kwin_wayland[3254]: kwin-xmonad-lite: arrange #158 grund=windowAdded surfaces=1 mitglieder=3 teilnehmer=1
2026-09-12T12:53:52+02:00 HAL9000 kwin_wayland[3254]: kwin-xmonad-lite: surface a89f5ec2-ab8e-4108-8088-7118500a3aab|b7798180-564c-4f75-ad4a-284026ac7a68|DP-3 layout=full n=1 ratio=0.6 fläche=1920x1032+0+0
2026-09-12T12:53:52+02:00 HAL9000 kwin_wayland[3254]: kwin-xmonad-lite: diagnose a89f5ec2-ab8e-4108-8088-7118500a3aab|b7798180-564c-4f75-ad4a-284026ac7a68|DP-3 order={05ff5d27-bb54-47bb-a836-07b705d14a36},{ab0f184d-e112-4f18-9304-7bd616efe974},{b0ac828b-7d0b-4881-8eba-aba34872aa76} teilnehmer={ab0f184d-e112-4f18-9304-7bd616efe974} float=
2026-09-12T12:53:52+02:00 HAL9000 kwin_wayland[3254]: kwin-xmonad-lite: gc #159 fenster=1 surfaces=0
2026-09-12T12:53:52+02:00 HAL9000 kwin_wayland[3254]: kwin-xmonad-lite: arrange #159 grund=closed,windowRemoved,moveResizeFinished surfaces=1 mitglieder=2 teilnehmer=1
2026-09-12T12:53:52+02:00 HAL9000 kwin_wayland[3254]: kwin-xmonad-lite: surface a89f5ec2-ab8e-4108-8088-7118500a3aab|b7798180-564c-4f75-ad4a-284026ac7a68|DP-3 layout=full n=1 ratio=0.6 fläche=1920x1032+0+0
2026-09-12T12:53:52+02:00 HAL9000 kwin_wayland[3254]: kwin-xmonad-lite: diagnose a89f5ec2-ab8e-4108-8088-7118500a3aab|b7798180-564c-4f75-ad4a-284026ac7a68|DP-3 order={ab0f184d-e112-4f18-9304-7bd616efe974},{b0ac828b-7d0b-4881-8eba-aba34872aa76} teilnehmer={ab0f184d-e112-4f18-9304-7bd616efe974} float=
2026-09-12T12:53:52+02:00 HAL9000 kwin_wayland[3254]: kwin-xmonad-lite: apply {ab0f184d-e112-4f18-9304-7bd616efe974} soll=1920x1032+0+0
2026-09-12T12:53:52+02:00 HAL9000 kwin_wayland[3254]: kwin-xmonad-lite: extern {ab0f184d-e112-4f18-9304-7bd616efe974}
2026-09-12T12:53:52+02:00 HAL9000 kwin_wayland[3254]: kwin-xmonad-lite: arrange #160 grund=geometrieExtern surfaces=1 mitglieder=2 teilnehmer=1
2026-09-12T12:53:52+02:00 HAL9000 kwin_wayland[3254]: kwin-xmonad-lite: surface a89f5ec2-ab8e-4108-8088-7118500a3aab|b7798180-564c-4f75-ad4a-284026ac7a68|DP-3 layout=full n=1 ratio=0.6 fläche=1920x1032+0+0
2026-09-12T12:53:52+02:00 HAL9000 kwin_wayland[3254]: kwin-xmonad-lite: diagnose a89f5ec2-ab8e-4108-8088-7118500a3aab|b7798180-564c-4f75-ad4a-284026ac7a68|DP-3 order={ab0f184d-e112-4f18-9304-7bd616efe974},{b0ac828b-7d0b-4881-8eba-aba34872aa76} teilnehmer={ab0f184d-e112-4f18-9304-7bd616efe974} float=
2026-09-12T12:53:52+02:00 HAL9000 kwin_wayland[3254]: kwin-xmonad-lite: apply {ab0f184d-e112-4f18-9304-7bd616efe974} soll=1920x1032+0+0
2026-09-12T12:54:24+02:00 HAL9000 kwin_wayland[3254]: kwin-xmonad-lite: arrange #161 grund=screenGeometry,screensChanged surfaces=2 mitglieder=2 teilnehmer=1
2026-09-12T12:54:24+02:00 HAL9000 kwin_wayland[3254]: kwin-xmonad-lite: surface a89f5ec2-ab8e-4108-8088-7118500a3aab|b7798180-564c-4f75-ad4a-284026ac7a68|DP-3 layout=full n=1 ratio=0.6 fläche=1920x1032+0+0
2026-09-12T12:54:24+02:00 HAL9000 kwin_wayland[3254]: kwin-xmonad-lite: diagnose a89f5ec2-ab8e-4108-8088-7118500a3aab|b7798180-564c-4f75-ad4a-284026ac7a68|DP-3 order={ab0f184d-e112-4f18-9304-7bd616efe974},{b0ac828b-7d0b-4881-8eba-aba34872aa76} teilnehmer={ab0f184d-e112-4f18-9304-7bd616efe974} float=
2026-09-12T12:54:24+02:00 HAL9000 kwin_wayland[3254]: kwin-xmonad-lite: extern {ab0f184d-e112-4f18-9304-7bd616efe974}
2026-09-12T12:54:24+02:00 HAL9000 kwin_wayland[3254]: kwin-xmonad-lite: arrange #162 grund=geometrieExtern,fensterzustand surfaces=2 mitglieder=2 teilnehmer=1
2026-09-12T12:54:24+02:00 HAL9000 kwin_wayland[3254]: kwin-xmonad-lite: surface a89f5ec2-ab8e-4108-8088-7118500a3aab|b7798180-564c-4f75-ad4a-284026ac7a68|DP-3 layout=full n=1 ratio=0.6 fläche=1920x1032+0+0
2026-09-12T12:54:24+02:00 HAL9000 kwin_wayland[3254]: kwin-xmonad-lite: diagnose a89f5ec2-ab8e-4108-8088-7118500a3aab|b7798180-564c-4f75-ad4a-284026ac7a68|DP-3 order={ab0f184d-e112-4f18-9304-7bd616efe974},{b0ac828b-7d0b-4881-8eba-aba34872aa76} teilnehmer={ab0f184d-e112-4f18-9304-7bd616efe974} float=
2026-09-12T12:54:24+02:00 HAL9000 kwin_wayland[3254]: kwin-xmonad-lite: apply {ab0f184d-e112-4f18-9304-7bd616efe974} soll=1920x1032+0+0
2026-09-12T12:54:24+02:00 HAL9000 kwin_wayland[3254]: kwin-xmonad-lite: arrange #163 grund=nachlauf500:screenGeometry+screensChanged surfaces=2 mitglieder=2 teilnehmer=1
2026-09-12T12:54:24+02:00 HAL9000 kwin_wayland[3254]: kwin-xmonad-lite: surface a89f5ec2-ab8e-4108-8088-7118500a3aab|b7798180-564c-4f75-ad4a-284026ac7a68|DP-3 layout=full n=1 ratio=0.6 fläche=1920x1032+0+0
2026-09-12T12:54:24+02:00 HAL9000 kwin_wayland[3254]: kwin-xmonad-lite: diagnose a89f5ec2-ab8e-4108-8088-7118500a3aab|b7798180-564c-4f75-ad4a-284026ac7a68|DP-3 order={ab0f184d-e112-4f18-9304-7bd616efe974},{b0ac828b-7d0b-4881-8eba-aba34872aa76} teilnehmer={ab0f184d-e112-4f18-9304-7bd616efe974} float=
2026-09-12T12:54:24+02:00 HAL9000 kwin_wayland[3254]: kwin-xmonad-lite: arrange #164 grund=windowAdded surfaces=2 mitglieder=2 teilnehmer=1
2026-09-12T12:54:24+02:00 HAL9000 kwin_wayland[3254]: kwin-xmonad-lite: surface a89f5ec2-ab8e-4108-8088-7118500a3aab|b7798180-564c-4f75-ad4a-284026ac7a68|DP-3 layout=full n=1 ratio=0.6 fläche=1920x1032+0+0
2026-09-12T12:54:24+02:00 HAL9000 kwin_wayland[3254]: kwin-xmonad-lite: diagnose a89f5ec2-ab8e-4108-8088-7118500a3aab|b7798180-564c-4f75-ad4a-284026ac7a68|DP-3 order={ab0f184d-e112-4f18-9304-7bd616efe974},{b0ac828b-7d0b-4881-8eba-aba34872aa76} teilnehmer={ab0f184d-e112-4f18-9304-7bd616efe974} float=
2026-09-12T12:54:25+02:00 HAL9000 kwin_wayland[3254]: kwin-xmonad-lite: arrange #165 grund=nachlauf1500:screenGeometry+screensChanged surfaces=2 mitglieder=2 teilnehmer=1
2026-09-12T12:54:25+02:00 HAL9000 kwin_wayland[3254]: kwin-xmonad-lite: surface a89f5ec2-ab8e-4108-8088-7118500a3aab|b7798180-564c-4f75-ad4a-284026ac7a68|DP-3 layout=full n=1 ratio=0.6 fläche=1920x1032+0+0
2026-09-12T12:54:25+02:00 HAL9000 kwin_wayland[3254]: kwin-xmonad-lite: diagnose a89f5ec2-ab8e-4108-8088-7118500a3aab|b7798180-564c-4f75-ad4a-284026ac7a68|DP-3 order={ab0f184d-e112-4f18-9304-7bd616efe974},{b0ac828b-7d0b-4881-8eba-aba34872aa76} teilnehmer={ab0f184d-e112-4f18-9304-7bd616efe974} float=
2026-09-12T12:55:11+02:00 HAL9000 kwin_wayland[3254]: kwin-xmonad-lite: befehl toggleFloat surface=a89f5ec2-ab8e-4108-8088-7118500a3aab|b7798180-564c-4f75-ad4a-284026ac7a68|DP-3 via=aktiv fenster={ab0f184d-e112-4f18-9304-7bd616efe974} → gefloatet
2026-09-12T12:55:11+02:00 HAL9000 kwin_wayland[3254]: kwin-xmonad-lite: arrange #166 grund=shortcut:toggleFloat surfaces=2 mitglieder=2 teilnehmer=0
2026-09-12T12:55:11+02:00 HAL9000 kwin_wayland[3254]: kwin-xmonad-lite: surface a89f5ec2-ab8e-4108-8088-7118500a3aab|b7798180-564c-4f75-ad4a-284026ac7a68|DP-3 layout=full n=0 ratio=0.6 fläche=1920x1032+0+0
2026-09-12T12:55:11+02:00 HAL9000 kwin_wayland[3254]: kwin-xmonad-lite: diagnose a89f5ec2-ab8e-4108-8088-7118500a3aab|b7798180-564c-4f75-ad4a-284026ac7a68|DP-3 order={ab0f184d-e112-4f18-9304-7bd616efe974},{b0ac828b-7d0b-4881-8eba-aba34872aa76} teilnehmer= float={ab0f184d-e112-4f18-9304-7bd616efe974}
2026-09-12T12:55:48+02:00 HAL9000 kwin_wayland[3254]: kwin-xmonad-lite: befehl shrink surface=a89f5ec2-ab8e-4108-8088-7118500a3aab|b7798180-564c-4f75-ad4a-284026ac7a68|DP-3 via=aktiv ratio=0.55
2026-09-12T12:55:48+02:00 HAL9000 kwin_wayland[3254]: kwin-xmonad-lite: arrange #167 grund=shortcut:shrink surfaces=2 mitglieder=2 teilnehmer=0
2026-09-12T12:55:48+02:00 HAL9000 kwin_wayland[3254]: kwin-xmonad-lite: surface a89f5ec2-ab8e-4108-8088-7118500a3aab|b7798180-564c-4f75-ad4a-284026ac7a68|DP-3 layout=full n=0 ratio=0.55 fläche=1920x1032+0+0
2026-09-12T12:55:48+02:00 HAL9000 kwin_wayland[3254]: kwin-xmonad-lite: diagnose a89f5ec2-ab8e-4108-8088-7118500a3aab|b7798180-564c-4f75-ad4a-284026ac7a68|DP-3 order={ab0f184d-e112-4f18-9304-7bd616efe974},{b0ac828b-7d0b-4881-8eba-aba34872aa76} teilnehmer= float={ab0f184d-e112-4f18-9304-7bd616efe974}
2026-09-12T12:57:34+02:00 HAL9000 kwin_wayland[3254]: kwin-xmonad-lite: befehl swapPrev surface=a89f5ec2-ab8e-4108-8088-7118500a3aab|b7798180-564c-4f75-ad4a-284026ac7a68|DP-3 via=aktiv master={b0ac828b-7d0b-4881-8eba-aba34872aa76}
2026-09-12T12:57:34+02:00 HAL9000 kwin_wayland[3254]: kwin-xmonad-lite: arrange #168 grund=shortcut:swapPrev surfaces=2 mitglieder=2 teilnehmer=0
2026-09-12T12:57:34+02:00 HAL9000 kwin_wayland[3254]: kwin-xmonad-lite: surface a89f5ec2-ab8e-4108-8088-7118500a3aab|b7798180-564c-4f75-ad4a-284026ac7a68|DP-3 layout=full n=0 ratio=0.55 fläche=1920x1032+0+0
2026-09-12T12:57:34+02:00 HAL9000 kwin_wayland[3254]: kwin-xmonad-lite: diagnose a89f5ec2-ab8e-4108-8088-7118500a3aab|b7798180-564c-4f75-ad4a-284026ac7a68|DP-3 order={b0ac828b-7d0b-4881-8eba-aba34872aa76},{ab0f184d-e112-4f18-9304-7bd616efe974} teilnehmer= float={ab0f184d-e112-4f18-9304-7bd616efe974}
2026-09-12T12:57:47+02:00 HAL9000 kwin_wayland[3254]: kwin-xmonad-lite: arrange #169 grund=closed,windowRemoved,fensterzustand,screenGeometry,screensChanged surfaces=1 mitglieder=2 teilnehmer=0
2026-09-12T12:57:47+02:00 HAL9000 kwin_wayland[3254]: kwin-xmonad-lite: surface a89f5ec2-ab8e-4108-8088-7118500a3aab|b7798180-564c-4f75-ad4a-284026ac7a68|DP-3 layout=full n=0 ratio=0.55 fläche=1920x1032+0+0
2026-09-12T12:57:47+02:00 HAL9000 kwin_wayland[3254]: kwin-xmonad-lite: diagnose a89f5ec2-ab8e-4108-8088-7118500a3aab|b7798180-564c-4f75-ad4a-284026ac7a68|DP-3 order={b0ac828b-7d0b-4881-8eba-aba34872aa76},{ab0f184d-e112-4f18-9304-7bd616efe974} teilnehmer= float={ab0f184d-e112-4f18-9304-7bd616efe974}
2026-09-12T12:57:47+02:00 HAL9000 kwin_wayland[3254]: kwin-xmonad-lite: arrange #170 grund=nachlauf500:screenGeometry+screensChanged surfaces=1 mitglieder=2 teilnehmer=0
2026-09-12T12:57:47+02:00 HAL9000 kwin_wayland[3254]: kwin-xmonad-lite: surface a89f5ec2-ab8e-4108-8088-7118500a3aab|b7798180-564c-4f75-ad4a-284026ac7a68|DP-3 layout=full n=0 ratio=0.55 fläche=1920x1032+0+0
2026-09-12T12:57:47+02:00 HAL9000 kwin_wayland[3254]: kwin-xmonad-lite: diagnose a89f5ec2-ab8e-4108-8088-7118500a3aab|b7798180-564c-4f75-ad4a-284026ac7a68|DP-3 order={b0ac828b-7d0b-4881-8eba-aba34872aa76},{ab0f184d-e112-4f18-9304-7bd616efe974} teilnehmer= float={ab0f184d-e112-4f18-9304-7bd616efe974}
2026-09-12T12:57:48+02:00 HAL9000 kwin_wayland[3254]: kwin-xmonad-lite: arrange #171 grund=nachlauf1500:screenGeometry+screensChanged surfaces=1 mitglieder=2 teilnehmer=0
2026-09-12T12:57:48+02:00 HAL9000 kwin_wayland[3254]: kwin-xmonad-lite: surface a89f5ec2-ab8e-4108-8088-7118500a3aab|b7798180-564c-4f75-ad4a-284026ac7a68|DP-3 layout=full n=0 ratio=0.55 fläche=1920x1032+0+0
2026-09-12T12:57:48+02:00 HAL9000 kwin_wayland[3254]: kwin-xmonad-lite: diagnose a89f5ec2-ab8e-4108-8088-7118500a3aab|b7798180-564c-4f75-ad4a-284026ac7a68|DP-3 order={b0ac828b-7d0b-4881-8eba-aba34872aa76},{ab0f184d-e112-4f18-9304-7bd616efe974} teilnehmer= float={ab0f184d-e112-4f18-9304-7bd616efe974}
2026-09-12T12:57:58+02:00 HAL9000 kwin_wayland[3254]: kwin-xmonad-lite: befehl focusNext surface=a89f5ec2-ab8e-4108-8088-7118500a3aab|b7798180-564c-4f75-ad4a-284026ac7a68|DP-3 via=aktiv fokus={b0ac828b-7d0b-4881-8eba-aba34872aa76}
2026-09-12T12:57:58+02:00 HAL9000 kwin_wayland[3254]: kwin-xmonad-lite: aktiviere {b0ac828b-7d0b-4881-8eba-aba34872aa76}
2026-09-12T12:57:58+02:00 HAL9000 kwin_wayland[3254]: kwin-xmonad-lite: arrange #172 grund=windowActivated,shortcut:focusNext surfaces=1 mitglieder=2 teilnehmer=0
2026-09-12T12:57:58+02:00 HAL9000 kwin_wayland[3254]: kwin-xmonad-lite: surface a89f5ec2-ab8e-4108-8088-7118500a3aab|b7798180-564c-4f75-ad4a-284026ac7a68|DP-3 layout=full n=0 ratio=0.55 fläche=1920x1032+0+0
2026-09-12T12:57:58+02:00 HAL9000 kwin_wayland[3254]: kwin-xmonad-lite: diagnose a89f5ec2-ab8e-4108-8088-7118500a3aab|b7798180-564c-4f75-ad4a-284026ac7a68|DP-3 order={b0ac828b-7d0b-4881-8eba-aba34872aa76},{ab0f184d-e112-4f18-9304-7bd616efe974} teilnehmer= float={ab0f184d-e112-4f18-9304-7bd616efe974}
2026-09-12T12:58:17+02:00 HAL9000 kwin_wayland[3254]: kwin-xmonad-lite: befehl sink surface=a89f5ec2-ab8e-4108-8088-7118500a3aab|b7798180-564c-4f75-ad4a-284026ac7a68|DP-3 via=aktiv fenster={b0ac828b-7d0b-4881-8eba-aba34872aa76} → bereitsGekachelt
2026-09-12T12:58:27+02:00 HAL9000 kwin_wayland[3254]: kwin-xmonad-lite: arrange #173 grund=windowActivated,fensterzustand surfaces=1 mitglieder=2 teilnehmer=0
2026-09-12T12:58:27+02:00 HAL9000 kwin_wayland[3254]: kwin-xmonad-lite: surface a89f5ec2-ab8e-4108-8088-7118500a3aab|b7798180-564c-4f75-ad4a-284026ac7a68|DP-3 layout=full n=0 ratio=0.55 fläche=1920x1032+0+0
2026-09-12T12:58:27+02:00 HAL9000 kwin_wayland[3254]: kwin-xmonad-lite: diagnose a89f5ec2-ab8e-4108-8088-7118500a3aab|b7798180-564c-4f75-ad4a-284026ac7a68|DP-3 order={b0ac828b-7d0b-4881-8eba-aba34872aa76},{ab0f184d-e112-4f18-9304-7bd616efe974} teilnehmer= float={ab0f184d-e112-4f18-9304-7bd616efe974}
2026-09-12T12:59:43+02:00 HAL9000 kwin_wayland[3254]: kwin-xmonad-lite: arrange #174 grund=windowActivated,windowAdded surfaces=1 mitglieder=3 teilnehmer=1
2026-09-12T12:59:43+02:00 HAL9000 kwin_wayland[3254]: kwin-xmonad-lite: surface a89f5ec2-ab8e-4108-8088-7118500a3aab|b7798180-564c-4f75-ad4a-284026ac7a68|DP-3 layout=full n=1 ratio=0.55 fläche=1920x1032+0+0
2026-09-12T12:59:43+02:00 HAL9000 kwin_wayland[3254]: kwin-xmonad-lite: diagnose a89f5ec2-ab8e-4108-8088-7118500a3aab|b7798180-564c-4f75-ad4a-284026ac7a68|DP-3 order={b0ac828b-7d0b-4881-8eba-aba34872aa76},{80f62281-2f88-4a75-a243-dcee4db77d22},{ab0f184d-e112-4f18-9304-7bd616efe974} teilnehmer={80f62281-2f88-4a75-a243-dcee4db77d22} float={ab0f184d-e112-4f18-9304-7bd616efe974}
2026-09-12T12:59:58+02:00 HAL9000 kwin_wayland[3254]: kwin-xmonad-lite: arrange #175 grund=windowActivated,fensterzustand surfaces=1 mitglieder=3 teilnehmer=0
2026-09-12T12:59:58+02:00 HAL9000 kwin_wayland[3254]: kwin-xmonad-lite: surface a89f5ec2-ab8e-4108-8088-7118500a3aab|b7798180-564c-4f75-ad4a-284026ac7a68|DP-3 layout=full n=0 ratio=0.55 fläche=1920x1032+0+0
2026-09-12T12:59:58+02:00 HAL9000 kwin_wayland[3254]: kwin-xmonad-lite: diagnose a89f5ec2-ab8e-4108-8088-7118500a3aab|b7798180-564c-4f75-ad4a-284026ac7a68|DP-3 order={b0ac828b-7d0b-4881-8eba-aba34872aa76},{80f62281-2f88-4a75-a243-dcee4db77d22},{ab0f184d-e112-4f18-9304-7bd616efe974} teilnehmer= float={ab0f184d-e112-4f18-9304-7bd616efe974}
2026-09-12T13:00:27+02:00 HAL9000 kwin_wayland[3254]: kwin-xmonad-lite: befehl shrink surface=a89f5ec2-ab8e-4108-8088-7118500a3aab|b7798180-564c-4f75-ad4a-284026ac7a68|DP-3 via=aktiv ratio=0.5
2026-09-12T13:00:27+02:00 HAL9000 kwin_wayland[3254]: kwin-xmonad-lite: arrange #176 grund=shortcut:shrink surfaces=1 mitglieder=3 teilnehmer=0
2026-09-12T13:00:27+02:00 HAL9000 kwin_wayland[3254]: kwin-xmonad-lite: surface a89f5ec2-ab8e-4108-8088-7118500a3aab|b7798180-564c-4f75-ad4a-284026ac7a68|DP-3 layout=full n=0 ratio=0.5 fläche=1920x1032+0+0
2026-09-12T13:00:27+02:00 HAL9000 kwin_wayland[3254]: kwin-xmonad-lite: diagnose a89f5ec2-ab8e-4108-8088-7118500a3aab|b7798180-564c-4f75-ad4a-284026ac7a68|DP-3 order={b0ac828b-7d0b-4881-8eba-aba34872aa76},{80f62281-2f88-4a75-a243-dcee4db77d22},{ab0f184d-e112-4f18-9304-7bd616efe974} teilnehmer= float={ab0f184d-e112-4f18-9304-7bd616efe974}
2026-09-12T13:01:24+02:00 HAL9000 kwin_wayland[3254]: kwin-xmonad-lite: befehl focusNext surface=a89f5ec2-ab8e-4108-8088-7118500a3aab|b7798180-564c-4f75-ad4a-284026ac7a68|DP-3 via=aktiv fokus={b0ac828b-7d0b-4881-8eba-aba34872aa76}
2026-09-12T13:01:24+02:00 HAL9000 kwin_wayland[3254]: kwin-xmonad-lite: aktiviere {b0ac828b-7d0b-4881-8eba-aba34872aa76}
2026-09-12T13:01:24+02:00 HAL9000 kwin_wayland[3254]: kwin-xmonad-lite: arrange #177 grund=fensterzustand,windowActivated,shortcut:focusNext surfaces=1 mitglieder=3 teilnehmer=0
2026-09-12T13:01:24+02:00 HAL9000 kwin_wayland[3254]: kwin-xmonad-lite: surface a89f5ec2-ab8e-4108-8088-7118500a3aab|b7798180-564c-4f75-ad4a-284026ac7a68|DP-3 layout=full n=0 ratio=0.5 fläche=1920x1032+0+0
2026-09-12T13:01:24+02:00 HAL9000 kwin_wayland[3254]: kwin-xmonad-lite: diagnose a89f5ec2-ab8e-4108-8088-7118500a3aab|b7798180-564c-4f75-ad4a-284026ac7a68|DP-3 order={b0ac828b-7d0b-4881-8eba-aba34872aa76},{80f62281-2f88-4a75-a243-dcee4db77d22},{ab0f184d-e112-4f18-9304-7bd616efe974} teilnehmer= float={ab0f184d-e112-4f18-9304-7bd616efe974}
2026-09-12T13:01:35+02:00 HAL9000 kwin_wayland[3254]: kwin-xmonad-lite: arrange #178 grund=moveResizeFinished surfaces=1 mitglieder=3 teilnehmer=0
2026-09-12T13:01:35+02:00 HAL9000 kwin_wayland[3254]: kwin-xmonad-lite: surface a89f5ec2-ab8e-4108-8088-7118500a3aab|b7798180-564c-4f75-ad4a-284026ac7a68|DP-3 layout=full n=0 ratio=0.5 fläche=1920x1032+0+0
2026-09-12T13:01:35+02:00 HAL9000 kwin_wayland[3254]: kwin-xmonad-lite: diagnose a89f5ec2-ab8e-4108-8088-7118500a3aab|b7798180-564c-4f75-ad4a-284026ac7a68|DP-3 order={b0ac828b-7d0b-4881-8eba-aba34872aa76},{80f62281-2f88-4a75-a243-dcee4db77d22},{ab0f184d-e112-4f18-9304-7bd616efe974} teilnehmer= float={ab0f184d-e112-4f18-9304-7bd616efe974}
2026-09-12T13:01:57+02:00 HAL9000 kwin_wayland[3254]: kwin-xmonad-lite: arrange #179 grund=windowActivated,desktopChanged surfaces=1 mitglieder=0 teilnehmer=0
2026-09-12T13:03:05+02:00 HAL9000 kwin_wayland[3254]: kwin-xmonad-lite: befehl focusNext surface=a89f5ec2-ab8e-4108-8088-7118500a3aab|eb859906-5dd5-4314-92bc-4f3cc1582e4f|DP-3 via=ausgabe ohne Fokusziel unverändert
2026-09-12T13:04:10+02:00 HAL9000 kwin_wayland[3254]: kwin-xmonad-lite: befehl promote surface=a89f5ec2-ab8e-4108-8088-7118500a3aab|eb859906-5dd5-4314-92bc-4f3cc1582e4f|DP-3 via=ausgabe master=- unverändert
2026-09-12T13:05:11+02:00 HAL9000 kwin_wayland[3254]: kwin-xmonad-lite: gc #180 fenster=1 surfaces=0
2026-09-12T13:05:11+02:00 HAL9000 kwin_wayland[3254]: kwin-xmonad-lite: arrange #180 grund=closed,windowRemoved surfaces=1 mitglieder=0 teilnehmer=0
2026-09-12T13:06:06+02:00 HAL9000 kwin_wayland[3254]: kwin-xmonad-lite: befehl resetLayout surface=a89f5ec2-ab8e-4108-8088-7118500a3aab|eb859906-5dd5-4314-92bc-4f3cc1582e4f|DP-3 via=ausgabe layout=tall unverändert
2026-09-12T13:07:34+02:00 HAL9000 kwin_wayland[3254]: kwin-xmonad-lite: befehl promote surface=a89f5ec2-ab8e-4108-8088-7118500a3aab|eb859906-5dd5-4314-92bc-4f3cc1582e4f|DP-3 via=ausgabe master=- unverändert
2026-09-12T13:09:33+02:00 HAL9000 kwin_wayland[3254]: kwin-xmonad-lite: befehl swapPrev surface=a89f5ec2-ab8e-4108-8088-7118500a3aab|eb859906-5dd5-4314-92bc-4f3cc1582e4f|DP-3 via=ausgabe master=- unverändert
2026-09-12T13:10:31+02:00 HAL9000 kwin_wayland[3254]: kwin-xmonad-lite: befehl toggleFloat surface=a89f5ec2-ab8e-4108-8088-7118500a3aab|eb859906-5dd5-4314-92bc-4f3cc1582e4f|DP-3 via=ausgabe fenster={f403026b-f5d1-4d06-9dc6-e27caeb600ad} → keinMitglied
2026-09-12T13:10:43+02:00 HAL9000 kwin_wayland[3254]: kwin-xmonad-lite: arrange #181 grund=windowActivated,windowAdded surfaces=1 mitglieder=1 teilnehmer=1
2026-09-12T13:10:43+02:00 HAL9000 kwin_wayland[3254]: kwin-xmonad-lite: surface a89f5ec2-ab8e-4108-8088-7118500a3aab|eb859906-5dd5-4314-92bc-4f3cc1582e4f|DP-3 layout=tall n=1 ratio=0.65 fläche=1920x1032+0+0
2026-09-12T13:10:43+02:00 HAL9000 kwin_wayland[3254]: kwin-xmonad-lite: diagnose a89f5ec2-ab8e-4108-8088-7118500a3aab|eb859906-5dd5-4314-92bc-4f3cc1582e4f|DP-3 order={e16fc5c2-abee-4f1e-9a1e-0d152d350f79} teilnehmer={e16fc5c2-abee-4f1e-9a1e-0d152d350f79} float=
2026-09-12T13:10:43+02:00 HAL9000 kwin_wayland[3254]: kwin-xmonad-lite: apply {e16fc5c2-abee-4f1e-9a1e-0d152d350f79} soll=1920x1032+0+0
2026-09-12T13:11:45+02:00 HAL9000 kwin_wayland[3254]: kwin-xmonad-lite: arrange #182 grund=windowActivated,windowAdded surfaces=1 mitglieder=2 teilnehmer=2
2026-09-12T13:11:45+02:00 HAL9000 kwin_wayland[3254]: kwin-xmonad-lite: surface a89f5ec2-ab8e-4108-8088-7118500a3aab|eb859906-5dd5-4314-92bc-4f3cc1582e4f|DP-3 layout=tall n=2 ratio=0.65 fläche=1920x1032+0+0
2026-09-12T13:11:45+02:00 HAL9000 kwin_wayland[3254]: kwin-xmonad-lite: diagnose a89f5ec2-ab8e-4108-8088-7118500a3aab|eb859906-5dd5-4314-92bc-4f3cc1582e4f|DP-3 order={4e66eb17-8610-43bd-80ca-5d9c5ca0d871},{e16fc5c2-abee-4f1e-9a1e-0d152d350f79} teilnehmer={4e66eb17-8610-43bd-80ca-5d9c5ca0d871},{e16fc5c2-abee-4f1e-9a1e-0d152d350f79} float=
2026-09-12T13:11:45+02:00 HAL9000 kwin_wayland[3254]: kwin-xmonad-lite: apply {4e66eb17-8610-43bd-80ca-5d9c5ca0d871} soll=1248x1032+0+0
2026-09-12T13:11:45+02:00 HAL9000 kwin_wayland[3254]: kwin-xmonad-lite: apply {e16fc5c2-abee-4f1e-9a1e-0d152d350f79} soll=672x1032+1248+0
2026-09-12T13:12:27+02:00 HAL9000 kwin_wayland[3254]: kwin-xmonad-lite: dockGeometrie {ec21bef1-b673-49b3-8924-0a25eed97369}
2026-09-12T13:12:27+02:00 HAL9000 kwin_wayland[3254]: kwin-xmonad-lite: dockGeometrie {ec21bef1-b673-49b3-8924-0a25eed97369}
2026-09-12T13:12:27+02:00 HAL9000 kwin_wayland[3254]: kwin-xmonad-lite: arrange #183 grund=dockGeometrie surfaces=1 mitglieder=2 teilnehmer=2
2026-09-12T13:12:27+02:00 HAL9000 kwin_wayland[3254]: kwin-xmonad-lite: surface a89f5ec2-ab8e-4108-8088-7118500a3aab|eb859906-5dd5-4314-92bc-4f3cc1582e4f|DP-3 layout=tall n=2 ratio=0.65 fläche=1920x1032+0+0
2026-09-12T13:12:27+02:00 HAL9000 kwin_wayland[3254]: kwin-xmonad-lite: diagnose a89f5ec2-ab8e-4108-8088-7118500a3aab|eb859906-5dd5-4314-92bc-4f3cc1582e4f|DP-3 order={4e66eb17-8610-43bd-80ca-5d9c5ca0d871},{e16fc5c2-abee-4f1e-9a1e-0d152d350f79} teilnehmer={4e66eb17-8610-43bd-80ca-5d9c5ca0d871},{e16fc5c2-abee-4f1e-9a1e-0d152d350f79} float=
2026-09-12T13:12:27+02:00 HAL9000 kwin_wayland[3254]: kwin-xmonad-lite: extern {e16fc5c2-abee-4f1e-9a1e-0d152d350f79}
2026-09-12T13:12:27+02:00 HAL9000 kwin_wayland[3254]: kwin-xmonad-lite: extern {4e66eb17-8610-43bd-80ca-5d9c5ca0d871}
2026-09-12T13:12:27+02:00 HAL9000 kwin_wayland[3254]: kwin-xmonad-lite: arrange #184 grund=geometrieExtern surfaces=1 mitglieder=2 teilnehmer=2
2026-09-12T13:12:27+02:00 HAL9000 kwin_wayland[3254]: kwin-xmonad-lite: surface a89f5ec2-ab8e-4108-8088-7118500a3aab|eb859906-5dd5-4314-92bc-4f3cc1582e4f|DP-3 layout=tall n=2 ratio=0.65 fläche=1920x1050+0+0
2026-09-12T13:12:27+02:00 HAL9000 kwin_wayland[3254]: kwin-xmonad-lite: diagnose a89f5ec2-ab8e-4108-8088-7118500a3aab|eb859906-5dd5-4314-92bc-4f3cc1582e4f|DP-3 order={4e66eb17-8610-43bd-80ca-5d9c5ca0d871},{e16fc5c2-abee-4f1e-9a1e-0d152d350f79} teilnehmer={4e66eb17-8610-43bd-80ca-5d9c5ca0d871},{e16fc5c2-abee-4f1e-9a1e-0d152d350f79} float=
2026-09-12T13:12:27+02:00 HAL9000 kwin_wayland[3254]: kwin-xmonad-lite: apply {4e66eb17-8610-43bd-80ca-5d9c5ca0d871} soll=1248x1050+0+0
2026-09-12T13:12:27+02:00 HAL9000 kwin_wayland[3254]: kwin-xmonad-lite: apply {e16fc5c2-abee-4f1e-9a1e-0d152d350f79} soll=672x1050+1248+0
2026-09-12T13:12:27+02:00 HAL9000 kwin_wayland[3254]: kwin-xmonad-lite: arrange #185 grund=nachlauf500:dockGeometrie surfaces=1 mitglieder=2 teilnehmer=2
2026-09-12T13:12:27+02:00 HAL9000 kwin_wayland[3254]: kwin-xmonad-lite: surface a89f5ec2-ab8e-4108-8088-7118500a3aab|eb859906-5dd5-4314-92bc-4f3cc1582e4f|DP-3 layout=tall n=2 ratio=0.65 fläche=1920x1050+0+0
2026-09-12T13:12:27+02:00 HAL9000 kwin_wayland[3254]: kwin-xmonad-lite: diagnose a89f5ec2-ab8e-4108-8088-7118500a3aab|eb859906-5dd5-4314-92bc-4f3cc1582e4f|DP-3 order={4e66eb17-8610-43bd-80ca-5d9c5ca0d871},{e16fc5c2-abee-4f1e-9a1e-0d152d350f79} teilnehmer={4e66eb17-8610-43bd-80ca-5d9c5ca0d871},{e16fc5c2-abee-4f1e-9a1e-0d152d350f79} float=
2026-09-12T13:12:28+02:00 HAL9000 kwin_wayland[3254]: kwin-xmonad-lite: arrange #186 grund=nachlauf1500:dockGeometrie surfaces=1 mitglieder=2 teilnehmer=2
2026-09-12T13:12:28+02:00 HAL9000 kwin_wayland[3254]: kwin-xmonad-lite: surface a89f5ec2-ab8e-4108-8088-7118500a3aab|eb859906-5dd5-4314-92bc-4f3cc1582e4f|DP-3 layout=tall n=2 ratio=0.65 fläche=1920x1050+0+0
2026-09-12T13:12:28+02:00 HAL9000 kwin_wayland[3254]: kwin-xmonad-lite: diagnose a89f5ec2-ab8e-4108-8088-7118500a3aab|eb859906-5dd5-4314-92bc-4f3cc1582e4f|DP-3 order={4e66eb17-8610-43bd-80ca-5d9c5ca0d871},{e16fc5c2-abee-4f1e-9a1e-0d152d350f79} teilnehmer={4e66eb17-8610-43bd-80ca-5d9c5ca0d871},{e16fc5c2-abee-4f1e-9a1e-0d152d350f79} float=
2026-09-12T13:13:12+02:00 HAL9000 kwin_wayland[3254]: kwin-xmonad-lite: arrange #187 grund=windowAdded surfaces=1 mitglieder=3 teilnehmer=2
2026-09-12T13:13:12+02:00 HAL9000 kwin_wayland[3254]: kwin-xmonad-lite: surface a89f5ec2-ab8e-4108-8088-7118500a3aab|eb859906-5dd5-4314-92bc-4f3cc1582e4f|DP-3 layout=tall n=2 ratio=0.65 fläche=1920x1050+0+0
2026-09-12T13:13:12+02:00 HAL9000 kwin_wayland[3254]: kwin-xmonad-lite: diagnose a89f5ec2-ab8e-4108-8088-7118500a3aab|eb859906-5dd5-4314-92bc-4f3cc1582e4f|DP-3 order={1fb29180-d875-45d8-ae06-207cd2cd843d},{4e66eb17-8610-43bd-80ca-5d9c5ca0d871},{e16fc5c2-abee-4f1e-9a1e-0d152d350f79} teilnehmer={4e66eb17-8610-43bd-80ca-5d9c5ca0d871},{e16fc5c2-abee-4f1e-9a1e-0d152d350f79} float=
2026-09-12T13:13:13+02:00 HAL9000 kwin_wayland[3254]: kwin-xmonad-lite: gc #188 fenster=1 surfaces=0
2026-09-12T13:13:13+02:00 HAL9000 kwin_wayland[3254]: kwin-xmonad-lite: arrange #188 grund=closed,windowRemoved,moveResizeFinished surfaces=1 mitglieder=2 teilnehmer=2
2026-09-12T13:13:13+02:00 HAL9000 kwin_wayland[3254]: kwin-xmonad-lite: surface a89f5ec2-ab8e-4108-8088-7118500a3aab|eb859906-5dd5-4314-92bc-4f3cc1582e4f|DP-3 layout=tall n=2 ratio=0.65 fläche=1920x1050+0+0
2026-09-12T13:13:13+02:00 HAL9000 kwin_wayland[3254]: kwin-xmonad-lite: diagnose a89f5ec2-ab8e-4108-8088-7118500a3aab|eb859906-5dd5-4314-92bc-4f3cc1582e4f|DP-3 order={4e66eb17-8610-43bd-80ca-5d9c5ca0d871},{e16fc5c2-abee-4f1e-9a1e-0d152d350f79} teilnehmer={4e66eb17-8610-43bd-80ca-5d9c5ca0d871},{e16fc5c2-abee-4f1e-9a1e-0d152d350f79} float=
2026-09-12T13:13:13+02:00 HAL9000 kwin_wayland[3254]: kwin-xmonad-lite: apply {4e66eb17-8610-43bd-80ca-5d9c5ca0d871} soll=1248x1050+0+0
2026-09-12T13:13:13+02:00 HAL9000 kwin_wayland[3254]: kwin-xmonad-lite: extern {4e66eb17-8610-43bd-80ca-5d9c5ca0d871}
2026-09-12T13:13:13+02:00 HAL9000 kwin_wayland[3254]: kwin-xmonad-lite: arrange #189 grund=geometrieExtern surfaces=1 mitglieder=2 teilnehmer=2
2026-09-12T13:13:13+02:00 HAL9000 kwin_wayland[3254]: kwin-xmonad-lite: surface a89f5ec2-ab8e-4108-8088-7118500a3aab|eb859906-5dd5-4314-92bc-4f3cc1582e4f|DP-3 layout=tall n=2 ratio=0.65 fläche=1920x1050+0+0
2026-09-12T13:13:13+02:00 HAL9000 kwin_wayland[3254]: kwin-xmonad-lite: diagnose a89f5ec2-ab8e-4108-8088-7118500a3aab|eb859906-5dd5-4314-92bc-4f3cc1582e4f|DP-3 order={4e66eb17-8610-43bd-80ca-5d9c5ca0d871},{e16fc5c2-abee-4f1e-9a1e-0d152d350f79} teilnehmer={4e66eb17-8610-43bd-80ca-5d9c5ca0d871},{e16fc5c2-abee-4f1e-9a1e-0d152d350f79} float=
2026-09-12T13:13:13+02:00 HAL9000 kwin_wayland[3254]: kwin-xmonad-lite: apply {4e66eb17-8610-43bd-80ca-5d9c5ca0d871} soll=1248x1050+0+0
2026-09-12T13:13:37+02:00 HAL9000 kwin_wayland[3254]: kwin-xmonad-lite: befehl shrink surface=a89f5ec2-ab8e-4108-8088-7118500a3aab|eb859906-5dd5-4314-92bc-4f3cc1582e4f|DP-3 via=aktiv ratio=0.6
2026-09-12T13:13:37+02:00 HAL9000 kwin_wayland[3254]: kwin-xmonad-lite: arrange #190 grund=shortcut:shrink surfaces=1 mitglieder=2 teilnehmer=2
2026-09-12T13:13:37+02:00 HAL9000 kwin_wayland[3254]: kwin-xmonad-lite: surface a89f5ec2-ab8e-4108-8088-7118500a3aab|eb859906-5dd5-4314-92bc-4f3cc1582e4f|DP-3 layout=tall n=2 ratio=0.6 fläche=1920x1050+0+0
2026-09-12T13:13:37+02:00 HAL9000 kwin_wayland[3254]: kwin-xmonad-lite: diagnose a89f5ec2-ab8e-4108-8088-7118500a3aab|eb859906-5dd5-4314-92bc-4f3cc1582e4f|DP-3 order={4e66eb17-8610-43bd-80ca-5d9c5ca0d871},{e16fc5c2-abee-4f1e-9a1e-0d152d350f79} teilnehmer={4e66eb17-8610-43bd-80ca-5d9c5ca0d871},{e16fc5c2-abee-4f1e-9a1e-0d152d350f79} float=
2026-09-12T13:13:37+02:00 HAL9000 kwin_wayland[3254]: kwin-xmonad-lite: apply {4e66eb17-8610-43bd-80ca-5d9c5ca0d871} soll=1152x1050+0+0
2026-09-12T13:13:37+02:00 HAL9000 kwin_wayland[3254]: kwin-xmonad-lite: apply {e16fc5c2-abee-4f1e-9a1e-0d152d350f79} soll=768x1050+1152+0
2026-09-12T13:14:39+02:00 HAL9000 kwin_wayland[3254]: kwin-xmonad-lite: arrange #191 grund=screenGeometry,screensChanged surfaces=2 mitglieder=2 teilnehmer=2
2026-09-12T13:14:39+02:00 HAL9000 kwin_wayland[3254]: kwin-xmonad-lite: surface a89f5ec2-ab8e-4108-8088-7118500a3aab|eb859906-5dd5-4314-92bc-4f3cc1582e4f|DP-3 layout=tall n=2 ratio=0.6 fläche=1920x1050+0+0
2026-09-12T13:14:39+02:00 HAL9000 kwin_wayland[3254]: kwin-xmonad-lite: diagnose a89f5ec2-ab8e-4108-8088-7118500a3aab|eb859906-5dd5-4314-92bc-4f3cc1582e4f|DP-3 order={4e66eb17-8610-43bd-80ca-5d9c5ca0d871},{e16fc5c2-abee-4f1e-9a1e-0d152d350f79} teilnehmer={4e66eb17-8610-43bd-80ca-5d9c5ca0d871},{e16fc5c2-abee-4f1e-9a1e-0d152d350f79} float=
2026-09-12T13:14:39+02:00 HAL9000 kwin_wayland[3254]: kwin-xmonad-lite: extern {4e66eb17-8610-43bd-80ca-5d9c5ca0d871}
2026-09-12T13:14:39+02:00 HAL9000 kwin_wayland[3254]: kwin-xmonad-lite: arrange #192 grund=geometrieExtern,fensterzustand surfaces=2 mitglieder=2 teilnehmer=2
2026-09-12T13:14:39+02:00 HAL9000 kwin_wayland[3254]: kwin-xmonad-lite: surface a89f5ec2-ab8e-4108-8088-7118500a3aab|eb859906-5dd5-4314-92bc-4f3cc1582e4f|DP-3 layout=tall n=2 ratio=0.6 fläche=1920x1050+0+0
2026-09-12T13:14:39+02:00 HAL9000 kwin_wayland[3254]: kwin-xmonad-lite: diagnose a89f5ec2-ab8e-4108-8088-7118500a3aab|eb859906-5dd5-4314-92bc-4f3cc1582e4f|DP-3 order={4e66eb17-8610-43bd-80ca-5d9c5ca0d871},{e16fc5c2-abee-4f1e-9a1e-0d152d350f79} teilnehmer={4e66eb17-8610-43bd-80ca-5d9c5ca0d871},{e16fc5c2-abee-4f1e-9a1e-0d152d350f79} float=
2026-09-12T13:14:39+02:00 HAL9000 kwin_wayland[3254]: kwin-xmonad-lite: apply {4e66eb17-8610-43bd-80ca-5d9c5ca0d871} soll=1152x1050+0+0
2026-09-12T13:14:39+02:00 HAL9000 kwin_wayland[3254]: kwin-xmonad-lite: arrange #193 grund=nachlauf500:screenGeometry+screensChanged surfaces=2 mitglieder=2 teilnehmer=2
2026-09-12T13:14:39+02:00 HAL9000 kwin_wayland[3254]: kwin-xmonad-lite: surface a89f5ec2-ab8e-4108-8088-7118500a3aab|eb859906-5dd5-4314-92bc-4f3cc1582e4f|DP-3 layout=tall n=2 ratio=0.6 fläche=1920x1050+0+0
2026-09-12T13:14:39+02:00 HAL9000 kwin_wayland[3254]: kwin-xmonad-lite: diagnose a89f5ec2-ab8e-4108-8088-7118500a3aab|eb859906-5dd5-4314-92bc-4f3cc1582e4f|DP-3 order={4e66eb17-8610-43bd-80ca-5d9c5ca0d871},{e16fc5c2-abee-4f1e-9a1e-0d152d350f79} teilnehmer={4e66eb17-8610-43bd-80ca-5d9c5ca0d871},{e16fc5c2-abee-4f1e-9a1e-0d152d350f79} float=
2026-09-12T13:14:39+02:00 HAL9000 kwin_wayland[3254]: kwin-xmonad-lite: arrange #194 grund=windowAdded surfaces=2 mitglieder=2 teilnehmer=2
2026-09-12T13:14:39+02:00 HAL9000 kwin_wayland[3254]: kwin-xmonad-lite: surface a89f5ec2-ab8e-4108-8088-7118500a3aab|eb859906-5dd5-4314-92bc-4f3cc1582e4f|DP-3 layout=tall n=2 ratio=0.6 fläche=1920x1050+0+0
2026-09-12T13:14:39+02:00 HAL9000 kwin_wayland[3254]: kwin-xmonad-lite: diagnose a89f5ec2-ab8e-4108-8088-7118500a3aab|eb859906-5dd5-4314-92bc-4f3cc1582e4f|DP-3 order={4e66eb17-8610-43bd-80ca-5d9c5ca0d871},{e16fc5c2-abee-4f1e-9a1e-0d152d350f79} teilnehmer={4e66eb17-8610-43bd-80ca-5d9c5ca0d871},{e16fc5c2-abee-4f1e-9a1e-0d152d350f79} float=
2026-09-12T13:14:40+02:00 HAL9000 kwin_wayland[3254]: kwin-xmonad-lite: arrange #195 grund=nachlauf1500:screenGeometry+screensChanged surfaces=2 mitglieder=2 teilnehmer=2
2026-09-12T13:14:40+02:00 HAL9000 kwin_wayland[3254]: kwin-xmonad-lite: surface a89f5ec2-ab8e-4108-8088-7118500a3aab|eb859906-5dd5-4314-92bc-4f3cc1582e4f|DP-3 layout=tall n=2 ratio=0.6 fläche=1920x1050+0+0
2026-09-12T13:14:40+02:00 HAL9000 kwin_wayland[3254]: kwin-xmonad-lite: diagnose a89f5ec2-ab8e-4108-8088-7118500a3aab|eb859906-5dd5-4314-92bc-4f3cc1582e4f|DP-3 order={4e66eb17-8610-43bd-80ca-5d9c5ca0d871},{e16fc5c2-abee-4f1e-9a1e-0d152d350f79} teilnehmer={4e66eb17-8610-43bd-80ca-5d9c5ca0d871},{e16fc5c2-abee-4f1e-9a1e-0d152d350f79} float=
2026-09-12T13:15:35+02:00 HAL9000 kxl-abnahme[12382]: == Fall 27b Ende ==
