2026-09-06T19:47:48+02:00 HAL9000 kxl-abnahme[8529]: == Fall 27 Anfang ==
2026-09-06T19:47:49+02:00 HAL9000 kwin_wayland[2468]: kwin-xmonad-lite: extern {b5199d7e-ca1d-4451-bf04-426469b8e468}
2026-09-06T19:47:49+02:00 HAL9000 kwin_wayland[2468]: kwin-xmonad-lite: arrange #65 grund=geometrieExtern,fensterzustand surfaces=2 mitglieder=7 teilnehmer=7
2026-09-06T19:47:49+02:00 HAL9000 kwin_wayland[2468]: kwin-xmonad-lite: surface a89f5ec2-ab8e-4108-8088-7118500a3aab|89539ae6-e06b-4c76-a057-95df959578a9|eDP-1 layout=full n=4 ratio=0.65 fläche=1920x1080+1920+0
2026-09-06T19:47:49+02:00 HAL9000 kwin_wayland[2468]: kwin-xmonad-lite: diagnose a89f5ec2-ab8e-4108-8088-7118500a3aab|89539ae6-e06b-4c76-a057-95df959578a9|eDP-1 order={b5199d7e-ca1d-4451-bf04-426469b8e468},{d748ac35-9960-4cef-bb7c-f3de0dbc346c},{36c69109-99f8-4079-9fb7-02567acde176},{9cea3fcd-22eb-447b-a180-9096201dc0af} teilnehmer={b5199d7e-ca1d-4451-bf04-426469b8e468},{d748ac35-9960-4cef-bb7c-f3de0dbc346c},{36c69109-99f8-4079-9fb7-02567acde176},{9cea3fcd-22eb-447b-a180-9096201dc0af} float=
2026-09-06T19:47:49+02:00 HAL9000 kwin_wayland[2468]: kwin-xmonad-lite: apply {b5199d7e-ca1d-4451-bf04-426469b8e468} soll=1920x1080+1920+0
2026-09-06T19:47:49+02:00 HAL9000 kwin_wayland[2468]: kwin-xmonad-lite: surface a89f5ec2-ab8e-4108-8088-7118500a3aab|89539ae6-e06b-4c76-a057-95df959578a9|DP-3 layout=tall n=3 ratio=0.55 fläche=1920x1050+0+0
2026-09-06T19:47:49+02:00 HAL9000 kwin_wayland[2468]: kwin-xmonad-lite: diagnose a89f5ec2-ab8e-4108-8088-7118500a3aab|89539ae6-e06b-4c76-a057-95df959578a9|DP-3 order={28cf93d9-18fe-460f-99bf-07a714706ddd},{28bdcf93-d890-4900-92bc-8851b8097194},{38b7d072-075b-409d-8a6f-014d9c819ff5} teilnehmer={28cf93d9-18fe-460f-99bf-07a714706ddd},{28bdcf93-d890-4900-92bc-8851b8097194},{38b7d072-075b-409d-8a6f-014d9c819ff5} float=
2026-09-06T19:47:49+02:00 HAL9000 kwin_wayland[2468]: kwin-xmonad-lite: apply {28bdcf93-d890-4900-92bc-8851b8097194} soll=864x525+1056+0
2026-09-06T19:47:49+02:00 HAL9000 kwin_wayland[2468]: kwin-xmonad-lite: apply {38b7d072-075b-409d-8a6f-014d9c819ff5} soll=864x525+1056+525
2026-09-06T19:47:49+02:00 HAL9000 kwin_wayland[2468]: kwin-xmonad-lite: nachbessern {28bdcf93-d890-4900-92bc-8851b8097194} versuch=1 ist=864x350+1056+350 soll=864x525+1056+0
2026-09-06T19:47:51+02:00 HAL9000 kwin_wayland[2468]: kwin-xmonad-lite: arrange #66 grund=windowAdded surfaces=2 mitglieder=7 teilnehmer=7
2026-09-06T19:47:51+02:00 HAL9000 kwin_wayland[2468]: kwin-xmonad-lite: surface a89f5ec2-ab8e-4108-8088-7118500a3aab|89539ae6-e06b-4c76-a057-95df959578a9|eDP-1 layout=full n=4 ratio=0.65 fläche=1920x1080+1920+0
2026-09-06T19:47:51+02:00 HAL9000 kwin_wayland[2468]: kwin-xmonad-lite: diagnose a89f5ec2-ab8e-4108-8088-7118500a3aab|89539ae6-e06b-4c76-a057-95df959578a9|eDP-1 order={b5199d7e-ca1d-4451-bf04-426469b8e468},{d748ac35-9960-4cef-bb7c-f3de0dbc346c},{36c69109-99f8-4079-9fb7-02567acde176},{9cea3fcd-22eb-447b-a180-9096201dc0af} teilnehmer={b5199d7e-ca1d-4451-bf04-426469b8e468},{d748ac35-9960-4cef-bb7c-f3de0dbc346c},{36c69109-99f8-4079-9fb7-02567acde176},{9cea3fcd-22eb-447b-a180-9096201dc0af} float=
2026-09-06T19:47:51+02:00 HAL9000 kwin_wayland[2468]: kwin-xmonad-lite: surface a89f5ec2-ab8e-4108-8088-7118500a3aab|89539ae6-e06b-4c76-a057-95df959578a9|DP-3 layout=tall n=3 ratio=0.55 fläche=1920x1050+0+0
2026-09-06T19:47:51+02:00 HAL9000 kwin_wayland[2468]: kwin-xmonad-lite: diagnose a89f5ec2-ab8e-4108-8088-7118500a3aab|89539ae6-e06b-4c76-a057-95df959578a9|DP-3 order={28cf93d9-18fe-460f-99bf-07a714706ddd},{28bdcf93-d890-4900-92bc-8851b8097194},{38b7d072-075b-409d-8a6f-014d9c819ff5} teilnehmer={28cf93d9-18fe-460f-99bf-07a714706ddd},{28bdcf93-d890-4900-92bc-8851b8097194},{38b7d072-075b-409d-8a6f-014d9c819ff5} float=
2026-09-06T19:47:57+02:00 HAL9000 kwin_wayland[2468]: kwin-xmonad-lite: arrange #67 grund=closed,windowRemoved surfaces=2 mitglieder=7 teilnehmer=7
2026-09-06T19:47:57+02:00 HAL9000 kwin_wayland[2468]: kwin-xmonad-lite: surface a89f5ec2-ab8e-4108-8088-7118500a3aab|89539ae6-e06b-4c76-a057-95df959578a9|eDP-1 layout=full n=4 ratio=0.65 fläche=1920x1080+1920+0
2026-09-06T19:47:57+02:00 HAL9000 kwin_wayland[2468]: kwin-xmonad-lite: diagnose a89f5ec2-ab8e-4108-8088-7118500a3aab|89539ae6-e06b-4c76-a057-95df959578a9|eDP-1 order={b5199d7e-ca1d-4451-bf04-426469b8e468},{d748ac35-9960-4cef-bb7c-f3de0dbc346c},{36c69109-99f8-4079-9fb7-02567acde176},{9cea3fcd-22eb-447b-a180-9096201dc0af} teilnehmer={b5199d7e-ca1d-4451-bf04-426469b8e468},{d748ac35-9960-4cef-bb7c-f3de0dbc346c},{36c69109-99f8-4079-9fb7-02567acde176},{9cea3fcd-22eb-447b-a180-9096201dc0af} float=
2026-09-06T19:47:57+02:00 HAL9000 kwin_wayland[2468]: kwin-xmonad-lite: surface a89f5ec2-ab8e-4108-8088-7118500a3aab|89539ae6-e06b-4c76-a057-95df959578a9|DP-3 layout=tall n=3 ratio=0.55 fläche=1920x1050+0+0
2026-09-06T19:47:57+02:00 HAL9000 kwin_wayland[2468]: kwin-xmonad-lite: diagnose a89f5ec2-ab8e-4108-8088-7118500a3aab|89539ae6-e06b-4c76-a057-95df959578a9|DP-3 order={28cf93d9-18fe-460f-99bf-07a714706ddd},{28bdcf93-d890-4900-92bc-8851b8097194},{38b7d072-075b-409d-8a6f-014d9c819ff5} teilnehmer={28cf93d9-18fe-460f-99bf-07a714706ddd},{28bdcf93-d890-4900-92bc-8851b8097194},{38b7d072-075b-409d-8a6f-014d9c819ff5} float=
2026-09-06T19:49:20+02:00 HAL9000 kwin_wayland[2468]: kwin-xmonad-lite: arrange #68 grund=windowAdded surfaces=2 mitglieder=7 teilnehmer=7
2026-09-06T19:49:20+02:00 HAL9000 kwin_wayland[2468]: kwin-xmonad-lite: surface a89f5ec2-ab8e-4108-8088-7118500a3aab|89539ae6-e06b-4c76-a057-95df959578a9|eDP-1 layout=full n=4 ratio=0.65 fläche=1920x1080+1920+0
2026-09-06T19:49:20+02:00 HAL9000 kwin_wayland[2468]: kwin-xmonad-lite: diagnose a89f5ec2-ab8e-4108-8088-7118500a3aab|89539ae6-e06b-4c76-a057-95df959578a9|eDP-1 order={b5199d7e-ca1d-4451-bf04-426469b8e468},{d748ac35-9960-4cef-bb7c-f3de0dbc346c},{36c69109-99f8-4079-9fb7-02567acde176},{9cea3fcd-22eb-447b-a180-9096201dc0af} teilnehmer={b5199d7e-ca1d-4451-bf04-426469b8e468},{d748ac35-9960-4cef-bb7c-f3de0dbc346c},{36c69109-99f8-4079-9fb7-02567acde176},{9cea3fcd-22eb-447b-a180-9096201dc0af} float=
2026-09-06T19:49:20+02:00 HAL9000 kwin_wayland[2468]: kwin-xmonad-lite: surface a89f5ec2-ab8e-4108-8088-7118500a3aab|89539ae6-e06b-4c76-a057-95df959578a9|DP-3 layout=tall n=3 ratio=0.55 fläche=1920x1050+0+0
2026-09-06T19:49:20+02:00 HAL9000 kwin_wayland[2468]: kwin-xmonad-lite: diagnose a89f5ec2-ab8e-4108-8088-7118500a3aab|89539ae6-e06b-4c76-a057-95df959578a9|DP-3 order={28cf93d9-18fe-460f-99bf-07a714706ddd},{28bdcf93-d890-4900-92bc-8851b8097194},{38b7d072-075b-409d-8a6f-014d9c819ff5} teilnehmer={28cf93d9-18fe-460f-99bf-07a714706ddd},{28bdcf93-d890-4900-92bc-8851b8097194},{38b7d072-075b-409d-8a6f-014d9c819ff5} float=
2026-09-06T19:49:20+02:00 HAL9000 kwin_wayland[2468]: kwin-xmonad-lite: arrange #69 grund=windowAdded surfaces=2 mitglieder=7 teilnehmer=7
2026-09-06T19:49:20+02:00 HAL9000 kwin_wayland[2468]: kwin-xmonad-lite: surface a89f5ec2-ab8e-4108-8088-7118500a3aab|89539ae6-e06b-4c76-a057-95df959578a9|eDP-1 layout=full n=4 ratio=0.65 fläche=1920x1080+1920+0
2026-09-06T19:49:20+02:00 HAL9000 kwin_wayland[2468]: kwin-xmonad-lite: diagnose a89f5ec2-ab8e-4108-8088-7118500a3aab|89539ae6-e06b-4c76-a057-95df959578a9|eDP-1 order={b5199d7e-ca1d-4451-bf04-426469b8e468},{d748ac35-9960-4cef-bb7c-f3de0dbc346c},{36c69109-99f8-4079-9fb7-02567acde176},{9cea3fcd-22eb-447b-a180-9096201dc0af} teilnehmer={b5199d7e-ca1d-4451-bf04-426469b8e468},{d748ac35-9960-4cef-bb7c-f3de0dbc346c},{36c69109-99f8-4079-9fb7-02567acde176},{9cea3fcd-22eb-447b-a180-9096201dc0af} float=
2026-09-06T19:49:20+02:00 HAL9000 kwin_wayland[2468]: kwin-xmonad-lite: surface a89f5ec2-ab8e-4108-8088-7118500a3aab|89539ae6-e06b-4c76-a057-95df959578a9|DP-3 layout=tall n=3 ratio=0.55 fläche=1920x1050+0+0
2026-09-06T19:49:20+02:00 HAL9000 kwin_wayland[2468]: kwin-xmonad-lite: diagnose a89f5ec2-ab8e-4108-8088-7118500a3aab|89539ae6-e06b-4c76-a057-95df959578a9|DP-3 order={28cf93d9-18fe-460f-99bf-07a714706ddd},{28bdcf93-d890-4900-92bc-8851b8097194},{38b7d072-075b-409d-8a6f-014d9c819ff5} teilnehmer={28cf93d9-18fe-460f-99bf-07a714706ddd},{28bdcf93-d890-4900-92bc-8851b8097194},{38b7d072-075b-409d-8a6f-014d9c819ff5} float=
2026-09-06T19:49:25+02:00 HAL9000 kwin_wayland[2468]: kwin-xmonad-lite: arrange #70 grund=closed,windowRemoved surfaces=2 mitglieder=7 teilnehmer=7
2026-09-06T19:49:25+02:00 HAL9000 kwin_wayland[2468]: kwin-xmonad-lite: surface a89f5ec2-ab8e-4108-8088-7118500a3aab|89539ae6-e06b-4c76-a057-95df959578a9|eDP-1 layout=full n=4 ratio=0.65 fläche=1920x1080+1920+0
2026-09-06T19:49:25+02:00 HAL9000 kwin_wayland[2468]: kwin-xmonad-lite: diagnose a89f5ec2-ab8e-4108-8088-7118500a3aab|89539ae6-e06b-4c76-a057-95df959578a9|eDP-1 order={b5199d7e-ca1d-4451-bf04-426469b8e468},{d748ac35-9960-4cef-bb7c-f3de0dbc346c},{36c69109-99f8-4079-9fb7-02567acde176},{9cea3fcd-22eb-447b-a180-9096201dc0af} teilnehmer={b5199d7e-ca1d-4451-bf04-426469b8e468},{d748ac35-9960-4cef-bb7c-f3de0dbc346c},{36c69109-99f8-4079-9fb7-02567acde176},{9cea3fcd-22eb-447b-a180-9096201dc0af} float=
2026-09-06T19:49:25+02:00 HAL9000 kwin_wayland[2468]: kwin-xmonad-lite: surface a89f5ec2-ab8e-4108-8088-7118500a3aab|89539ae6-e06b-4c76-a057-95df959578a9|DP-3 layout=tall n=3 ratio=0.55 fläche=1920x1050+0+0
2026-09-06T19:49:25+02:00 HAL9000 kwin_wayland[2468]: kwin-xmonad-lite: diagnose a89f5ec2-ab8e-4108-8088-7118500a3aab|89539ae6-e06b-4c76-a057-95df959578a9|DP-3 order={28cf93d9-18fe-460f-99bf-07a714706ddd},{28bdcf93-d890-4900-92bc-8851b8097194},{38b7d072-075b-409d-8a6f-014d9c819ff5} teilnehmer={28cf93d9-18fe-460f-99bf-07a714706ddd},{28bdcf93-d890-4900-92bc-8851b8097194},{38b7d072-075b-409d-8a6f-014d9c819ff5} float=
2026-09-06T19:50:05+02:00 HAL9000 kwin_wayland[2468]: kwin-xmonad-lite: befehl expand surface=a89f5ec2-ab8e-4108-8088-7118500a3aab|89539ae6-e06b-4c76-a057-95df959578a9|eDP-1 via=aktiv ratio=0.7
2026-09-06T19:50:05+02:00 HAL9000 kwin_wayland[2468]: kwin-xmonad-lite: arrange #71 grund=shortcut:expand surfaces=2 mitglieder=7 teilnehmer=7
2026-09-06T19:50:05+02:00 HAL9000 kwin_wayland[2468]: kwin-xmonad-lite: surface a89f5ec2-ab8e-4108-8088-7118500a3aab|89539ae6-e06b-4c76-a057-95df959578a9|eDP-1 layout=full n=4 ratio=0.7 fläche=1920x1080+1920+0
2026-09-06T19:50:05+02:00 HAL9000 kwin_wayland[2468]: kwin-xmonad-lite: diagnose a89f5ec2-ab8e-4108-8088-7118500a3aab|89539ae6-e06b-4c76-a057-95df959578a9|eDP-1 order={b5199d7e-ca1d-4451-bf04-426469b8e468},{d748ac35-9960-4cef-bb7c-f3de0dbc346c},{36c69109-99f8-4079-9fb7-02567acde176},{9cea3fcd-22eb-447b-a180-9096201dc0af} teilnehmer={b5199d7e-ca1d-4451-bf04-426469b8e468},{d748ac35-9960-4cef-bb7c-f3de0dbc346c},{36c69109-99f8-4079-9fb7-02567acde176},{9cea3fcd-22eb-447b-a180-9096201dc0af} float=
2026-09-06T19:50:05+02:00 HAL9000 kwin_wayland[2468]: kwin-xmonad-lite: surface a89f5ec2-ab8e-4108-8088-7118500a3aab|89539ae6-e06b-4c76-a057-95df959578a9|DP-3 layout=tall n=3 ratio=0.55 fläche=1920x1050+0+0
2026-09-06T19:50:05+02:00 HAL9000 kwin_wayland[2468]: kwin-xmonad-lite: diagnose a89f5ec2-ab8e-4108-8088-7118500a3aab|89539ae6-e06b-4c76-a057-95df959578a9|DP-3 order={28cf93d9-18fe-460f-99bf-07a714706ddd},{28bdcf93-d890-4900-92bc-8851b8097194},{38b7d072-075b-409d-8a6f-014d9c819ff5} teilnehmer={28cf93d9-18fe-460f-99bf-07a714706ddd},{28bdcf93-d890-4900-92bc-8851b8097194},{38b7d072-075b-409d-8a6f-014d9c819ff5} float=
2026-09-06T19:51:18+02:00 HAL9000 kwin_wayland[2468]: kwin-xmonad-lite: befehl toggleFloat surface=a89f5ec2-ab8e-4108-8088-7118500a3aab|89539ae6-e06b-4c76-a057-95df959578a9|eDP-1 via=aktiv fenster={b5199d7e-ca1d-4451-bf04-426469b8e468} → gefloatet
2026-09-06T19:51:18+02:00 HAL9000 kwin_wayland[2468]: kwin-xmonad-lite: arrange #72 grund=shortcut:toggleFloat surfaces=2 mitglieder=7 teilnehmer=6
2026-09-06T19:51:18+02:00 HAL9000 kwin_wayland[2468]: kwin-xmonad-lite: surface a89f5ec2-ab8e-4108-8088-7118500a3aab|89539ae6-e06b-4c76-a057-95df959578a9|eDP-1 layout=full n=3 ratio=0.7 fläche=1920x1080+1920+0
2026-09-06T19:51:18+02:00 HAL9000 kwin_wayland[2468]: kwin-xmonad-lite: diagnose a89f5ec2-ab8e-4108-8088-7118500a3aab|89539ae6-e06b-4c76-a057-95df959578a9|eDP-1 order={b5199d7e-ca1d-4451-bf04-426469b8e468},{d748ac35-9960-4cef-bb7c-f3de0dbc346c},{36c69109-99f8-4079-9fb7-02567acde176},{9cea3fcd-22eb-447b-a180-9096201dc0af} teilnehmer={d748ac35-9960-4cef-bb7c-f3de0dbc346c},{36c69109-99f8-4079-9fb7-02567acde176},{9cea3fcd-22eb-447b-a180-9096201dc0af} float={b5199d7e-ca1d-4451-bf04-426469b8e468}
2026-09-06T19:51:18+02:00 HAL9000 kwin_wayland[2468]: kwin-xmonad-lite: surface a89f5ec2-ab8e-4108-8088-7118500a3aab|89539ae6-e06b-4c76-a057-95df959578a9|DP-3 layout=tall n=3 ratio=0.55 fläche=1920x1050+0+0
2026-09-06T19:51:18+02:00 HAL9000 kwin_wayland[2468]: kwin-xmonad-lite: diagnose a89f5ec2-ab8e-4108-8088-7118500a3aab|89539ae6-e06b-4c76-a057-95df959578a9|DP-3 order={28cf93d9-18fe-460f-99bf-07a714706ddd},{28bdcf93-d890-4900-92bc-8851b8097194},{38b7d072-075b-409d-8a6f-014d9c819ff5} teilnehmer={28cf93d9-18fe-460f-99bf-07a714706ddd},{28bdcf93-d890-4900-92bc-8851b8097194},{38b7d072-075b-409d-8a6f-014d9c819ff5} float=
2026-09-06T19:51:23+02:00 HAL9000 kwin_wayland[2468]: kwin-xmonad-lite: arrange #73 grund=closed,windowRemoved surfaces=2 mitglieder=7 teilnehmer=6
2026-09-06T19:51:23+02:00 HAL9000 kwin_wayland[2468]: kwin-xmonad-lite: surface a89f5ec2-ab8e-4108-8088-7118500a3aab|89539ae6-e06b-4c76-a057-95df959578a9|eDP-1 layout=full n=3 ratio=0.7 fläche=1920x1080+1920+0
2026-09-06T19:51:23+02:00 HAL9000 kwin_wayland[2468]: kwin-xmonad-lite: diagnose a89f5ec2-ab8e-4108-8088-7118500a3aab|89539ae6-e06b-4c76-a057-95df959578a9|eDP-1 order={b5199d7e-ca1d-4451-bf04-426469b8e468},{d748ac35-9960-4cef-bb7c-f3de0dbc346c},{36c69109-99f8-4079-9fb7-02567acde176},{9cea3fcd-22eb-447b-a180-9096201dc0af} teilnehmer={d748ac35-9960-4cef-bb7c-f3de0dbc346c},{36c69109-99f8-4079-9fb7-02567acde176},{9cea3fcd-22eb-447b-a180-9096201dc0af} float={b5199d7e-ca1d-4451-bf04-426469b8e468}
2026-09-06T19:51:23+02:00 HAL9000 kwin_wayland[2468]: kwin-xmonad-lite: surface a89f5ec2-ab8e-4108-8088-7118500a3aab|89539ae6-e06b-4c76-a057-95df959578a9|DP-3 layout=tall n=3 ratio=0.55 fläche=1920x1050+0+0
2026-09-06T19:51:23+02:00 HAL9000 kwin_wayland[2468]: kwin-xmonad-lite: diagnose a89f5ec2-ab8e-4108-8088-7118500a3aab|89539ae6-e06b-4c76-a057-95df959578a9|DP-3 order={28cf93d9-18fe-460f-99bf-07a714706ddd},{28bdcf93-d890-4900-92bc-8851b8097194},{38b7d072-075b-409d-8a6f-014d9c819ff5} teilnehmer={28cf93d9-18fe-460f-99bf-07a714706ddd},{28bdcf93-d890-4900-92bc-8851b8097194},{38b7d072-075b-409d-8a6f-014d9c819ff5} float=
2026-09-06T19:52:32+02:00 HAL9000 kwin_wayland[2468]: kwin-xmonad-lite: befehl swapNext surface=a89f5ec2-ab8e-4108-8088-7118500a3aab|89539ae6-e06b-4c76-a057-95df959578a9|eDP-1 via=aktiv master={d748ac35-9960-4cef-bb7c-f3de0dbc346c}
2026-09-06T19:52:32+02:00 HAL9000 kwin_wayland[2468]: kwin-xmonad-lite: arrange #74 grund=shortcut:swapNext surfaces=2 mitglieder=7 teilnehmer=6
2026-09-06T19:52:32+02:00 HAL9000 kwin_wayland[2468]: kwin-xmonad-lite: surface a89f5ec2-ab8e-4108-8088-7118500a3aab|89539ae6-e06b-4c76-a057-95df959578a9|eDP-1 layout=full n=3 ratio=0.7 fläche=1920x1080+1920+0
2026-09-06T19:52:32+02:00 HAL9000 kwin_wayland[2468]: kwin-xmonad-lite: diagnose a89f5ec2-ab8e-4108-8088-7118500a3aab|89539ae6-e06b-4c76-a057-95df959578a9|eDP-1 order={d748ac35-9960-4cef-bb7c-f3de0dbc346c},{b5199d7e-ca1d-4451-bf04-426469b8e468},{36c69109-99f8-4079-9fb7-02567acde176},{9cea3fcd-22eb-447b-a180-9096201dc0af} teilnehmer={d748ac35-9960-4cef-bb7c-f3de0dbc346c},{36c69109-99f8-4079-9fb7-02567acde176},{9cea3fcd-22eb-447b-a180-9096201dc0af} float={b5199d7e-ca1d-4451-bf04-426469b8e468}
2026-09-06T19:52:32+02:00 HAL9000 kwin_wayland[2468]: kwin-xmonad-lite: surface a89f5ec2-ab8e-4108-8088-7118500a3aab|89539ae6-e06b-4c76-a057-95df959578a9|DP-3 layout=tall n=3 ratio=0.55 fläche=1920x1050+0+0
2026-09-06T19:52:32+02:00 HAL9000 kwin_wayland[2468]: kwin-xmonad-lite: diagnose a89f5ec2-ab8e-4108-8088-7118500a3aab|89539ae6-e06b-4c76-a057-95df959578a9|DP-3 order={28cf93d9-18fe-460f-99bf-07a714706ddd},{28bdcf93-d890-4900-92bc-8851b8097194},{38b7d072-075b-409d-8a6f-014d9c819ff5} teilnehmer={28cf93d9-18fe-460f-99bf-07a714706ddd},{28bdcf93-d890-4900-92bc-8851b8097194},{38b7d072-075b-409d-8a6f-014d9c819ff5} float=
2026-09-06T19:52:58+02:00 HAL9000 kwin_wayland[2468]: kwin-xmonad-lite: arrange #75 grund=fensterzustand surfaces=2 mitglieder=7 teilnehmer=6
2026-09-06T19:52:58+02:00 HAL9000 kwin_wayland[2468]: kwin-xmonad-lite: surface a89f5ec2-ab8e-4108-8088-7118500a3aab|89539ae6-e06b-4c76-a057-95df959578a9|eDP-1 layout=full n=3 ratio=0.7 fläche=1920x1080+1920+0
2026-09-06T19:52:58+02:00 HAL9000 kwin_wayland[2468]: kwin-xmonad-lite: diagnose a89f5ec2-ab8e-4108-8088-7118500a3aab|89539ae6-e06b-4c76-a057-95df959578a9|eDP-1 order={d748ac35-9960-4cef-bb7c-f3de0dbc346c},{36c69109-99f8-4079-9fb7-02567acde176},{9cea3fcd-22eb-447b-a180-9096201dc0af} teilnehmer={d748ac35-9960-4cef-bb7c-f3de0dbc346c},{36c69109-99f8-4079-9fb7-02567acde176},{9cea3fcd-22eb-447b-a180-9096201dc0af} float=
2026-09-06T19:52:58+02:00 HAL9000 kwin_wayland[2468]: kwin-xmonad-lite: surface a89f5ec2-ab8e-4108-8088-7118500a3aab|89539ae6-e06b-4c76-a057-95df959578a9|DP-3 layout=tall n=3 ratio=0.55 fläche=1920x1050+0+0
2026-09-06T19:52:58+02:00 HAL9000 kwin_wayland[2468]: kwin-xmonad-lite: diagnose a89f5ec2-ab8e-4108-8088-7118500a3aab|89539ae6-e06b-4c76-a057-95df959578a9|DP-3 order={28cf93d9-18fe-460f-99bf-07a714706ddd},{b5199d7e-ca1d-4451-bf04-426469b8e468},{28bdcf93-d890-4900-92bc-8851b8097194},{38b7d072-075b-409d-8a6f-014d9c819ff5} teilnehmer={28cf93d9-18fe-460f-99bf-07a714706ddd},{28bdcf93-d890-4900-92bc-8851b8097194},{38b7d072-075b-409d-8a6f-014d9c819ff5} float={b5199d7e-ca1d-4451-bf04-426469b8e468}
2026-09-06T19:53:35+02:00 HAL9000 kwin_wayland[2468]: kwin-xmonad-lite: arrange #76 grund=windowActivated,windowAdded surfaces=2 mitglieder=8 teilnehmer=7
2026-09-06T19:53:35+02:00 HAL9000 kwin_wayland[2468]: kwin-xmonad-lite: surface a89f5ec2-ab8e-4108-8088-7118500a3aab|89539ae6-e06b-4c76-a057-95df959578a9|eDP-1 layout=full n=3 ratio=0.7 fläche=1920x1080+1920+0
2026-09-06T19:53:35+02:00 HAL9000 kwin_wayland[2468]: kwin-xmonad-lite: diagnose a89f5ec2-ab8e-4108-8088-7118500a3aab|89539ae6-e06b-4c76-a057-95df959578a9|eDP-1 order={d748ac35-9960-4cef-bb7c-f3de0dbc346c},{36c69109-99f8-4079-9fb7-02567acde176},{9cea3fcd-22eb-447b-a180-9096201dc0af} teilnehmer={d748ac35-9960-4cef-bb7c-f3de0dbc346c},{36c69109-99f8-4079-9fb7-02567acde176},{9cea3fcd-22eb-447b-a180-9096201dc0af} float=
2026-09-06T19:53:35+02:00 HAL9000 kwin_wayland[2468]: kwin-xmonad-lite: surface a89f5ec2-ab8e-4108-8088-7118500a3aab|89539ae6-e06b-4c76-a057-95df959578a9|DP-3 layout=tall n=4 ratio=0.55 fläche=1920x1050+0+0
2026-09-06T19:53:35+02:00 HAL9000 kwin_wayland[2468]: kwin-xmonad-lite: diagnose a89f5ec2-ab8e-4108-8088-7118500a3aab|89539ae6-e06b-4c76-a057-95df959578a9|DP-3 order={28cf93d9-18fe-460f-99bf-07a714706ddd},{0d42d412-cbac-46cd-82e2-fbb62aaec8b7},{b5199d7e-ca1d-4451-bf04-426469b8e468},{28bdcf93-d890-4900-92bc-8851b8097194},{38b7d072-075b-409d-8a6f-014d9c819ff5} teilnehmer={28cf93d9-18fe-460f-99bf-07a714706ddd},{0d42d412-cbac-46cd-82e2-fbb62aaec8b7},{28bdcf93-d890-4900-92bc-8851b8097194},{38b7d072-075b-409d-8a6f-014d9c819ff5} float={b5199d7e-ca1d-4451-bf04-426469b8e468}
2026-09-06T19:53:35+02:00 HAL9000 kwin_wayland[2468]: kwin-xmonad-lite: apply {0d42d412-cbac-46cd-82e2-fbb62aaec8b7} soll=864x350+1056+0
2026-09-06T19:53:35+02:00 HAL9000 kwin_wayland[2468]: kwin-xmonad-lite: apply {28bdcf93-d890-4900-92bc-8851b8097194} soll=864x350+1056+350
2026-09-06T19:53:35+02:00 HAL9000 kwin_wayland[2468]: kwin-xmonad-lite: apply {38b7d072-075b-409d-8a6f-014d9c819ff5} soll=864x350+1056+700
2026-09-06T19:54:10+02:00 HAL9000 kwin_wayland[2468]: kwin-xmonad-lite: extern {0d42d412-cbac-46cd-82e2-fbb62aaec8b7}
2026-09-06T19:54:10+02:00 HAL9000 kwin_wayland[2468]: kwin-xmonad-lite: arrange #77 grund=geometrieExtern,fensterzustand surfaces=2 mitglieder=8 teilnehmer=7
2026-09-06T19:54:10+02:00 HAL9000 kwin_wayland[2468]: kwin-xmonad-lite: surface a89f5ec2-ab8e-4108-8088-7118500a3aab|89539ae6-e06b-4c76-a057-95df959578a9|eDP-1 layout=full n=4 ratio=0.7 fläche=1920x1080+1920+0
2026-09-06T19:54:10+02:00 HAL9000 kwin_wayland[2468]: kwin-xmonad-lite: diagnose a89f5ec2-ab8e-4108-8088-7118500a3aab|89539ae6-e06b-4c76-a057-95df959578a9|eDP-1 order={d748ac35-9960-4cef-bb7c-f3de0dbc346c},{0d42d412-cbac-46cd-82e2-fbb62aaec8b7},{36c69109-99f8-4079-9fb7-02567acde176},{9cea3fcd-22eb-447b-a180-9096201dc0af} teilnehmer={d748ac35-9960-4cef-bb7c-f3de0dbc346c},{0d42d412-cbac-46cd-82e2-fbb62aaec8b7},{36c69109-99f8-4079-9fb7-02567acde176},{9cea3fcd-22eb-447b-a180-9096201dc0af} float=
2026-09-06T19:54:10+02:00 HAL9000 kwin_wayland[2468]: kwin-xmonad-lite: apply {0d42d412-cbac-46cd-82e2-fbb62aaec8b7} soll=1920x1080+1920+0
2026-09-06T19:54:10+02:00 HAL9000 kwin_wayland[2468]: kwin-xmonad-lite: surface a89f5ec2-ab8e-4108-8088-7118500a3aab|89539ae6-e06b-4c76-a057-95df959578a9|DP-3 layout=tall n=3 ratio=0.55 fläche=1920x1050+0+0
2026-09-06T19:54:10+02:00 HAL9000 kwin_wayland[2468]: kwin-xmonad-lite: diagnose a89f5ec2-ab8e-4108-8088-7118500a3aab|89539ae6-e06b-4c76-a057-95df959578a9|DP-3 order={28cf93d9-18fe-460f-99bf-07a714706ddd},{b5199d7e-ca1d-4451-bf04-426469b8e468},{28bdcf93-d890-4900-92bc-8851b8097194},{38b7d072-075b-409d-8a6f-014d9c819ff5} teilnehmer={28cf93d9-18fe-460f-99bf-07a714706ddd},{28bdcf93-d890-4900-92bc-8851b8097194},{38b7d072-075b-409d-8a6f-014d9c819ff5} float={b5199d7e-ca1d-4451-bf04-426469b8e468}
2026-09-06T19:54:10+02:00 HAL9000 kwin_wayland[2468]: kwin-xmonad-lite: apply {28bdcf93-d890-4900-92bc-8851b8097194} soll=864x525+1056+0
2026-09-06T19:54:10+02:00 HAL9000 kwin_wayland[2468]: kwin-xmonad-lite: apply {38b7d072-075b-409d-8a6f-014d9c819ff5} soll=864x525+1056+525
2026-09-06T19:54:29+02:00 HAL9000 kwin_wayland[2468]: kwin-xmonad-lite: arrange #78 grund=windowActivated,desktopChanged surfaces=2 mitglieder=3 teilnehmer=2
2026-09-06T19:54:29+02:00 HAL9000 kwin_wayland[2468]: kwin-xmonad-lite: surface a89f5ec2-ab8e-4108-8088-7118500a3aab|30c27d93-fa7d-452a-ad6a-53201edcdca1|DP-3 layout=tall n=2 ratio=0.6 fläche=1920x1050+0+0
2026-09-06T19:54:29+02:00 HAL9000 kwin_wayland[2468]: kwin-xmonad-lite: diagnose a89f5ec2-ab8e-4108-8088-7118500a3aab|30c27d93-fa7d-452a-ad6a-53201edcdca1|DP-3 order={b5199d7e-ca1d-4451-bf04-426469b8e468},{dc4fa1c7-cc6b-4528-90a0-34a5d748b78f},{af7bd51b-f458-4016-8526-a9a42550dd51} teilnehmer={dc4fa1c7-cc6b-4528-90a0-34a5d748b78f},{af7bd51b-f458-4016-8526-a9a42550dd51} float={b5199d7e-ca1d-4451-bf04-426469b8e468}
2026-09-06T19:54:29+02:00 HAL9000 kwin_wayland[2468]: kwin-xmonad-lite: apply {dc4fa1c7-cc6b-4528-90a0-34a5d748b78f} soll=1152x1050+0+0
2026-09-06T19:54:29+02:00 HAL9000 kwin_wayland[2468]: kwin-xmonad-lite: apply {af7bd51b-f458-4016-8526-a9a42550dd51} soll=768x1050+1152+0
2026-09-06T19:58:09+02:00 HAL9000 kwin_wayland[2468]: kwin-xmonad-lite: arrange #79 grund=desktopChanged surfaces=2 mitglieder=3 teilnehmer=2
2026-09-06T19:58:09+02:00 HAL9000 kwin_wayland[2468]: kwin-xmonad-lite: surface a89f5ec2-ab8e-4108-8088-7118500a3aab|b7798180-564c-4f75-ad4a-284026ac7a68|DP-3 layout=full n=2 ratio=0.65 fläche=1920x1050+0+0
2026-09-06T19:58:09+02:00 HAL9000 kwin_wayland[2468]: kwin-xmonad-lite: diagnose a89f5ec2-ab8e-4108-8088-7118500a3aab|b7798180-564c-4f75-ad4a-284026ac7a68|DP-3 order={b5199d7e-ca1d-4451-bf04-426469b8e468},{6807996b-8211-4590-9d4c-def50215de55},{6429d239-a71f-4c42-99ae-997dffa005d9} teilnehmer={6807996b-8211-4590-9d4c-def50215de55},{6429d239-a71f-4c42-99ae-997dffa005d9} float={b5199d7e-ca1d-4451-bf04-426469b8e468}
2026-09-06T19:59:05+02:00 HAL9000 kwin_wayland[2468]: kwin-xmonad-lite: befehl focusNext surface=a89f5ec2-ab8e-4108-8088-7118500a3aab|b7798180-564c-4f75-ad4a-284026ac7a68|eDP-1 via=ausgabe ohne Fokusziel unverändert
2026-09-06T19:59:21+02:00 HAL9000 kwin_wayland[2468]: kwin-xmonad-lite: befehl nextLayout surface=a89f5ec2-ab8e-4108-8088-7118500a3aab|b7798180-564c-4f75-ad4a-284026ac7a68|eDP-1 via=ausgabe layout=full
2026-09-06T19:59:21+02:00 HAL9000 kwin_wayland[2468]: kwin-xmonad-lite: arrange #80 grund=shortcut:nextLayout surfaces=2 mitglieder=3 teilnehmer=2
2026-09-06T19:59:21+02:00 HAL9000 kwin_wayland[2468]: kwin-xmonad-lite: surface a89f5ec2-ab8e-4108-8088-7118500a3aab|b7798180-564c-4f75-ad4a-284026ac7a68|DP-3 layout=full n=2 ratio=0.65 fläche=1920x1050+0+0
2026-09-06T19:59:21+02:00 HAL9000 kwin_wayland[2468]: kwin-xmonad-lite: diagnose a89f5ec2-ab8e-4108-8088-7118500a3aab|b7798180-564c-4f75-ad4a-284026ac7a68|DP-3 order={b5199d7e-ca1d-4451-bf04-426469b8e468},{6807996b-8211-4590-9d4c-def50215de55},{6429d239-a71f-4c42-99ae-997dffa005d9} teilnehmer={6807996b-8211-4590-9d4c-def50215de55},{6429d239-a71f-4c42-99ae-997dffa005d9} float={b5199d7e-ca1d-4451-bf04-426469b8e468}
2026-09-06T20:00:00+02:00 HAL9000 kwin_wayland[2468]: kwin-xmonad-lite: befehl shrink surface=a89f5ec2-ab8e-4108-8088-7118500a3aab|b7798180-564c-4f75-ad4a-284026ac7a68|eDP-1 via=ausgabe ratio=0.6
2026-09-06T20:00:00+02:00 HAL9000 kwin_wayland[2468]: kwin-xmonad-lite: arrange #81 grund=shortcut:shrink surfaces=2 mitglieder=3 teilnehmer=2
2026-09-06T20:00:00+02:00 HAL9000 kwin_wayland[2468]: kwin-xmonad-lite: surface a89f5ec2-ab8e-4108-8088-7118500a3aab|b7798180-564c-4f75-ad4a-284026ac7a68|DP-3 layout=full n=2 ratio=0.65 fläche=1920x1050+0+0
2026-09-06T20:00:00+02:00 HAL9000 kwin_wayland[2468]: kwin-xmonad-lite: diagnose a89f5ec2-ab8e-4108-8088-7118500a3aab|b7798180-564c-4f75-ad4a-284026ac7a68|DP-3 order={b5199d7e-ca1d-4451-bf04-426469b8e468},{6807996b-8211-4590-9d4c-def50215de55},{6429d239-a71f-4c42-99ae-997dffa005d9} teilnehmer={6807996b-8211-4590-9d4c-def50215de55},{6429d239-a71f-4c42-99ae-997dffa005d9} float={b5199d7e-ca1d-4451-bf04-426469b8e468}
2026-09-06T20:01:11+02:00 HAL9000 kwin_wayland[2468]: kwin-xmonad-lite: befehl focusNext surface=a89f5ec2-ab8e-4108-8088-7118500a3aab|b7798180-564c-4f75-ad4a-284026ac7a68|eDP-1 via=ausgabe ohne Fokusziel unverändert
2026-09-06T20:01:55+02:00 HAL9000 kwin_wayland[2468]: kwin-xmonad-lite: arrange #82 grund=windowActivated,windowAdded surfaces=2 mitglieder=4 teilnehmer=3
2026-09-06T20:01:55+02:00 HAL9000 kwin_wayland[2468]: kwin-xmonad-lite: surface a89f5ec2-ab8e-4108-8088-7118500a3aab|b7798180-564c-4f75-ad4a-284026ac7a68|eDP-1 layout=full n=1 ratio=0.6 fläche=1920x1080+1920+0
2026-09-06T20:01:55+02:00 HAL9000 kwin_wayland[2468]: kwin-xmonad-lite: diagnose a89f5ec2-ab8e-4108-8088-7118500a3aab|b7798180-564c-4f75-ad4a-284026ac7a68|eDP-1 order={7deb080f-2ee6-46e0-a25e-b4a8dee92de8} teilnehmer={7deb080f-2ee6-46e0-a25e-b4a8dee92de8} float=
2026-09-06T20:01:55+02:00 HAL9000 kwin_wayland[2468]: kwin-xmonad-lite: apply {7deb080f-2ee6-46e0-a25e-b4a8dee92de8} soll=1920x1080+1920+0
2026-09-06T20:01:55+02:00 HAL9000 kwin_wayland[2468]: kwin-xmonad-lite: surface a89f5ec2-ab8e-4108-8088-7118500a3aab|b7798180-564c-4f75-ad4a-284026ac7a68|DP-3 layout=full n=2 ratio=0.65 fläche=1920x1050+0+0
2026-09-06T20:01:55+02:00 HAL9000 kwin_wayland[2468]: kwin-xmonad-lite: diagnose a89f5ec2-ab8e-4108-8088-7118500a3aab|b7798180-564c-4f75-ad4a-284026ac7a68|DP-3 order={b5199d7e-ca1d-4451-bf04-426469b8e468},{6807996b-8211-4590-9d4c-def50215de55},{6429d239-a71f-4c42-99ae-997dffa005d9} teilnehmer={6807996b-8211-4590-9d4c-def50215de55},{6429d239-a71f-4c42-99ae-997dffa005d9} float={b5199d7e-ca1d-4451-bf04-426469b8e468}
2026-09-06T20:02:57+02:00 HAL9000 kwin_wayland[2468]: kwin-xmonad-lite: arrange #83 grund=windowActivated,desktopChanged surfaces=2 mitglieder=3 teilnehmer=2
2026-09-06T20:02:57+02:00 HAL9000 kwin_wayland[2468]: kwin-xmonad-lite: surface a89f5ec2-ab8e-4108-8088-7118500a3aab|30c27d93-fa7d-452a-ad6a-53201edcdca1|DP-3 layout=tall n=2 ratio=0.6 fläche=1920x1050+0+0
2026-09-06T20:02:57+02:00 HAL9000 kwin_wayland[2468]: kwin-xmonad-lite: diagnose a89f5ec2-ab8e-4108-8088-7118500a3aab|30c27d93-fa7d-452a-ad6a-53201edcdca1|DP-3 order={b5199d7e-ca1d-4451-bf04-426469b8e468},{dc4fa1c7-cc6b-4528-90a0-34a5d748b78f},{af7bd51b-f458-4016-8526-a9a42550dd51} teilnehmer={dc4fa1c7-cc6b-4528-90a0-34a5d748b78f},{af7bd51b-f458-4016-8526-a9a42550dd51} float={b5199d7e-ca1d-4451-bf04-426469b8e468}
2026-09-06T20:03:48+02:00 HAL9000 kwin_wayland[2468]: kwin-xmonad-lite: befehl promote surface=a89f5ec2-ab8e-4108-8088-7118500a3aab|30c27d93-fa7d-452a-ad6a-53201edcdca1|eDP-1 via=ausgabe master=- unverändert
2026-09-06T20:06:42+02:00 HAL9000 kwin_wayland[2468]: kwin-xmonad-lite: befehl focusMaster surface=a89f5ec2-ab8e-4108-8088-7118500a3aab|30c27d93-fa7d-452a-ad6a-53201edcdca1|eDP-1 via=ausgabe ohne Fokusziel unverändert
2026-09-06T20:08:05+02:00 HAL9000 kwin_wayland[2468]: kwin-xmonad-lite: befehl swapNext surface=a89f5ec2-ab8e-4108-8088-7118500a3aab|30c27d93-fa7d-452a-ad6a-53201edcdca1|eDP-1 via=ausgabe master=- unverändert
2026-09-06T20:08:27+02:00 HAL9000 kwin_wayland[2468]: kwin-xmonad-lite: befehl resetLayout surface=a89f5ec2-ab8e-4108-8088-7118500a3aab|30c27d93-fa7d-452a-ad6a-53201edcdca1|eDP-1 via=ausgabe layout=tall unverändert
2026-09-06T20:09:15+02:00 HAL9000 kwin_wayland[2468]: kwin-xmonad-lite: befehl focusPrev surface=a89f5ec2-ab8e-4108-8088-7118500a3aab|30c27d93-fa7d-452a-ad6a-53201edcdca1|eDP-1 via=ausgabe ohne Fokusziel unverändert
2026-09-06T20:11:05+02:00 HAL9000 kwin_wayland[2468]: kwin-xmonad-lite: befehl swapNext surface=a89f5ec2-ab8e-4108-8088-7118500a3aab|30c27d93-fa7d-452a-ad6a-53201edcdca1|eDP-1 via=ausgabe master=- unverändert
2026-09-06T20:12:19+02:00 HAL9000 kwin_wayland[2468]: kwin-xmonad-lite: arrange #84 grund=windowActivated,desktopChanged surfaces=2 mitglieder=8 teilnehmer=7
2026-09-06T20:12:19+02:00 HAL9000 kwin_wayland[2468]: kwin-xmonad-lite: surface a89f5ec2-ab8e-4108-8088-7118500a3aab|89539ae6-e06b-4c76-a057-95df959578a9|eDP-1 layout=full n=4 ratio=0.7 fläche=1920x1080+1920+0
2026-09-06T20:12:19+02:00 HAL9000 kwin_wayland[2468]: kwin-xmonad-lite: diagnose a89f5ec2-ab8e-4108-8088-7118500a3aab|89539ae6-e06b-4c76-a057-95df959578a9|eDP-1 order={d748ac35-9960-4cef-bb7c-f3de0dbc346c},{0d42d412-cbac-46cd-82e2-fbb62aaec8b7},{36c69109-99f8-4079-9fb7-02567acde176},{9cea3fcd-22eb-447b-a180-9096201dc0af} teilnehmer={d748ac35-9960-4cef-bb7c-f3de0dbc346c},{0d42d412-cbac-46cd-82e2-fbb62aaec8b7},{36c69109-99f8-4079-9fb7-02567acde176},{9cea3fcd-22eb-447b-a180-9096201dc0af} float=
2026-09-06T20:12:19+02:00 HAL9000 kwin_wayland[2468]: kwin-xmonad-lite: surface a89f5ec2-ab8e-4108-8088-7118500a3aab|89539ae6-e06b-4c76-a057-95df959578a9|DP-3 layout=tall n=3 ratio=0.55 fläche=1920x1050+0+0
2026-09-06T20:12:19+02:00 HAL9000 kwin_wayland[2468]: kwin-xmonad-lite: diagnose a89f5ec2-ab8e-4108-8088-7118500a3aab|89539ae6-e06b-4c76-a057-95df959578a9|DP-3 order={28cf93d9-18fe-460f-99bf-07a714706ddd},{b5199d7e-ca1d-4451-bf04-426469b8e468},{28bdcf93-d890-4900-92bc-8851b8097194},{38b7d072-075b-409d-8a6f-014d9c819ff5} teilnehmer={28cf93d9-18fe-460f-99bf-07a714706ddd},{28bdcf93-d890-4900-92bc-8851b8097194},{38b7d072-075b-409d-8a6f-014d9c819ff5} float={b5199d7e-ca1d-4451-bf04-426469b8e468}
2026-09-06T20:12:51+02:00 HAL9000 kwin_wayland[2468]: kwin-xmonad-lite: befehl resetLayout surface=a89f5ec2-ab8e-4108-8088-7118500a3aab|89539ae6-e06b-4c76-a057-95df959578a9|eDP-1 via=aktiv layout=tall
2026-09-06T20:12:51+02:00 HAL9000 kwin_wayland[2468]: kwin-xmonad-lite: arrange #85 grund=shortcut:resetLayout surfaces=2 mitglieder=8 teilnehmer=7
2026-09-06T20:12:51+02:00 HAL9000 kwin_wayland[2468]: kwin-xmonad-lite: surface a89f5ec2-ab8e-4108-8088-7118500a3aab|89539ae6-e06b-4c76-a057-95df959578a9|eDP-1 layout=tall n=4 ratio=0.65 fläche=1920x1080+1920+0
2026-09-06T20:12:51+02:00 HAL9000 kwin_wayland[2468]: kwin-xmonad-lite: diagnose a89f5ec2-ab8e-4108-8088-7118500a3aab|89539ae6-e06b-4c76-a057-95df959578a9|eDP-1 order={d748ac35-9960-4cef-bb7c-f3de0dbc346c},{0d42d412-cbac-46cd-82e2-fbb62aaec8b7},{36c69109-99f8-4079-9fb7-02567acde176},{9cea3fcd-22eb-447b-a180-9096201dc0af} teilnehmer={d748ac35-9960-4cef-bb7c-f3de0dbc346c},{0d42d412-cbac-46cd-82e2-fbb62aaec8b7},{36c69109-99f8-4079-9fb7-02567acde176},{9cea3fcd-22eb-447b-a180-9096201dc0af} float=
2026-09-06T20:12:51+02:00 HAL9000 kwin_wayland[2468]: kwin-xmonad-lite: apply {d748ac35-9960-4cef-bb7c-f3de0dbc346c} soll=1248x1080+1920+0
2026-09-06T20:12:51+02:00 HAL9000 kwin_wayland[2468]: kwin-xmonad-lite: apply {0d42d412-cbac-46cd-82e2-fbb62aaec8b7} soll=672x360+3168+0
2026-09-06T20:12:51+02:00 HAL9000 kwin_wayland[2468]: kwin-xmonad-lite: apply {36c69109-99f8-4079-9fb7-02567acde176} soll=672x360+3168+360
2026-09-06T20:12:51+02:00 HAL9000 kwin_wayland[2468]: kwin-xmonad-lite: apply {9cea3fcd-22eb-447b-a180-9096201dc0af} soll=672x360+3168+720
2026-09-06T20:12:51+02:00 HAL9000 kwin_wayland[2468]: kwin-xmonad-lite: surface a89f5ec2-ab8e-4108-8088-7118500a3aab|89539ae6-e06b-4c76-a057-95df959578a9|DP-3 layout=tall n=3 ratio=0.55 fläche=1920x1050+0+0
2026-09-06T20:12:51+02:00 HAL9000 kwin_wayland[2468]: kwin-xmonad-lite: diagnose a89f5ec2-ab8e-4108-8088-7118500a3aab|89539ae6-e06b-4c76-a057-95df959578a9|DP-3 order={28cf93d9-18fe-460f-99bf-07a714706ddd},{b5199d7e-ca1d-4451-bf04-426469b8e468},{28bdcf93-d890-4900-92bc-8851b8097194},{38b7d072-075b-409d-8a6f-014d9c819ff5} teilnehmer={28cf93d9-18fe-460f-99bf-07a714706ddd},{28bdcf93-d890-4900-92bc-8851b8097194},{38b7d072-075b-409d-8a6f-014d9c819ff5} float={b5199d7e-ca1d-4451-bf04-426469b8e468}
2026-09-06T20:13:06+02:00 HAL9000 kwin_wayland[2468]: kwin-xmonad-lite: befehl swapPrev surface=a89f5ec2-ab8e-4108-8088-7118500a3aab|89539ae6-e06b-4c76-a057-95df959578a9|eDP-1 via=aktiv master={0d42d412-cbac-46cd-82e2-fbb62aaec8b7}
2026-09-06T20:13:06+02:00 HAL9000 kwin_wayland[2468]: kwin-xmonad-lite: arrange #86 grund=shortcut:swapPrev surfaces=2 mitglieder=8 teilnehmer=7
2026-09-06T20:13:06+02:00 HAL9000 kwin_wayland[2468]: kwin-xmonad-lite: surface a89f5ec2-ab8e-4108-8088-7118500a3aab|89539ae6-e06b-4c76-a057-95df959578a9|eDP-1 layout=tall n=4 ratio=0.65 fläche=1920x1080+1920+0
2026-09-06T20:13:06+02:00 HAL9000 kwin_wayland[2468]: kwin-xmonad-lite: diagnose a89f5ec2-ab8e-4108-8088-7118500a3aab|89539ae6-e06b-4c76-a057-95df959578a9|eDP-1 order={0d42d412-cbac-46cd-82e2-fbb62aaec8b7},{d748ac35-9960-4cef-bb7c-f3de0dbc346c},{36c69109-99f8-4079-9fb7-02567acde176},{9cea3fcd-22eb-447b-a180-9096201dc0af} teilnehmer={0d42d412-cbac-46cd-82e2-fbb62aaec8b7},{d748ac35-9960-4cef-bb7c-f3de0dbc346c},{36c69109-99f8-4079-9fb7-02567acde176},{9cea3fcd-22eb-447b-a180-9096201dc0af} float=
2026-09-06T20:13:06+02:00 HAL9000 kwin_wayland[2468]: kwin-xmonad-lite: apply {0d42d412-cbac-46cd-82e2-fbb62aaec8b7} soll=1248x1080+1920+0
2026-09-06T20:13:06+02:00 HAL9000 kwin_wayland[2468]: kwin-xmonad-lite: apply {d748ac35-9960-4cef-bb7c-f3de0dbc346c} soll=672x360+3168+0
2026-09-06T20:13:06+02:00 HAL9000 kwin_wayland[2468]: kwin-xmonad-lite: surface a89f5ec2-ab8e-4108-8088-7118500a3aab|89539ae6-e06b-4c76-a057-95df959578a9|DP-3 layout=tall n=3 ratio=0.55 fläche=1920x1050+0+0
2026-09-06T20:13:06+02:00 HAL9000 kwin_wayland[2468]: kwin-xmonad-lite: diagnose a89f5ec2-ab8e-4108-8088-7118500a3aab|89539ae6-e06b-4c76-a057-95df959578a9|DP-3 order={28cf93d9-18fe-460f-99bf-07a714706ddd},{b5199d7e-ca1d-4451-bf04-426469b8e468},{28bdcf93-d890-4900-92bc-8851b8097194},{38b7d072-075b-409d-8a6f-014d9c819ff5} teilnehmer={28cf93d9-18fe-460f-99bf-07a714706ddd},{28bdcf93-d890-4900-92bc-8851b8097194},{38b7d072-075b-409d-8a6f-014d9c819ff5} float={b5199d7e-ca1d-4451-bf04-426469b8e468}
2026-09-06T20:13:59+02:00 HAL9000 kwin_wayland[2468]: kwin-xmonad-lite: befehl shrink surface=a89f5ec2-ab8e-4108-8088-7118500a3aab|89539ae6-e06b-4c76-a057-95df959578a9|eDP-1 via=aktiv ratio=0.6
2026-09-06T20:13:59+02:00 HAL9000 kwin_wayland[2468]: kwin-xmonad-lite: arrange #87 grund=shortcut:shrink surfaces=2 mitglieder=8 teilnehmer=7
2026-09-06T20:13:59+02:00 HAL9000 kwin_wayland[2468]: kwin-xmonad-lite: surface a89f5ec2-ab8e-4108-8088-7118500a3aab|89539ae6-e06b-4c76-a057-95df959578a9|eDP-1 layout=tall n=4 ratio=0.6 fläche=1920x1080+1920+0
2026-09-06T20:13:59+02:00 HAL9000 kwin_wayland[2468]: kwin-xmonad-lite: diagnose a89f5ec2-ab8e-4108-8088-7118500a3aab|89539ae6-e06b-4c76-a057-95df959578a9|eDP-1 order={0d42d412-cbac-46cd-82e2-fbb62aaec8b7},{d748ac35-9960-4cef-bb7c-f3de0dbc346c},{36c69109-99f8-4079-9fb7-02567acde176},{9cea3fcd-22eb-447b-a180-9096201dc0af} teilnehmer={0d42d412-cbac-46cd-82e2-fbb62aaec8b7},{d748ac35-9960-4cef-bb7c-f3de0dbc346c},{36c69109-99f8-4079-9fb7-02567acde176},{9cea3fcd-22eb-447b-a180-9096201dc0af} float=
2026-09-06T20:13:59+02:00 HAL9000 kwin_wayland[2468]: kwin-xmonad-lite: apply {0d42d412-cbac-46cd-82e2-fbb62aaec8b7} soll=1152x1080+1920+0
2026-09-06T20:13:59+02:00 HAL9000 kwin_wayland[2468]: kwin-xmonad-lite: apply {d748ac35-9960-4cef-bb7c-f3de0dbc346c} soll=768x360+3072+0
2026-09-06T20:13:59+02:00 HAL9000 kwin_wayland[2468]: kwin-xmonad-lite: apply {36c69109-99f8-4079-9fb7-02567acde176} soll=768x360+3072+360
2026-09-06T20:13:59+02:00 HAL9000 kwin_wayland[2468]: kwin-xmonad-lite: apply {9cea3fcd-22eb-447b-a180-9096201dc0af} soll=768x360+3072+720
2026-09-06T20:13:59+02:00 HAL9000 kwin_wayland[2468]: kwin-xmonad-lite: surface a89f5ec2-ab8e-4108-8088-7118500a3aab|89539ae6-e06b-4c76-a057-95df959578a9|DP-3 layout=tall n=3 ratio=0.55 fläche=1920x1050+0+0
2026-09-06T20:13:59+02:00 HAL9000 kwin_wayland[2468]: kwin-xmonad-lite: diagnose a89f5ec2-ab8e-4108-8088-7118500a3aab|89539ae6-e06b-4c76-a057-95df959578a9|DP-3 order={28cf93d9-18fe-460f-99bf-07a714706ddd},{b5199d7e-ca1d-4451-bf04-426469b8e468},{28bdcf93-d890-4900-92bc-8851b8097194},{38b7d072-075b-409d-8a6f-014d9c819ff5} teilnehmer={28cf93d9-18fe-460f-99bf-07a714706ddd},{28bdcf93-d890-4900-92bc-8851b8097194},{38b7d072-075b-409d-8a6f-014d9c819ff5} float={b5199d7e-ca1d-4451-bf04-426469b8e468}
2026-09-06T20:15:07+02:00 HAL9000 kwin_wayland[2468]: kwin-xmonad-lite: arrange #88 grund=windowActivated,fensterzustand surfaces=2 mitglieder=8 teilnehmer=6
2026-09-06T20:15:07+02:00 HAL9000 kwin_wayland[2468]: kwin-xmonad-lite: surface a89f5ec2-ab8e-4108-8088-7118500a3aab|89539ae6-e06b-4c76-a057-95df959578a9|eDP-1 layout=tall n=3 ratio=0.6 fläche=1920x1080+1920+0
2026-09-06T20:15:07+02:00 HAL9000 kwin_wayland[2468]: kwin-xmonad-lite: diagnose a89f5ec2-ab8e-4108-8088-7118500a3aab|89539ae6-e06b-4c76-a057-95df959578a9|eDP-1 order={0d42d412-cbac-46cd-82e2-fbb62aaec8b7},{d748ac35-9960-4cef-bb7c-f3de0dbc346c},{36c69109-99f8-4079-9fb7-02567acde176},{9cea3fcd-22eb-447b-a180-9096201dc0af} teilnehmer={d748ac35-9960-4cef-bb7c-f3de0dbc346c},{36c69109-99f8-4079-9fb7-02567acde176},{9cea3fcd-22eb-447b-a180-9096201dc0af} float=
2026-09-06T20:15:07+02:00 HAL9000 kwin_wayland[2468]: kwin-xmonad-lite: apply {d748ac35-9960-4cef-bb7c-f3de0dbc346c} soll=1152x1080+1920+0
2026-09-06T20:15:07+02:00 HAL9000 kwin_wayland[2468]: kwin-xmonad-lite: apply {36c69109-99f8-4079-9fb7-02567acde176} soll=768x540+3072+0
2026-09-06T20:15:07+02:00 HAL9000 kwin_wayland[2468]: kwin-xmonad-lite: apply {9cea3fcd-22eb-447b-a180-9096201dc0af} soll=768x540+3072+540
2026-09-06T20:15:07+02:00 HAL9000 kwin_wayland[2468]: kwin-xmonad-lite: surface a89f5ec2-ab8e-4108-8088-7118500a3aab|89539ae6-e06b-4c76-a057-95df959578a9|DP-3 layout=tall n=3 ratio=0.55 fläche=1920x1050+0+0
2026-09-06T20:15:07+02:00 HAL9000 kwin_wayland[2468]: kwin-xmonad-lite: diagnose a89f5ec2-ab8e-4108-8088-7118500a3aab|89539ae6-e06b-4c76-a057-95df959578a9|DP-3 order={28cf93d9-18fe-460f-99bf-07a714706ddd},{b5199d7e-ca1d-4451-bf04-426469b8e468},{28bdcf93-d890-4900-92bc-8851b8097194},{38b7d072-075b-409d-8a6f-014d9c819ff5} teilnehmer={28cf93d9-18fe-460f-99bf-07a714706ddd},{28bdcf93-d890-4900-92bc-8851b8097194},{38b7d072-075b-409d-8a6f-014d9c819ff5} float={b5199d7e-ca1d-4451-bf04-426469b8e468}
2026-09-06T20:16:01+02:00 HAL9000 kwin_wayland[2468]: kwin-xmonad-lite: befehl focusNext surface=a89f5ec2-ab8e-4108-8088-7118500a3aab|89539ae6-e06b-4c76-a057-95df959578a9|eDP-1 via=aktiv fokus={36c69109-99f8-4079-9fb7-02567acde176}
2026-09-06T20:16:01+02:00 HAL9000 kwin_wayland[2468]: kwin-xmonad-lite: aktiviere {36c69109-99f8-4079-9fb7-02567acde176}
2026-09-06T20:16:01+02:00 HAL9000 kwin_wayland[2468]: kwin-xmonad-lite: arrange #89 grund=windowActivated,shortcut:focusNext surfaces=2 mitglieder=8 teilnehmer=6
2026-09-06T20:16:01+02:00 HAL9000 kwin_wayland[2468]: kwin-xmonad-lite: surface a89f5ec2-ab8e-4108-8088-7118500a3aab|89539ae6-e06b-4c76-a057-95df959578a9|eDP-1 layout=tall n=3 ratio=0.6 fläche=1920x1080+1920+0
2026-09-06T20:16:01+02:00 HAL9000 kwin_wayland[2468]: kwin-xmonad-lite: diagnose a89f5ec2-ab8e-4108-8088-7118500a3aab|89539ae6-e06b-4c76-a057-95df959578a9|eDP-1 order={0d42d412-cbac-46cd-82e2-fbb62aaec8b7},{d748ac35-9960-4cef-bb7c-f3de0dbc346c},{36c69109-99f8-4079-9fb7-02567acde176},{9cea3fcd-22eb-447b-a180-9096201dc0af} teilnehmer={d748ac35-9960-4cef-bb7c-f3de0dbc346c},{36c69109-99f8-4079-9fb7-02567acde176},{9cea3fcd-22eb-447b-a180-9096201dc0af} float=
2026-09-06T20:16:01+02:00 HAL9000 kwin_wayland[2468]: kwin-xmonad-lite: surface a89f5ec2-ab8e-4108-8088-7118500a3aab|89539ae6-e06b-4c76-a057-95df959578a9|DP-3 layout=tall n=3 ratio=0.55 fläche=1920x1050+0+0
2026-09-06T20:16:01+02:00 HAL9000 kwin_wayland[2468]: kwin-xmonad-lite: diagnose a89f5ec2-ab8e-4108-8088-7118500a3aab|89539ae6-e06b-4c76-a057-95df959578a9|DP-3 order={28cf93d9-18fe-460f-99bf-07a714706ddd},{b5199d7e-ca1d-4451-bf04-426469b8e468},{28bdcf93-d890-4900-92bc-8851b8097194},{38b7d072-075b-409d-8a6f-014d9c819ff5} teilnehmer={28cf93d9-18fe-460f-99bf-07a714706ddd},{28bdcf93-d890-4900-92bc-8851b8097194},{38b7d072-075b-409d-8a6f-014d9c819ff5} float={b5199d7e-ca1d-4451-bf04-426469b8e468}
2026-09-06T20:16:27+02:00 HAL9000 kwin_wayland[2468]: kwin-xmonad-lite: befehl focusNext surface=a89f5ec2-ab8e-4108-8088-7118500a3aab|89539ae6-e06b-4c76-a057-95df959578a9|eDP-1 via=aktiv fokus={9cea3fcd-22eb-447b-a180-9096201dc0af}
2026-09-06T20:16:27+02:00 HAL9000 kwin_wayland[2468]: kwin-xmonad-lite: aktiviere {9cea3fcd-22eb-447b-a180-9096201dc0af}
2026-09-06T20:16:27+02:00 HAL9000 kwin_wayland[2468]: kwin-xmonad-lite: arrange #90 grund=windowActivated,shortcut:focusNext surfaces=2 mitglieder=8 teilnehmer=6
2026-09-06T20:16:27+02:00 HAL9000 kwin_wayland[2468]: kwin-xmonad-lite: surface a89f5ec2-ab8e-4108-8088-7118500a3aab|89539ae6-e06b-4c76-a057-95df959578a9|eDP-1 layout=tall n=3 ratio=0.6 fläche=1920x1080+1920+0
2026-09-06T20:16:27+02:00 HAL9000 kwin_wayland[2468]: kwin-xmonad-lite: diagnose a89f5ec2-ab8e-4108-8088-7118500a3aab|89539ae6-e06b-4c76-a057-95df959578a9|eDP-1 order={0d42d412-cbac-46cd-82e2-fbb62aaec8b7},{d748ac35-9960-4cef-bb7c-f3de0dbc346c},{36c69109-99f8-4079-9fb7-02567acde176},{9cea3fcd-22eb-447b-a180-9096201dc0af} teilnehmer={d748ac35-9960-4cef-bb7c-f3de0dbc346c},{36c69109-99f8-4079-9fb7-02567acde176},{9cea3fcd-22eb-447b-a180-9096201dc0af} float=
2026-09-06T20:16:27+02:00 HAL9000 kwin_wayland[2468]: kwin-xmonad-lite: surface a89f5ec2-ab8e-4108-8088-7118500a3aab|89539ae6-e06b-4c76-a057-95df959578a9|DP-3 layout=tall n=3 ratio=0.55 fläche=1920x1050+0+0
2026-09-06T20:16:27+02:00 HAL9000 kwin_wayland[2468]: kwin-xmonad-lite: diagnose a89f5ec2-ab8e-4108-8088-7118500a3aab|89539ae6-e06b-4c76-a057-95df959578a9|DP-3 order={28cf93d9-18fe-460f-99bf-07a714706ddd},{b5199d7e-ca1d-4451-bf04-426469b8e468},{28bdcf93-d890-4900-92bc-8851b8097194},{38b7d072-075b-409d-8a6f-014d9c819ff5} teilnehmer={28cf93d9-18fe-460f-99bf-07a714706ddd},{28bdcf93-d890-4900-92bc-8851b8097194},{38b7d072-075b-409d-8a6f-014d9c819ff5} float={b5199d7e-ca1d-4451-bf04-426469b8e468}
2026-09-06T20:17:14+02:00 HAL9000 kwin_wayland[2468]: kwin-xmonad-lite: befehl focusPrev surface=a89f5ec2-ab8e-4108-8088-7118500a3aab|89539ae6-e06b-4c76-a057-95df959578a9|eDP-1 via=aktiv fokus={36c69109-99f8-4079-9fb7-02567acde176}
2026-09-06T20:17:14+02:00 HAL9000 kwin_wayland[2468]: kwin-xmonad-lite: aktiviere {36c69109-99f8-4079-9fb7-02567acde176}
2026-09-06T20:17:14+02:00 HAL9000 kwin_wayland[2468]: kwin-xmonad-lite: arrange #91 grund=windowActivated,shortcut:focusPrev surfaces=2 mitglieder=8 teilnehmer=6
2026-09-06T20:17:14+02:00 HAL9000 kwin_wayland[2468]: kwin-xmonad-lite: surface a89f5ec2-ab8e-4108-8088-7118500a3aab|89539ae6-e06b-4c76-a057-95df959578a9|eDP-1 layout=tall n=3 ratio=0.6 fläche=1920x1080+1920+0
2026-09-06T20:17:14+02:00 HAL9000 kwin_wayland[2468]: kwin-xmonad-lite: diagnose a89f5ec2-ab8e-4108-8088-7118500a3aab|89539ae6-e06b-4c76-a057-95df959578a9|eDP-1 order={0d42d412-cbac-46cd-82e2-fbb62aaec8b7},{d748ac35-9960-4cef-bb7c-f3de0dbc346c},{36c69109-99f8-4079-9fb7-02567acde176},{9cea3fcd-22eb-447b-a180-9096201dc0af} teilnehmer={d748ac35-9960-4cef-bb7c-f3de0dbc346c},{36c69109-99f8-4079-9fb7-02567acde176},{9cea3fcd-22eb-447b-a180-9096201dc0af} float=
2026-09-06T20:17:14+02:00 HAL9000 kwin_wayland[2468]: kwin-xmonad-lite: surface a89f5ec2-ab8e-4108-8088-7118500a3aab|89539ae6-e06b-4c76-a057-95df959578a9|DP-3 layout=tall n=3 ratio=0.55 fläche=1920x1050+0+0
2026-09-06T20:17:14+02:00 HAL9000 kwin_wayland[2468]: kwin-xmonad-lite: diagnose a89f5ec2-ab8e-4108-8088-7118500a3aab|89539ae6-e06b-4c76-a057-95df959578a9|DP-3 order={28cf93d9-18fe-460f-99bf-07a714706ddd},{b5199d7e-ca1d-4451-bf04-426469b8e468},{28bdcf93-d890-4900-92bc-8851b8097194},{38b7d072-075b-409d-8a6f-014d9c819ff5} teilnehmer={28cf93d9-18fe-460f-99bf-07a714706ddd},{28bdcf93-d890-4900-92bc-8851b8097194},{38b7d072-075b-409d-8a6f-014d9c819ff5} float={b5199d7e-ca1d-4451-bf04-426469b8e468}
2026-09-06T20:18:22+02:00 HAL9000 kwin_wayland[2468]: kwin-xmonad-lite: extern {36c69109-99f8-4079-9fb7-02567acde176}
2026-09-06T20:18:22+02:00 HAL9000 kwin_wayland[2468]: kwin-xmonad-lite: arrange #92 grund=geometrieExtern,fensterzustand surfaces=2 mitglieder=8 teilnehmer=5
2026-09-06T20:18:22+02:00 HAL9000 kwin_wayland[2468]: kwin-xmonad-lite: surface a89f5ec2-ab8e-4108-8088-7118500a3aab|89539ae6-e06b-4c76-a057-95df959578a9|eDP-1 layout=tall n=2 ratio=0.6 fläche=1920x1080+1920+0
2026-09-06T20:18:22+02:00 HAL9000 kwin_wayland[2468]: kwin-xmonad-lite: diagnose a89f5ec2-ab8e-4108-8088-7118500a3aab|89539ae6-e06b-4c76-a057-95df959578a9|eDP-1 order={0d42d412-cbac-46cd-82e2-fbb62aaec8b7},{d748ac35-9960-4cef-bb7c-f3de0dbc346c},{36c69109-99f8-4079-9fb7-02567acde176},{9cea3fcd-22eb-447b-a180-9096201dc0af} teilnehmer={d748ac35-9960-4cef-bb7c-f3de0dbc346c},{9cea3fcd-22eb-447b-a180-9096201dc0af} float=
2026-09-06T20:18:22+02:00 HAL9000 kwin_wayland[2468]: kwin-xmonad-lite: apply {9cea3fcd-22eb-447b-a180-9096201dc0af} soll=768x1080+3072+0
2026-09-06T20:18:22+02:00 HAL9000 kwin_wayland[2468]: kwin-xmonad-lite: surface a89f5ec2-ab8e-4108-8088-7118500a3aab|89539ae6-e06b-4c76-a057-95df959578a9|DP-3 layout=tall n=3 ratio=0.55 fläche=1920x1050+0+0
2026-09-06T20:18:22+02:00 HAL9000 kwin_wayland[2468]: kwin-xmonad-lite: diagnose a89f5ec2-ab8e-4108-8088-7118500a3aab|89539ae6-e06b-4c76-a057-95df959578a9|DP-3 order={28cf93d9-18fe-460f-99bf-07a714706ddd},{b5199d7e-ca1d-4451-bf04-426469b8e468},{28bdcf93-d890-4900-92bc-8851b8097194},{38b7d072-075b-409d-8a6f-014d9c819ff5} teilnehmer={28cf93d9-18fe-460f-99bf-07a714706ddd},{28bdcf93-d890-4900-92bc-8851b8097194},{38b7d072-075b-409d-8a6f-014d9c819ff5} float={b5199d7e-ca1d-4451-bf04-426469b8e468}
2026-09-06T20:19:02+02:00 HAL9000 kwin_wayland[2468]: kwin-xmonad-lite: befehl focusPrev surface=a89f5ec2-ab8e-4108-8088-7118500a3aab|89539ae6-e06b-4c76-a057-95df959578a9|eDP-1 via=aktiv fokus={d748ac35-9960-4cef-bb7c-f3de0dbc346c}
2026-09-06T20:19:02+02:00 HAL9000 kwin_wayland[2468]: kwin-xmonad-lite: aktiviere {d748ac35-9960-4cef-bb7c-f3de0dbc346c}
2026-09-06T20:19:02+02:00 HAL9000 kwin_wayland[2468]: kwin-xmonad-lite: arrange #93 grund=windowActivated,shortcut:focusPrev surfaces=2 mitglieder=8 teilnehmer=5
2026-09-06T20:19:02+02:00 HAL9000 kwin_wayland[2468]: kwin-xmonad-lite: surface a89f5ec2-ab8e-4108-8088-7118500a3aab|89539ae6-e06b-4c76-a057-95df959578a9|eDP-1 layout=tall n=2 ratio=0.6 fläche=1920x1080+1920+0
2026-09-06T20:19:02+02:00 HAL9000 kwin_wayland[2468]: kwin-xmonad-lite: diagnose a89f5ec2-ab8e-4108-8088-7118500a3aab|89539ae6-e06b-4c76-a057-95df959578a9|eDP-1 order={0d42d412-cbac-46cd-82e2-fbb62aaec8b7},{d748ac35-9960-4cef-bb7c-f3de0dbc346c},{36c69109-99f8-4079-9fb7-02567acde176},{9cea3fcd-22eb-447b-a180-9096201dc0af} teilnehmer={d748ac35-9960-4cef-bb7c-f3de0dbc346c},{9cea3fcd-22eb-447b-a180-9096201dc0af} float=
2026-09-06T20:19:02+02:00 HAL9000 kwin_wayland[2468]: kwin-xmonad-lite: surface a89f5ec2-ab8e-4108-8088-7118500a3aab|89539ae6-e06b-4c76-a057-95df959578a9|DP-3 layout=tall n=3 ratio=0.55 fläche=1920x1050+0+0
2026-09-06T20:19:02+02:00 HAL9000 kwin_wayland[2468]: kwin-xmonad-lite: diagnose a89f5ec2-ab8e-4108-8088-7118500a3aab|89539ae6-e06b-4c76-a057-95df959578a9|DP-3 order={28cf93d9-18fe-460f-99bf-07a714706ddd},{b5199d7e-ca1d-4451-bf04-426469b8e468},{28bdcf93-d890-4900-92bc-8851b8097194},{38b7d072-075b-409d-8a6f-014d9c819ff5} teilnehmer={28cf93d9-18fe-460f-99bf-07a714706ddd},{28bdcf93-d890-4900-92bc-8851b8097194},{38b7d072-075b-409d-8a6f-014d9c819ff5} float={b5199d7e-ca1d-4451-bf04-426469b8e468}
2026-09-06T20:19:57+02:00 HAL9000 kwin_wayland[2468]: kwin-xmonad-lite: befehl focusNext surface=a89f5ec2-ab8e-4108-8088-7118500a3aab|89539ae6-e06b-4c76-a057-95df959578a9|eDP-1 via=aktiv fokus={36c69109-99f8-4079-9fb7-02567acde176}
2026-09-06T20:19:57+02:00 HAL9000 kwin_wayland[2468]: kwin-xmonad-lite: aktiviere {36c69109-99f8-4079-9fb7-02567acde176}
2026-09-06T20:19:57+02:00 HAL9000 kwin_wayland[2468]: kwin-xmonad-lite: arrange #94 grund=windowActivated,shortcut:focusNext surfaces=2 mitglieder=8 teilnehmer=5
2026-09-06T20:19:57+02:00 HAL9000 kwin_wayland[2468]: kwin-xmonad-lite: surface a89f5ec2-ab8e-4108-8088-7118500a3aab|89539ae6-e06b-4c76-a057-95df959578a9|eDP-1 layout=tall n=2 ratio=0.6 fläche=1920x1080+1920+0
2026-09-06T20:19:57+02:00 HAL9000 kwin_wayland[2468]: kwin-xmonad-lite: diagnose a89f5ec2-ab8e-4108-8088-7118500a3aab|89539ae6-e06b-4c76-a057-95df959578a9|eDP-1 order={0d42d412-cbac-46cd-82e2-fbb62aaec8b7},{d748ac35-9960-4cef-bb7c-f3de0dbc346c},{36c69109-99f8-4079-9fb7-02567acde176},{9cea3fcd-22eb-447b-a180-9096201dc0af} teilnehmer={d748ac35-9960-4cef-bb7c-f3de0dbc346c},{9cea3fcd-22eb-447b-a180-9096201dc0af} float=
2026-09-06T20:19:57+02:00 HAL9000 kwin_wayland[2468]: kwin-xmonad-lite: surface a89f5ec2-ab8e-4108-8088-7118500a3aab|89539ae6-e06b-4c76-a057-95df959578a9|DP-3 layout=tall n=3 ratio=0.55 fläche=1920x1050+0+0
2026-09-06T20:19:57+02:00 HAL9000 kwin_wayland[2468]: kwin-xmonad-lite: diagnose a89f5ec2-ab8e-4108-8088-7118500a3aab|89539ae6-e06b-4c76-a057-95df959578a9|DP-3 order={28cf93d9-18fe-460f-99bf-07a714706ddd},{b5199d7e-ca1d-4451-bf04-426469b8e468},{28bdcf93-d890-4900-92bc-8851b8097194},{38b7d072-075b-409d-8a6f-014d9c819ff5} teilnehmer={28cf93d9-18fe-460f-99bf-07a714706ddd},{28bdcf93-d890-4900-92bc-8851b8097194},{38b7d072-075b-409d-8a6f-014d9c819ff5} float={b5199d7e-ca1d-4451-bf04-426469b8e468}
2026-09-06T20:21:19+02:00 HAL9000 kwin_wayland[2468]: kwin-xmonad-lite: arrange #95 grund=windowActivated,desktopChanged surfaces=2 mitglieder=4 teilnehmer=3
2026-09-06T20:21:19+02:00 HAL9000 kwin_wayland[2468]: kwin-xmonad-lite: surface a89f5ec2-ab8e-4108-8088-7118500a3aab|b7798180-564c-4f75-ad4a-284026ac7a68|eDP-1 layout=full n=1 ratio=0.6 fläche=1920x1080+1920+0
2026-09-06T20:21:19+02:00 HAL9000 kwin_wayland[2468]: kwin-xmonad-lite: diagnose a89f5ec2-ab8e-4108-8088-7118500a3aab|b7798180-564c-4f75-ad4a-284026ac7a68|eDP-1 order={7deb080f-2ee6-46e0-a25e-b4a8dee92de8} teilnehmer={7deb080f-2ee6-46e0-a25e-b4a8dee92de8} float=
2026-09-06T20:21:19+02:00 HAL9000 kwin_wayland[2468]: kwin-xmonad-lite: surface a89f5ec2-ab8e-4108-8088-7118500a3aab|b7798180-564c-4f75-ad4a-284026ac7a68|DP-3 layout=full n=2 ratio=0.65 fläche=1920x1050+0+0
2026-09-06T20:21:19+02:00 HAL9000 kwin_wayland[2468]: kwin-xmonad-lite: diagnose a89f5ec2-ab8e-4108-8088-7118500a3aab|b7798180-564c-4f75-ad4a-284026ac7a68|DP-3 order={b5199d7e-ca1d-4451-bf04-426469b8e468},{6807996b-8211-4590-9d4c-def50215de55},{6429d239-a71f-4c42-99ae-997dffa005d9} teilnehmer={6807996b-8211-4590-9d4c-def50215de55},{6429d239-a71f-4c42-99ae-997dffa005d9} float={b5199d7e-ca1d-4451-bf04-426469b8e468}
2026-09-06T20:22:12+02:00 HAL9000 kwin_wayland[2468]: kwin-xmonad-lite: befehl toggleFloat surface=a89f5ec2-ab8e-4108-8088-7118500a3aab|b7798180-564c-4f75-ad4a-284026ac7a68|eDP-1 via=aktiv fenster={7deb080f-2ee6-46e0-a25e-b4a8dee92de8} → gefloatet
2026-09-06T20:22:12+02:00 HAL9000 kwin_wayland[2468]: kwin-xmonad-lite: arrange #96 grund=shortcut:toggleFloat surfaces=2 mitglieder=4 teilnehmer=2
2026-09-06T20:22:12+02:00 HAL9000 kwin_wayland[2468]: kwin-xmonad-lite: surface a89f5ec2-ab8e-4108-8088-7118500a3aab|b7798180-564c-4f75-ad4a-284026ac7a68|eDP-1 layout=full n=0 ratio=0.6 fläche=1920x1080+1920+0
2026-09-06T20:22:12+02:00 HAL9000 kwin_wayland[2468]: kwin-xmonad-lite: diagnose a89f5ec2-ab8e-4108-8088-7118500a3aab|b7798180-564c-4f75-ad4a-284026ac7a68|eDP-1 order={7deb080f-2ee6-46e0-a25e-b4a8dee92de8} teilnehmer= float={7deb080f-2ee6-46e0-a25e-b4a8dee92de8}
2026-09-06T20:22:12+02:00 HAL9000 kwin_wayland[2468]: kwin-xmonad-lite: surface a89f5ec2-ab8e-4108-8088-7118500a3aab|b7798180-564c-4f75-ad4a-284026ac7a68|DP-3 layout=full n=2 ratio=0.65 fläche=1920x1050+0+0
2026-09-06T20:22:12+02:00 HAL9000 kwin_wayland[2468]: kwin-xmonad-lite: diagnose a89f5ec2-ab8e-4108-8088-7118500a3aab|b7798180-564c-4f75-ad4a-284026ac7a68|DP-3 order={b5199d7e-ca1d-4451-bf04-426469b8e468},{6807996b-8211-4590-9d4c-def50215de55},{6429d239-a71f-4c42-99ae-997dffa005d9} teilnehmer={6807996b-8211-4590-9d4c-def50215de55},{6429d239-a71f-4c42-99ae-997dffa005d9} float={b5199d7e-ca1d-4451-bf04-426469b8e468}
2026-09-06T20:23:15+02:00 HAL9000 kwin_wayland[2468]: kwin-xmonad-lite: arrange #97 grund=windowActivated,windowAdded surfaces=2 mitglieder=5 teilnehmer=3
2026-09-06T20:23:15+02:00 HAL9000 kwin_wayland[2468]: kwin-xmonad-lite: surface a89f5ec2-ab8e-4108-8088-7118500a3aab|b7798180-564c-4f75-ad4a-284026ac7a68|eDP-1 layout=full n=1 ratio=0.6 fläche=1920x1080+1920+0
2026-09-06T20:23:15+02:00 HAL9000 kwin_wayland[2468]: kwin-xmonad-lite: diagnose a89f5ec2-ab8e-4108-8088-7118500a3aab|b7798180-564c-4f75-ad4a-284026ac7a68|eDP-1 order={95d94738-1f4d-42da-af83-d4e84644bf70},{7deb080f-2ee6-46e0-a25e-b4a8dee92de8} teilnehmer={95d94738-1f4d-42da-af83-d4e84644bf70} float={7deb080f-2ee6-46e0-a25e-b4a8dee92de8}
2026-09-06T20:23:15+02:00 HAL9000 kwin_wayland[2468]: kwin-xmonad-lite: apply {95d94738-1f4d-42da-af83-d4e84644bf70} soll=1920x1080+1920+0
2026-09-06T20:23:15+02:00 HAL9000 kwin_wayland[2468]: kwin-xmonad-lite: surface a89f5ec2-ab8e-4108-8088-7118500a3aab|b7798180-564c-4f75-ad4a-284026ac7a68|DP-3 layout=full n=2 ratio=0.65 fläche=1920x1050+0+0
2026-09-06T20:23:15+02:00 HAL9000 kwin_wayland[2468]: kwin-xmonad-lite: diagnose a89f5ec2-ab8e-4108-8088-7118500a3aab|b7798180-564c-4f75-ad4a-284026ac7a68|DP-3 order={b5199d7e-ca1d-4451-bf04-426469b8e468},{6807996b-8211-4590-9d4c-def50215de55},{6429d239-a71f-4c42-99ae-997dffa005d9} teilnehmer={6807996b-8211-4590-9d4c-def50215de55},{6429d239-a71f-4c42-99ae-997dffa005d9} float={b5199d7e-ca1d-4451-bf04-426469b8e468}
2026-09-06T20:24:39+02:00 HAL9000 kwin_wayland[2468]: kwin-xmonad-lite: gc #98 fenster=1 surfaces=0
2026-09-06T20:24:39+02:00 HAL9000 kwin_wayland[2468]: kwin-xmonad-lite: arrange #98 grund=closed,windowRemoved surfaces=2 mitglieder=5 teilnehmer=3
2026-09-06T20:24:39+02:00 HAL9000 kwin_wayland[2468]: kwin-xmonad-lite: surface a89f5ec2-ab8e-4108-8088-7118500a3aab|b7798180-564c-4f75-ad4a-284026ac7a68|eDP-1 layout=full n=1 ratio=0.6 fläche=1920x1080+1920+0
2026-09-06T20:24:39+02:00 HAL9000 kwin_wayland[2468]: kwin-xmonad-lite: diagnose a89f5ec2-ab8e-4108-8088-7118500a3aab|b7798180-564c-4f75-ad4a-284026ac7a68|eDP-1 order={95d94738-1f4d-42da-af83-d4e84644bf70},{7deb080f-2ee6-46e0-a25e-b4a8dee92de8} teilnehmer={95d94738-1f4d-42da-af83-d4e84644bf70} float={7deb080f-2ee6-46e0-a25e-b4a8dee92de8}
2026-09-06T20:24:39+02:00 HAL9000 kwin_wayland[2468]: kwin-xmonad-lite: surface a89f5ec2-ab8e-4108-8088-7118500a3aab|b7798180-564c-4f75-ad4a-284026ac7a68|DP-3 layout=full n=2 ratio=0.65 fläche=1920x1050+0+0
2026-09-06T20:24:39+02:00 HAL9000 kwin_wayland[2468]: kwin-xmonad-lite: diagnose a89f5ec2-ab8e-4108-8088-7118500a3aab|b7798180-564c-4f75-ad4a-284026ac7a68|DP-3 order={b5199d7e-ca1d-4451-bf04-426469b8e468},{6807996b-8211-4590-9d4c-def50215de55},{6429d239-a71f-4c42-99ae-997dffa005d9} teilnehmer={6807996b-8211-4590-9d4c-def50215de55},{6429d239-a71f-4c42-99ae-997dffa005d9} float={b5199d7e-ca1d-4451-bf04-426469b8e468}
2026-09-06T20:25:24+02:00 HAL9000 kwin_wayland[2468]: kwin-xmonad-lite: befehl toggleFloat surface=a89f5ec2-ab8e-4108-8088-7118500a3aab|b7798180-564c-4f75-ad4a-284026ac7a68|eDP-1 via=aktiv fenster={95d94738-1f4d-42da-af83-d4e84644bf70} → gefloatet
2026-09-06T20:25:24+02:00 HAL9000 kwin_wayland[2468]: kwin-xmonad-lite: arrange #99 grund=shortcut:toggleFloat surfaces=2 mitglieder=5 teilnehmer=2
2026-09-06T20:25:24+02:00 HAL9000 kwin_wayland[2468]: kwin-xmonad-lite: surface a89f5ec2-ab8e-4108-8088-7118500a3aab|b7798180-564c-4f75-ad4a-284026ac7a68|eDP-1 layout=full n=0 ratio=0.6 fläche=1920x1080+1920+0
2026-09-06T20:25:24+02:00 HAL9000 kwin_wayland[2468]: kwin-xmonad-lite: diagnose a89f5ec2-ab8e-4108-8088-7118500a3aab|b7798180-564c-4f75-ad4a-284026ac7a68|eDP-1 order={95d94738-1f4d-42da-af83-d4e84644bf70},{7deb080f-2ee6-46e0-a25e-b4a8dee92de8} teilnehmer= float={95d94738-1f4d-42da-af83-d4e84644bf70},{7deb080f-2ee6-46e0-a25e-b4a8dee92de8}
2026-09-06T20:25:24+02:00 HAL9000 kwin_wayland[2468]: kwin-xmonad-lite: surface a89f5ec2-ab8e-4108-8088-7118500a3aab|b7798180-564c-4f75-ad4a-284026ac7a68|DP-3 layout=full n=2 ratio=0.65 fläche=1920x1050+0+0
2026-09-06T20:25:24+02:00 HAL9000 kwin_wayland[2468]: kwin-xmonad-lite: diagnose a89f5ec2-ab8e-4108-8088-7118500a3aab|b7798180-564c-4f75-ad4a-284026ac7a68|DP-3 order={b5199d7e-ca1d-4451-bf04-426469b8e468},{6807996b-8211-4590-9d4c-def50215de55},{6429d239-a71f-4c42-99ae-997dffa005d9} teilnehmer={6807996b-8211-4590-9d4c-def50215de55},{6429d239-a71f-4c42-99ae-997dffa005d9} float={b5199d7e-ca1d-4451-bf04-426469b8e468}
2026-09-06T20:26:27+02:00 HAL9000 kwin_wayland[2468]: kwin-xmonad-lite: arrange #100 grund=fensterzustand surfaces=2 mitglieder=5 teilnehmer=2
2026-09-06T20:26:27+02:00 HAL9000 kwin_wayland[2468]: kwin-xmonad-lite: surface a89f5ec2-ab8e-4108-8088-7118500a3aab|b7798180-564c-4f75-ad4a-284026ac7a68|eDP-1 layout=full n=0 ratio=0.6 fläche=1920x1080+1920+0
2026-09-06T20:26:27+02:00 HAL9000 kwin_wayland[2468]: kwin-xmonad-lite: diagnose a89f5ec2-ab8e-4108-8088-7118500a3aab|b7798180-564c-4f75-ad4a-284026ac7a68|eDP-1 order={95d94738-1f4d-42da-af83-d4e84644bf70},{7deb080f-2ee6-46e0-a25e-b4a8dee92de8} teilnehmer= float={95d94738-1f4d-42da-af83-d4e84644bf70},{7deb080f-2ee6-46e0-a25e-b4a8dee92de8}
2026-09-06T20:26:27+02:00 HAL9000 kwin_wayland[2468]: kwin-xmonad-lite: surface a89f5ec2-ab8e-4108-8088-7118500a3aab|b7798180-564c-4f75-ad4a-284026ac7a68|DP-3 layout=full n=2 ratio=0.65 fläche=1920x1050+0+0
2026-09-06T20:26:27+02:00 HAL9000 kwin_wayland[2468]: kwin-xmonad-lite: diagnose a89f5ec2-ab8e-4108-8088-7118500a3aab|b7798180-564c-4f75-ad4a-284026ac7a68|DP-3 order={b5199d7e-ca1d-4451-bf04-426469b8e468},{6807996b-8211-4590-9d4c-def50215de55},{6429d239-a71f-4c42-99ae-997dffa005d9} teilnehmer={6807996b-8211-4590-9d4c-def50215de55},{6429d239-a71f-4c42-99ae-997dffa005d9} float={b5199d7e-ca1d-4451-bf04-426469b8e468}
2026-09-06T20:27:01+02:00 HAL9000 kwin_wayland[2468]: kwin-xmonad-lite: befehl toggleFloat surface=a89f5ec2-ab8e-4108-8088-7118500a3aab|b7798180-564c-4f75-ad4a-284026ac7a68|eDP-1 via=aktiv fenster={95d94738-1f4d-42da-af83-d4e84644bf70} → gekachelt
2026-09-06T20:27:01+02:00 HAL9000 kwin_wayland[2468]: kwin-xmonad-lite: arrange #101 grund=shortcut:toggleFloat surfaces=2 mitglieder=5 teilnehmer=2
2026-09-06T20:27:01+02:00 HAL9000 kwin_wayland[2468]: kwin-xmonad-lite: surface a89f5ec2-ab8e-4108-8088-7118500a3aab|b7798180-564c-4f75-ad4a-284026ac7a68|eDP-1 layout=full n=0 ratio=0.6 fläche=1920x1080+1920+0
2026-09-06T20:27:01+02:00 HAL9000 kwin_wayland[2468]: kwin-xmonad-lite: diagnose a89f5ec2-ab8e-4108-8088-7118500a3aab|b7798180-564c-4f75-ad4a-284026ac7a68|eDP-1 order={95d94738-1f4d-42da-af83-d4e84644bf70},{7deb080f-2ee6-46e0-a25e-b4a8dee92de8} teilnehmer= float={7deb080f-2ee6-46e0-a25e-b4a8dee92de8}
2026-09-06T20:27:01+02:00 HAL9000 kwin_wayland[2468]: kwin-xmonad-lite: surface a89f5ec2-ab8e-4108-8088-7118500a3aab|b7798180-564c-4f75-ad4a-284026ac7a68|DP-3 layout=full n=2 ratio=0.65 fläche=1920x1050+0+0
2026-09-06T20:27:01+02:00 HAL9000 kwin_wayland[2468]: kwin-xmonad-lite: diagnose a89f5ec2-ab8e-4108-8088-7118500a3aab|b7798180-564c-4f75-ad4a-284026ac7a68|DP-3 order={b5199d7e-ca1d-4451-bf04-426469b8e468},{6807996b-8211-4590-9d4c-def50215de55},{6429d239-a71f-4c42-99ae-997dffa005d9} teilnehmer={6807996b-8211-4590-9d4c-def50215de55},{6429d239-a71f-4c42-99ae-997dffa005d9} float={b5199d7e-ca1d-4451-bf04-426469b8e468}
2026-09-06T20:28:24+02:00 HAL9000 kwin_wayland[2468]: kwin-xmonad-lite: befehl toggleFloat surface=a89f5ec2-ab8e-4108-8088-7118500a3aab|b7798180-564c-4f75-ad4a-284026ac7a68|eDP-1 via=aktiv fenster={95d94738-1f4d-42da-af83-d4e84644bf70} → gefloatetOhneWiederherstellung
2026-09-06T20:28:24+02:00 HAL9000 kwin_wayland[2468]: kwin-xmonad-lite: arrange #102 grund=shortcut:toggleFloat surfaces=2 mitglieder=5 teilnehmer=2
2026-09-06T20:28:24+02:00 HAL9000 kwin_wayland[2468]: kwin-xmonad-lite: surface a89f5ec2-ab8e-4108-8088-7118500a3aab|b7798180-564c-4f75-ad4a-284026ac7a68|eDP-1 layout=full n=0 ratio=0.6 fläche=1920x1080+1920+0
2026-09-06T20:28:24+02:00 HAL9000 kwin_wayland[2468]: kwin-xmonad-lite: diagnose a89f5ec2-ab8e-4108-8088-7118500a3aab|b7798180-564c-4f75-ad4a-284026ac7a68|eDP-1 order={95d94738-1f4d-42da-af83-d4e84644bf70},{7deb080f-2ee6-46e0-a25e-b4a8dee92de8} teilnehmer= float={95d94738-1f4d-42da-af83-d4e84644bf70},{7deb080f-2ee6-46e0-a25e-b4a8dee92de8}
2026-09-06T20:28:24+02:00 HAL9000 kwin_wayland[2468]: kwin-xmonad-lite: surface a89f5ec2-ab8e-4108-8088-7118500a3aab|b7798180-564c-4f75-ad4a-284026ac7a68|DP-3 layout=full n=2 ratio=0.65 fläche=1920x1050+0+0
2026-09-06T20:28:24+02:00 HAL9000 kwin_wayland[2468]: kwin-xmonad-lite: diagnose a89f5ec2-ab8e-4108-8088-7118500a3aab|b7798180-564c-4f75-ad4a-284026ac7a68|DP-3 order={b5199d7e-ca1d-4451-bf04-426469b8e468},{6807996b-8211-4590-9d4c-def50215de55},{6429d239-a71f-4c42-99ae-997dffa005d9} teilnehmer={6807996b-8211-4590-9d4c-def50215de55},{6429d239-a71f-4c42-99ae-997dffa005d9} float={b5199d7e-ca1d-4451-bf04-426469b8e468}
2026-09-06T20:29:46+02:00 HAL9000 kwin_wayland[2468]: kwin-xmonad-lite: befehl shrink surface=a89f5ec2-ab8e-4108-8088-7118500a3aab|b7798180-564c-4f75-ad4a-284026ac7a68|eDP-1 via=aktiv ratio=0.55
2026-09-06T20:29:46+02:00 HAL9000 kwin_wayland[2468]: kwin-xmonad-lite: arrange #103 grund=shortcut:shrink surfaces=2 mitglieder=5 teilnehmer=2
2026-09-06T20:29:46+02:00 HAL9000 kwin_wayland[2468]: kwin-xmonad-lite: surface a89f5ec2-ab8e-4108-8088-7118500a3aab|b7798180-564c-4f75-ad4a-284026ac7a68|eDP-1 layout=full n=0 ratio=0.55 fläche=1920x1080+1920+0
2026-09-06T20:29:46+02:00 HAL9000 kwin_wayland[2468]: kwin-xmonad-lite: diagnose a89f5ec2-ab8e-4108-8088-7118500a3aab|b7798180-564c-4f75-ad4a-284026ac7a68|eDP-1 order={95d94738-1f4d-42da-af83-d4e84644bf70},{7deb080f-2ee6-46e0-a25e-b4a8dee92de8} teilnehmer= float={95d94738-1f4d-42da-af83-d4e84644bf70},{7deb080f-2ee6-46e0-a25e-b4a8dee92de8}
2026-09-06T20:29:46+02:00 HAL9000 kwin_wayland[2468]: kwin-xmonad-lite: surface a89f5ec2-ab8e-4108-8088-7118500a3aab|b7798180-564c-4f75-ad4a-284026ac7a68|DP-3 layout=full n=2 ratio=0.65 fläche=1920x1050+0+0
2026-09-06T20:29:46+02:00 HAL9000 kwin_wayland[2468]: kwin-xmonad-lite: diagnose a89f5ec2-ab8e-4108-8088-7118500a3aab|b7798180-564c-4f75-ad4a-284026ac7a68|DP-3 order={b5199d7e-ca1d-4451-bf04-426469b8e468},{6807996b-8211-4590-9d4c-def50215de55},{6429d239-a71f-4c42-99ae-997dffa005d9} teilnehmer={6807996b-8211-4590-9d4c-def50215de55},{6429d239-a71f-4c42-99ae-997dffa005d9} float={b5199d7e-ca1d-4451-bf04-426469b8e468}
2026-09-06T20:31:06+02:00 HAL9000 kwin_wayland[2468]: kwin-xmonad-lite: befehl shrink surface=a89f5ec2-ab8e-4108-8088-7118500a3aab|b7798180-564c-4f75-ad4a-284026ac7a68|eDP-1 via=aktiv ratio=0.5
2026-09-06T20:31:06+02:00 HAL9000 kwin_wayland[2468]: kwin-xmonad-lite: arrange #104 grund=shortcut:shrink surfaces=2 mitglieder=5 teilnehmer=2
2026-09-06T20:31:06+02:00 HAL9000 kwin_wayland[2468]: kwin-xmonad-lite: surface a89f5ec2-ab8e-4108-8088-7118500a3aab|b7798180-564c-4f75-ad4a-284026ac7a68|eDP-1 layout=full n=0 ratio=0.5 fläche=1920x1080+1920+0
2026-09-06T20:31:06+02:00 HAL9000 kwin_wayland[2468]: kwin-xmonad-lite: diagnose a89f5ec2-ab8e-4108-8088-7118500a3aab|b7798180-564c-4f75-ad4a-284026ac7a68|eDP-1 order={95d94738-1f4d-42da-af83-d4e84644bf70},{7deb080f-2ee6-46e0-a25e-b4a8dee92de8} teilnehmer= float={95d94738-1f4d-42da-af83-d4e84644bf70},{7deb080f-2ee6-46e0-a25e-b4a8dee92de8}
2026-09-06T20:31:06+02:00 HAL9000 kwin_wayland[2468]: kwin-xmonad-lite: surface a89f5ec2-ab8e-4108-8088-7118500a3aab|b7798180-564c-4f75-ad4a-284026ac7a68|DP-3 layout=full n=2 ratio=0.65 fläche=1920x1050+0+0
2026-09-06T20:31:06+02:00 HAL9000 kwin_wayland[2468]: kwin-xmonad-lite: diagnose a89f5ec2-ab8e-4108-8088-7118500a3aab|b7798180-564c-4f75-ad4a-284026ac7a68|DP-3 order={b5199d7e-ca1d-4451-bf04-426469b8e468},{6807996b-8211-4590-9d4c-def50215de55},{6429d239-a71f-4c42-99ae-997dffa005d9} teilnehmer={6807996b-8211-4590-9d4c-def50215de55},{6429d239-a71f-4c42-99ae-997dffa005d9} float={b5199d7e-ca1d-4451-bf04-426469b8e468}
2026-09-06T20:32:25+02:00 HAL9000 kwin_wayland[2468]: kwin-xmonad-lite: befehl expand surface=a89f5ec2-ab8e-4108-8088-7118500a3aab|b7798180-564c-4f75-ad4a-284026ac7a68|eDP-1 via=aktiv ratio=0.55
2026-09-06T20:32:25+02:00 HAL9000 kwin_wayland[2468]: kwin-xmonad-lite: arrange #105 grund=shortcut:expand surfaces=2 mitglieder=5 teilnehmer=2
2026-09-06T20:32:25+02:00 HAL9000 kwin_wayland[2468]: kwin-xmonad-lite: surface a89f5ec2-ab8e-4108-8088-7118500a3aab|b7798180-564c-4f75-ad4a-284026ac7a68|eDP-1 layout=full n=0 ratio=0.55 fläche=1920x1080+1920+0
2026-09-06T20:32:25+02:00 HAL9000 kwin_wayland[2468]: kwin-xmonad-lite: diagnose a89f5ec2-ab8e-4108-8088-7118500a3aab|b7798180-564c-4f75-ad4a-284026ac7a68|eDP-1 order={95d94738-1f4d-42da-af83-d4e84644bf70},{7deb080f-2ee6-46e0-a25e-b4a8dee92de8} teilnehmer= float={95d94738-1f4d-42da-af83-d4e84644bf70},{7deb080f-2ee6-46e0-a25e-b4a8dee92de8}
2026-09-06T20:32:25+02:00 HAL9000 kwin_wayland[2468]: kwin-xmonad-lite: surface a89f5ec2-ab8e-4108-8088-7118500a3aab|b7798180-564c-4f75-ad4a-284026ac7a68|DP-3 layout=full n=2 ratio=0.65 fläche=1920x1050+0+0
2026-09-06T20:32:25+02:00 HAL9000 kwin_wayland[2468]: kwin-xmonad-lite: diagnose a89f5ec2-ab8e-4108-8088-7118500a3aab|b7798180-564c-4f75-ad4a-284026ac7a68|DP-3 order={b5199d7e-ca1d-4451-bf04-426469b8e468},{6807996b-8211-4590-9d4c-def50215de55},{6429d239-a71f-4c42-99ae-997dffa005d9} teilnehmer={6807996b-8211-4590-9d4c-def50215de55},{6429d239-a71f-4c42-99ae-997dffa005d9} float={b5199d7e-ca1d-4451-bf04-426469b8e468}
2026-09-06T20:33:05+02:00 HAL9000 kwin_wayland[2468]: kwin-xmonad-lite: befehl shrink surface=a89f5ec2-ab8e-4108-8088-7118500a3aab|b7798180-564c-4f75-ad4a-284026ac7a68|eDP-1 via=aktiv ratio=0.5
2026-09-06T20:33:05+02:00 HAL9000 kwin_wayland[2468]: kwin-xmonad-lite: arrange #106 grund=shortcut:shrink surfaces=2 mitglieder=5 teilnehmer=2
2026-09-06T20:33:05+02:00 HAL9000 kwin_wayland[2468]: kwin-xmonad-lite: surface a89f5ec2-ab8e-4108-8088-7118500a3aab|b7798180-564c-4f75-ad4a-284026ac7a68|eDP-1 layout=full n=0 ratio=0.5 fläche=1920x1080+1920+0
2026-09-06T20:33:05+02:00 HAL9000 kwin_wayland[2468]: kwin-xmonad-lite: diagnose a89f5ec2-ab8e-4108-8088-7118500a3aab|b7798180-564c-4f75-ad4a-284026ac7a68|eDP-1 order={95d94738-1f4d-42da-af83-d4e84644bf70},{7deb080f-2ee6-46e0-a25e-b4a8dee92de8} teilnehmer= float={95d94738-1f4d-42da-af83-d4e84644bf70},{7deb080f-2ee6-46e0-a25e-b4a8dee92de8}
2026-09-06T20:33:05+02:00 HAL9000 kwin_wayland[2468]: kwin-xmonad-lite: surface a89f5ec2-ab8e-4108-8088-7118500a3aab|b7798180-564c-4f75-ad4a-284026ac7a68|DP-3 layout=full n=2 ratio=0.65 fläche=1920x1050+0+0
2026-09-06T20:33:05+02:00 HAL9000 kwin_wayland[2468]: kwin-xmonad-lite: diagnose a89f5ec2-ab8e-4108-8088-7118500a3aab|b7798180-564c-4f75-ad4a-284026ac7a68|DP-3 order={b5199d7e-ca1d-4451-bf04-426469b8e468},{6807996b-8211-4590-9d4c-def50215de55},{6429d239-a71f-4c42-99ae-997dffa005d9} teilnehmer={6807996b-8211-4590-9d4c-def50215de55},{6429d239-a71f-4c42-99ae-997dffa005d9} float={b5199d7e-ca1d-4451-bf04-426469b8e468}
2026-09-06T20:33:22+02:00 HAL9000 kwin_wayland[2468]: kwin-xmonad-lite: befehl focusPrev surface=a89f5ec2-ab8e-4108-8088-7118500a3aab|b7798180-564c-4f75-ad4a-284026ac7a68|eDP-1 via=aktiv fokus={7deb080f-2ee6-46e0-a25e-b4a8dee92de8}
2026-09-06T20:33:22+02:00 HAL9000 kwin_wayland[2468]: kwin-xmonad-lite: aktiviere {7deb080f-2ee6-46e0-a25e-b4a8dee92de8}
2026-09-06T20:33:22+02:00 HAL9000 kwin_wayland[2468]: kwin-xmonad-lite: arrange #107 grund=windowActivated,shortcut:focusPrev surfaces=2 mitglieder=5 teilnehmer=2
2026-09-06T20:33:22+02:00 HAL9000 kwin_wayland[2468]: kwin-xmonad-lite: surface a89f5ec2-ab8e-4108-8088-7118500a3aab|b7798180-564c-4f75-ad4a-284026ac7a68|eDP-1 layout=full n=0 ratio=0.5 fläche=1920x1080+1920+0
2026-09-06T20:33:22+02:00 HAL9000 kwin_wayland[2468]: kwin-xmonad-lite: diagnose a89f5ec2-ab8e-4108-8088-7118500a3aab|b7798180-564c-4f75-ad4a-284026ac7a68|eDP-1 order={95d94738-1f4d-42da-af83-d4e84644bf70},{7deb080f-2ee6-46e0-a25e-b4a8dee92de8} teilnehmer= float={95d94738-1f4d-42da-af83-d4e84644bf70},{7deb080f-2ee6-46e0-a25e-b4a8dee92de8}
2026-09-06T20:33:22+02:00 HAL9000 kwin_wayland[2468]: kwin-xmonad-lite: surface a89f5ec2-ab8e-4108-8088-7118500a3aab|b7798180-564c-4f75-ad4a-284026ac7a68|DP-3 layout=full n=2 ratio=0.65 fläche=1920x1050+0+0
2026-09-06T20:33:22+02:00 HAL9000 kwin_wayland[2468]: kwin-xmonad-lite: diagnose a89f5ec2-ab8e-4108-8088-7118500a3aab|b7798180-564c-4f75-ad4a-284026ac7a68|DP-3 order={b5199d7e-ca1d-4451-bf04-426469b8e468},{6807996b-8211-4590-9d4c-def50215de55},{6429d239-a71f-4c42-99ae-997dffa005d9} teilnehmer={6807996b-8211-4590-9d4c-def50215de55},{6429d239-a71f-4c42-99ae-997dffa005d9} float={b5199d7e-ca1d-4451-bf04-426469b8e468}
2026-09-06T20:34:01+02:00 HAL9000 kwin_wayland[2468]: kwin-xmonad-lite: befehl promote surface=a89f5ec2-ab8e-4108-8088-7118500a3aab|b7798180-564c-4f75-ad4a-284026ac7a68|eDP-1 via=aktiv master={7deb080f-2ee6-46e0-a25e-b4a8dee92de8}
2026-09-06T20:34:01+02:00 HAL9000 kwin_wayland[2468]: kwin-xmonad-lite: arrange #108 grund=shortcut:promote surfaces=2 mitglieder=5 teilnehmer=2
2026-09-06T20:34:01+02:00 HAL9000 kwin_wayland[2468]: kwin-xmonad-lite: surface a89f5ec2-ab8e-4108-8088-7118500a3aab|b7798180-564c-4f75-ad4a-284026ac7a68|eDP-1 layout=full n=0 ratio=0.5 fläche=1920x1080+1920+0
2026-09-06T20:34:01+02:00 HAL9000 kwin_wayland[2468]: kwin-xmonad-lite: diagnose a89f5ec2-ab8e-4108-8088-7118500a3aab|b7798180-564c-4f75-ad4a-284026ac7a68|eDP-1 order={7deb080f-2ee6-46e0-a25e-b4a8dee92de8},{95d94738-1f4d-42da-af83-d4e84644bf70} teilnehmer= float={7deb080f-2ee6-46e0-a25e-b4a8dee92de8},{95d94738-1f4d-42da-af83-d4e84644bf70}
2026-09-06T20:34:01+02:00 HAL9000 kwin_wayland[2468]: kwin-xmonad-lite: surface a89f5ec2-ab8e-4108-8088-7118500a3aab|b7798180-564c-4f75-ad4a-284026ac7a68|DP-3 layout=full n=2 ratio=0.65 fläche=1920x1050+0+0
2026-09-06T20:34:01+02:00 HAL9000 kwin_wayland[2468]: kwin-xmonad-lite: diagnose a89f5ec2-ab8e-4108-8088-7118500a3aab|b7798180-564c-4f75-ad4a-284026ac7a68|DP-3 order={b5199d7e-ca1d-4451-bf04-426469b8e468},{6807996b-8211-4590-9d4c-def50215de55},{6429d239-a71f-4c42-99ae-997dffa005d9} teilnehmer={6807996b-8211-4590-9d4c-def50215de55},{6429d239-a71f-4c42-99ae-997dffa005d9} float={b5199d7e-ca1d-4451-bf04-426469b8e468}
2026-09-06T20:35:18+02:00 HAL9000 kwin_wayland[2468]: kwin-xmonad-lite: arrange #109 grund=windowActivated,windowAdded surfaces=2 mitglieder=6 teilnehmer=3
2026-09-06T20:35:18+02:00 HAL9000 kwin_wayland[2468]: kwin-xmonad-lite: surface a89f5ec2-ab8e-4108-8088-7118500a3aab|b7798180-564c-4f75-ad4a-284026ac7a68|eDP-1 layout=full n=1 ratio=0.5 fläche=1920x1080+1920+0
2026-09-06T20:35:18+02:00 HAL9000 kwin_wayland[2468]: kwin-xmonad-lite: diagnose a89f5ec2-ab8e-4108-8088-7118500a3aab|b7798180-564c-4f75-ad4a-284026ac7a68|eDP-1 order={ed6a2b0b-3cc3-45f1-960d-f3e42a332c62},{7deb080f-2ee6-46e0-a25e-b4a8dee92de8},{95d94738-1f4d-42da-af83-d4e84644bf70} teilnehmer={ed6a2b0b-3cc3-45f1-960d-f3e42a332c62} float={7deb080f-2ee6-46e0-a25e-b4a8dee92de8},{95d94738-1f4d-42da-af83-d4e84644bf70}
2026-09-06T20:35:18+02:00 HAL9000 kwin_wayland[2468]: kwin-xmonad-lite: apply {ed6a2b0b-3cc3-45f1-960d-f3e42a332c62} soll=1920x1080+1920+0
2026-09-06T20:35:18+02:00 HAL9000 kwin_wayland[2468]: kwin-xmonad-lite: surface a89f5ec2-ab8e-4108-8088-7118500a3aab|b7798180-564c-4f75-ad4a-284026ac7a68|DP-3 layout=full n=2 ratio=0.65 fläche=1920x1050+0+0
2026-09-06T20:35:18+02:00 HAL9000 kwin_wayland[2468]: kwin-xmonad-lite: diagnose a89f5ec2-ab8e-4108-8088-7118500a3aab|b7798180-564c-4f75-ad4a-284026ac7a68|DP-3 order={b5199d7e-ca1d-4451-bf04-426469b8e468},{6807996b-8211-4590-9d4c-def50215de55},{6429d239-a71f-4c42-99ae-997dffa005d9} teilnehmer={6807996b-8211-4590-9d4c-def50215de55},{6429d239-a71f-4c42-99ae-997dffa005d9} float={b5199d7e-ca1d-4451-bf04-426469b8e468}
2026-09-06T20:36:31+02:00 HAL9000 kwin_wayland[2468]: kwin-xmonad-lite: befehl shrink surface=a89f5ec2-ab8e-4108-8088-7118500a3aab|b7798180-564c-4f75-ad4a-284026ac7a68|eDP-1 via=aktiv ratio=0.45
2026-09-06T20:36:31+02:00 HAL9000 kwin_wayland[2468]: kwin-xmonad-lite: arrange #110 grund=shortcut:shrink surfaces=2 mitglieder=6 teilnehmer=3
2026-09-06T20:36:31+02:00 HAL9000 kwin_wayland[2468]: kwin-xmonad-lite: surface a89f5ec2-ab8e-4108-8088-7118500a3aab|b7798180-564c-4f75-ad4a-284026ac7a68|eDP-1 layout=full n=1 ratio=0.45 fläche=1920x1080+1920+0
2026-09-06T20:36:31+02:00 HAL9000 kwin_wayland[2468]: kwin-xmonad-lite: diagnose a89f5ec2-ab8e-4108-8088-7118500a3aab|b7798180-564c-4f75-ad4a-284026ac7a68|eDP-1 order={ed6a2b0b-3cc3-45f1-960d-f3e42a332c62},{7deb080f-2ee6-46e0-a25e-b4a8dee92de8},{95d94738-1f4d-42da-af83-d4e84644bf70} teilnehmer={ed6a2b0b-3cc3-45f1-960d-f3e42a332c62} float={7deb080f-2ee6-46e0-a25e-b4a8dee92de8},{95d94738-1f4d-42da-af83-d4e84644bf70}
2026-09-06T20:36:31+02:00 HAL9000 kwin_wayland[2468]: kwin-xmonad-lite: surface a89f5ec2-ab8e-4108-8088-7118500a3aab|b7798180-564c-4f75-ad4a-284026ac7a68|DP-3 layout=full n=2 ratio=0.65 fläche=1920x1050+0+0
2026-09-06T20:36:31+02:00 HAL9000 kwin_wayland[2468]: kwin-xmonad-lite: diagnose a89f5ec2-ab8e-4108-8088-7118500a3aab|b7798180-564c-4f75-ad4a-284026ac7a68|DP-3 order={b5199d7e-ca1d-4451-bf04-426469b8e468},{6807996b-8211-4590-9d4c-def50215de55},{6429d239-a71f-4c42-99ae-997dffa005d9} teilnehmer={6807996b-8211-4590-9d4c-def50215de55},{6429d239-a71f-4c42-99ae-997dffa005d9} float={b5199d7e-ca1d-4451-bf04-426469b8e468}
2026-09-06T20:37:52+02:00 HAL9000 kwin_wayland[2468]: kwin-xmonad-lite: befehl resetLayout surface=a89f5ec2-ab8e-4108-8088-7118500a3aab|b7798180-564c-4f75-ad4a-284026ac7a68|eDP-1 via=aktiv layout=tall
2026-09-06T20:37:52+02:00 HAL9000 kwin_wayland[2468]: kwin-xmonad-lite: arrange #111 grund=shortcut:resetLayout surfaces=2 mitglieder=6 teilnehmer=3
2026-09-06T20:37:52+02:00 HAL9000 kwin_wayland[2468]: kwin-xmonad-lite: surface a89f5ec2-ab8e-4108-8088-7118500a3aab|b7798180-564c-4f75-ad4a-284026ac7a68|eDP-1 layout=tall n=1 ratio=0.65 fläche=1920x1080+1920+0
2026-09-06T20:37:52+02:00 HAL9000 kwin_wayland[2468]: kwin-xmonad-lite: diagnose a89f5ec2-ab8e-4108-8088-7118500a3aab|b7798180-564c-4f75-ad4a-284026ac7a68|eDP-1 order={ed6a2b0b-3cc3-45f1-960d-f3e42a332c62},{7deb080f-2ee6-46e0-a25e-b4a8dee92de8},{95d94738-1f4d-42da-af83-d4e84644bf70} teilnehmer={ed6a2b0b-3cc3-45f1-960d-f3e42a332c62} float={7deb080f-2ee6-46e0-a25e-b4a8dee92de8},{95d94738-1f4d-42da-af83-d4e84644bf70}
2026-09-06T20:37:52+02:00 HAL9000 kwin_wayland[2468]: kwin-xmonad-lite: surface a89f5ec2-ab8e-4108-8088-7118500a3aab|b7798180-564c-4f75-ad4a-284026ac7a68|DP-3 layout=full n=2 ratio=0.65 fläche=1920x1050+0+0
2026-09-06T20:37:52+02:00 HAL9000 kwin_wayland[2468]: kwin-xmonad-lite: diagnose a89f5ec2-ab8e-4108-8088-7118500a3aab|b7798180-564c-4f75-ad4a-284026ac7a68|DP-3 order={b5199d7e-ca1d-4451-bf04-426469b8e468},{6807996b-8211-4590-9d4c-def50215de55},{6429d239-a71f-4c42-99ae-997dffa005d9} teilnehmer={6807996b-8211-4590-9d4c-def50215de55},{6429d239-a71f-4c42-99ae-997dffa005d9} float={b5199d7e-ca1d-4451-bf04-426469b8e468}
2026-09-06T20:38:31+02:00 HAL9000 kwin_wayland[2468]: kwin-xmonad-lite: befehl focusMaster surface=a89f5ec2-ab8e-4108-8088-7118500a3aab|b7798180-564c-4f75-ad4a-284026ac7a68|eDP-1 via=aktiv fokus={ed6a2b0b-3cc3-45f1-960d-f3e42a332c62} unverändert
2026-09-06T20:38:31+02:00 HAL9000 kwin_wayland[2468]: kwin-xmonad-lite: aktiviere {ed6a2b0b-3cc3-45f1-960d-f3e42a332c62}
2026-09-06T20:38:51+02:00 HAL9000 kwin_wayland[2468]: kwin-xmonad-lite: befehl sink surface=a89f5ec2-ab8e-4108-8088-7118500a3aab|b7798180-564c-4f75-ad4a-284026ac7a68|eDP-1 via=aktiv fenster={ed6a2b0b-3cc3-45f1-960d-f3e42a332c62} → bereitsGekachelt
2026-09-06T20:39:59+02:00 HAL9000 kwin_wayland[2468]: kwin-xmonad-lite: befehl toggleFloat surface=a89f5ec2-ab8e-4108-8088-7118500a3aab|b7798180-564c-4f75-ad4a-284026ac7a68|eDP-1 via=aktiv fenster={ed6a2b0b-3cc3-45f1-960d-f3e42a332c62} → gefloatet
2026-09-06T20:39:59+02:00 HAL9000 kwin_wayland[2468]: kwin-xmonad-lite: arrange #112 grund=shortcut:toggleFloat surfaces=2 mitglieder=6 teilnehmer=2
2026-09-06T20:39:59+02:00 HAL9000 kwin_wayland[2468]: kwin-xmonad-lite: surface a89f5ec2-ab8e-4108-8088-7118500a3aab|b7798180-564c-4f75-ad4a-284026ac7a68|eDP-1 layout=tall n=0 ratio=0.65 fläche=1920x1080+1920+0
2026-09-06T20:39:59+02:00 HAL9000 kwin_wayland[2468]: kwin-xmonad-lite: diagnose a89f5ec2-ab8e-4108-8088-7118500a3aab|b7798180-564c-4f75-ad4a-284026ac7a68|eDP-1 order={ed6a2b0b-3cc3-45f1-960d-f3e42a332c62},{7deb080f-2ee6-46e0-a25e-b4a8dee92de8},{95d94738-1f4d-42da-af83-d4e84644bf70} teilnehmer= float={ed6a2b0b-3cc3-45f1-960d-f3e42a332c62},{7deb080f-2ee6-46e0-a25e-b4a8dee92de8},{95d94738-1f4d-42da-af83-d4e84644bf70}
2026-09-06T20:39:59+02:00 HAL9000 kwin_wayland[2468]: kwin-xmonad-lite: surface a89f5ec2-ab8e-4108-8088-7118500a3aab|b7798180-564c-4f75-ad4a-284026ac7a68|DP-3 layout=full n=2 ratio=0.65 fläche=1920x1050+0+0
2026-09-06T20:39:59+02:00 HAL9000 kwin_wayland[2468]: kwin-xmonad-lite: diagnose a89f5ec2-ab8e-4108-8088-7118500a3aab|b7798180-564c-4f75-ad4a-284026ac7a68|DP-3 order={b5199d7e-ca1d-4451-bf04-426469b8e468},{6807996b-8211-4590-9d4c-def50215de55},{6429d239-a71f-4c42-99ae-997dffa005d9} teilnehmer={6807996b-8211-4590-9d4c-def50215de55},{6429d239-a71f-4c42-99ae-997dffa005d9} float={b5199d7e-ca1d-4451-bf04-426469b8e468}
2026-09-06T20:41:05+02:00 HAL9000 kwin_wayland[2468]: kwin-xmonad-lite: arrange #113 grund=windowActivated,desktopChanged surfaces=2 mitglieder=3 teilnehmer=2
2026-09-06T20:41:05+02:00 HAL9000 kwin_wayland[2468]: kwin-xmonad-lite: surface a89f5ec2-ab8e-4108-8088-7118500a3aab|eb859906-5dd5-4314-92bc-4f3cc1582e4f|DP-3 layout=tall n=2 ratio=0.65 fläche=1920x1050+0+0
2026-09-06T20:41:05+02:00 HAL9000 kwin_wayland[2468]: kwin-xmonad-lite: diagnose a89f5ec2-ab8e-4108-8088-7118500a3aab|eb859906-5dd5-4314-92bc-4f3cc1582e4f|DP-3 order={b5199d7e-ca1d-4451-bf04-426469b8e468},{5106216a-d6a8-46df-ae71-19a0498a83df},{3bc4464c-005f-4813-929d-0443aa63eb2f} teilnehmer={5106216a-d6a8-46df-ae71-19a0498a83df},{3bc4464c-005f-4813-929d-0443aa63eb2f} float={b5199d7e-ca1d-4451-bf04-426469b8e468}
2026-09-06T20:41:05+02:00 HAL9000 kwin_wayland[2468]: kwin-xmonad-lite: apply {5106216a-d6a8-46df-ae71-19a0498a83df} soll=1248x1050+0+0
2026-09-06T20:41:05+02:00 HAL9000 kwin_wayland[2468]: kwin-xmonad-lite: apply {3bc4464c-005f-4813-929d-0443aa63eb2f} soll=672x1050+1248+0
2026-09-06T20:42:29+02:00 HAL9000 kwin_wayland[2468]: kwin-xmonad-lite: befehl swapNext surface=a89f5ec2-ab8e-4108-8088-7118500a3aab|eb859906-5dd5-4314-92bc-4f3cc1582e4f|eDP-1 via=ausgabe master=- unverändert
2026-09-06T20:43:20+02:00 HAL9000 kwin_wayland[2468]: kwin-xmonad-lite: arrange #114 grund=windowActivated,desktopChanged surfaces=2 mitglieder=6 teilnehmer=2
2026-09-06T20:43:20+02:00 HAL9000 kwin_wayland[2468]: kwin-xmonad-lite: surface a89f5ec2-ab8e-4108-8088-7118500a3aab|b7798180-564c-4f75-ad4a-284026ac7a68|eDP-1 layout=tall n=0 ratio=0.65 fläche=1920x1080+1920+0
2026-09-06T20:43:20+02:00 HAL9000 kwin_wayland[2468]: kwin-xmonad-lite: diagnose a89f5ec2-ab8e-4108-8088-7118500a3aab|b7798180-564c-4f75-ad4a-284026ac7a68|eDP-1 order={ed6a2b0b-3cc3-45f1-960d-f3e42a332c62},{7deb080f-2ee6-46e0-a25e-b4a8dee92de8},{95d94738-1f4d-42da-af83-d4e84644bf70} teilnehmer= float={ed6a2b0b-3cc3-45f1-960d-f3e42a332c62},{7deb080f-2ee6-46e0-a25e-b4a8dee92de8},{95d94738-1f4d-42da-af83-d4e84644bf70}
2026-09-06T20:43:20+02:00 HAL9000 kwin_wayland[2468]: kwin-xmonad-lite: surface a89f5ec2-ab8e-4108-8088-7118500a3aab|b7798180-564c-4f75-ad4a-284026ac7a68|DP-3 layout=full n=2 ratio=0.65 fläche=1920x1050+0+0
2026-09-06T20:43:20+02:00 HAL9000 kwin_wayland[2468]: kwin-xmonad-lite: diagnose a89f5ec2-ab8e-4108-8088-7118500a3aab|b7798180-564c-4f75-ad4a-284026ac7a68|DP-3 order={b5199d7e-ca1d-4451-bf04-426469b8e468},{6807996b-8211-4590-9d4c-def50215de55},{6429d239-a71f-4c42-99ae-997dffa005d9} teilnehmer={6807996b-8211-4590-9d4c-def50215de55},{6429d239-a71f-4c42-99ae-997dffa005d9} float={b5199d7e-ca1d-4451-bf04-426469b8e468}
2026-09-06T20:43:59+02:00 HAL9000 kwin_wayland[2468]: kwin-xmonad-lite: arrange #115 grund=fensterzustand surfaces=2 mitglieder=6 teilnehmer=2
2026-09-06T20:43:59+02:00 HAL9000 kwin_wayland[2468]: kwin-xmonad-lite: surface a89f5ec2-ab8e-4108-8088-7118500a3aab|b7798180-564c-4f75-ad4a-284026ac7a68|eDP-1 layout=tall n=0 ratio=0.65 fläche=1920x1080+1920+0
2026-09-06T20:43:59+02:00 HAL9000 kwin_wayland[2468]: kwin-xmonad-lite: diagnose a89f5ec2-ab8e-4108-8088-7118500a3aab|b7798180-564c-4f75-ad4a-284026ac7a68|eDP-1 order={7deb080f-2ee6-46e0-a25e-b4a8dee92de8},{95d94738-1f4d-42da-af83-d4e84644bf70} teilnehmer= float={7deb080f-2ee6-46e0-a25e-b4a8dee92de8},{95d94738-1f4d-42da-af83-d4e84644bf70}
2026-09-06T20:43:59+02:00 HAL9000 kwin_wayland[2468]: kwin-xmonad-lite: surface a89f5ec2-ab8e-4108-8088-7118500a3aab|b7798180-564c-4f75-ad4a-284026ac7a68|DP-3 layout=full n=2 ratio=0.65 fläche=1920x1050+0+0
2026-09-06T20:43:59+02:00 HAL9000 kwin_wayland[2468]: kwin-xmonad-lite: diagnose a89f5ec2-ab8e-4108-8088-7118500a3aab|b7798180-564c-4f75-ad4a-284026ac7a68|DP-3 order={ed6a2b0b-3cc3-45f1-960d-f3e42a332c62},{b5199d7e-ca1d-4451-bf04-426469b8e468},{6807996b-8211-4590-9d4c-def50215de55},{6429d239-a71f-4c42-99ae-997dffa005d9} teilnehmer={6807996b-8211-4590-9d4c-def50215de55},{6429d239-a71f-4c42-99ae-997dffa005d9} float={ed6a2b0b-3cc3-45f1-960d-f3e42a332c62},{b5199d7e-ca1d-4451-bf04-426469b8e468}
2026-09-06T20:44:23+02:00 HAL9000 kwin_wayland[2468]: kwin-xmonad-lite: befehl toggleFloat surface=a89f5ec2-ab8e-4108-8088-7118500a3aab|b7798180-564c-4f75-ad4a-284026ac7a68|DP-3 via=aktiv fenster={ed6a2b0b-3cc3-45f1-960d-f3e42a332c62} → gekachelt
2026-09-06T20:44:23+02:00 HAL9000 kwin_wayland[2468]: kwin-xmonad-lite: arrange #116 grund=shortcut:toggleFloat surfaces=2 mitglieder=6 teilnehmer=3
2026-09-06T20:44:23+02:00 HAL9000 kwin_wayland[2468]: kwin-xmonad-lite: surface a89f5ec2-ab8e-4108-8088-7118500a3aab|b7798180-564c-4f75-ad4a-284026ac7a68|eDP-1 layout=tall n=0 ratio=0.65 fläche=1920x1080+1920+0
2026-09-06T20:44:23+02:00 HAL9000 kwin_wayland[2468]: kwin-xmonad-lite: diagnose a89f5ec2-ab8e-4108-8088-7118500a3aab|b7798180-564c-4f75-ad4a-284026ac7a68|eDP-1 order={7deb080f-2ee6-46e0-a25e-b4a8dee92de8},{95d94738-1f4d-42da-af83-d4e84644bf70} teilnehmer= float={7deb080f-2ee6-46e0-a25e-b4a8dee92de8},{95d94738-1f4d-42da-af83-d4e84644bf70}
2026-09-06T20:44:23+02:00 HAL9000 kwin_wayland[2468]: kwin-xmonad-lite: surface a89f5ec2-ab8e-4108-8088-7118500a3aab|b7798180-564c-4f75-ad4a-284026ac7a68|DP-3 layout=full n=3 ratio=0.65 fläche=1920x1050+0+0
2026-09-06T20:44:23+02:00 HAL9000 kwin_wayland[2468]: kwin-xmonad-lite: diagnose a89f5ec2-ab8e-4108-8088-7118500a3aab|b7798180-564c-4f75-ad4a-284026ac7a68|DP-3 order={ed6a2b0b-3cc3-45f1-960d-f3e42a332c62},{b5199d7e-ca1d-4451-bf04-426469b8e468},{6807996b-8211-4590-9d4c-def50215de55},{6429d239-a71f-4c42-99ae-997dffa005d9} teilnehmer={ed6a2b0b-3cc3-45f1-960d-f3e42a332c62},{6807996b-8211-4590-9d4c-def50215de55},{6429d239-a71f-4c42-99ae-997dffa005d9} float={b5199d7e-ca1d-4451-bf04-426469b8e468}
2026-09-06T20:44:58+02:00 HAL9000 kwin_wayland[2468]: kwin-xmonad-lite: gc #117 fenster=1 surfaces=0
2026-09-06T20:44:58+02:00 HAL9000 kwin_wayland[2468]: kwin-xmonad-lite: arrange #117 grund=closed,windowActivated,windowRemoved surfaces=2 mitglieder=5 teilnehmer=2
2026-09-06T20:44:58+02:00 HAL9000 kwin_wayland[2468]: kwin-xmonad-lite: surface a89f5ec2-ab8e-4108-8088-7118500a3aab|b7798180-564c-4f75-ad4a-284026ac7a68|eDP-1 layout=tall n=0 ratio=0.65 fläche=1920x1080+1920+0
2026-09-06T20:44:58+02:00 HAL9000 kwin_wayland[2468]: kwin-xmonad-lite: diagnose a89f5ec2-ab8e-4108-8088-7118500a3aab|b7798180-564c-4f75-ad4a-284026ac7a68|eDP-1 order={7deb080f-2ee6-46e0-a25e-b4a8dee92de8},{95d94738-1f4d-42da-af83-d4e84644bf70} teilnehmer= float={7deb080f-2ee6-46e0-a25e-b4a8dee92de8},{95d94738-1f4d-42da-af83-d4e84644bf70}
2026-09-06T20:44:58+02:00 HAL9000 kwin_wayland[2468]: kwin-xmonad-lite: surface a89f5ec2-ab8e-4108-8088-7118500a3aab|b7798180-564c-4f75-ad4a-284026ac7a68|DP-3 layout=full n=2 ratio=0.65 fläche=1920x1050+0+0
2026-09-06T20:44:58+02:00 HAL9000 kwin_wayland[2468]: kwin-xmonad-lite: diagnose a89f5ec2-ab8e-4108-8088-7118500a3aab|b7798180-564c-4f75-ad4a-284026ac7a68|DP-3 order={b5199d7e-ca1d-4451-bf04-426469b8e468},{6807996b-8211-4590-9d4c-def50215de55},{6429d239-a71f-4c42-99ae-997dffa005d9} teilnehmer={6807996b-8211-4590-9d4c-def50215de55},{6429d239-a71f-4c42-99ae-997dffa005d9} float={b5199d7e-ca1d-4451-bf04-426469b8e468}
2026-09-06T20:45:50+02:00 HAL9000 kwin_wayland[2468]: kwin-xmonad-lite: befehl focusMaster surface=a89f5ec2-ab8e-4108-8088-7118500a3aab|b7798180-564c-4f75-ad4a-284026ac7a68|DP-3 via=aktiv fokus={b5199d7e-ca1d-4451-bf04-426469b8e468} unverändert
2026-09-06T20:45:50+02:00 HAL9000 kwin_wayland[2468]: kwin-xmonad-lite: aktiviere {b5199d7e-ca1d-4451-bf04-426469b8e468}
2026-09-06T20:46:58+02:00 HAL9000 kwin_wayland[2468]: kwin-xmonad-lite: arrange #118 grund=desktopChanged surfaces=2 mitglieder=3 teilnehmer=2
2026-09-06T20:46:58+02:00 HAL9000 kwin_wayland[2468]: kwin-xmonad-lite: surface a89f5ec2-ab8e-4108-8088-7118500a3aab|30c27d93-fa7d-452a-ad6a-53201edcdca1|DP-3 layout=tall n=2 ratio=0.6 fläche=1920x1050+0+0
2026-09-06T20:46:58+02:00 HAL9000 kwin_wayland[2468]: kwin-xmonad-lite: diagnose a89f5ec2-ab8e-4108-8088-7118500a3aab|30c27d93-fa7d-452a-ad6a-53201edcdca1|DP-3 order={b5199d7e-ca1d-4451-bf04-426469b8e468},{dc4fa1c7-cc6b-4528-90a0-34a5d748b78f},{af7bd51b-f458-4016-8526-a9a42550dd51} teilnehmer={dc4fa1c7-cc6b-4528-90a0-34a5d748b78f},{af7bd51b-f458-4016-8526-a9a42550dd51} float={b5199d7e-ca1d-4451-bf04-426469b8e468}
2026-09-06T20:47:52+02:00 HAL9000 kwin_wayland[2468]: kwin-xmonad-lite: arrange #119 grund=fensterzustand surfaces=2 mitglieder=3 teilnehmer=2
2026-09-06T20:47:52+02:00 HAL9000 kwin_wayland[2468]: kwin-xmonad-lite: surface a89f5ec2-ab8e-4108-8088-7118500a3aab|30c27d93-fa7d-452a-ad6a-53201edcdca1|DP-3 layout=tall n=2 ratio=0.6 fläche=1920x1050+0+0
2026-09-06T20:47:52+02:00 HAL9000 kwin_wayland[2468]: kwin-xmonad-lite: diagnose a89f5ec2-ab8e-4108-8088-7118500a3aab|30c27d93-fa7d-452a-ad6a-53201edcdca1|DP-3 order={b5199d7e-ca1d-4451-bf04-426469b8e468},{dc4fa1c7-cc6b-4528-90a0-34a5d748b78f},{af7bd51b-f458-4016-8526-a9a42550dd51} teilnehmer={dc4fa1c7-cc6b-4528-90a0-34a5d748b78f},{af7bd51b-f458-4016-8526-a9a42550dd51} float={b5199d7e-ca1d-4451-bf04-426469b8e468}
2026-09-06T20:48:42+02:00 HAL9000 kwin_wayland[2468]: kwin-xmonad-lite: befehl swapPrev surface=a89f5ec2-ab8e-4108-8088-7118500a3aab|30c27d93-fa7d-452a-ad6a-53201edcdca1|DP-3 via=aktiv master={af7bd51b-f458-4016-8526-a9a42550dd51}
2026-09-06T20:48:42+02:00 HAL9000 kwin_wayland[2468]: kwin-xmonad-lite: arrange #120 grund=shortcut:swapPrev surfaces=2 mitglieder=3 teilnehmer=2
2026-09-06T20:48:42+02:00 HAL9000 kwin_wayland[2468]: kwin-xmonad-lite: surface a89f5ec2-ab8e-4108-8088-7118500a3aab|30c27d93-fa7d-452a-ad6a-53201edcdca1|DP-3 layout=tall n=2 ratio=0.6 fläche=1920x1050+0+0
2026-09-06T20:48:42+02:00 HAL9000 kwin_wayland[2468]: kwin-xmonad-lite: diagnose a89f5ec2-ab8e-4108-8088-7118500a3aab|30c27d93-fa7d-452a-ad6a-53201edcdca1|DP-3 order={af7bd51b-f458-4016-8526-a9a42550dd51},{dc4fa1c7-cc6b-4528-90a0-34a5d748b78f},{b5199d7e-ca1d-4451-bf04-426469b8e468} teilnehmer={af7bd51b-f458-4016-8526-a9a42550dd51},{dc4fa1c7-cc6b-4528-90a0-34a5d748b78f} float={b5199d7e-ca1d-4451-bf04-426469b8e468}
2026-09-06T20:48:42+02:00 HAL9000 kwin_wayland[2468]: kwin-xmonad-lite: apply {af7bd51b-f458-4016-8526-a9a42550dd51} soll=1152x1050+0+0
2026-09-06T20:48:42+02:00 HAL9000 kwin_wayland[2468]: kwin-xmonad-lite: apply {dc4fa1c7-cc6b-4528-90a0-34a5d748b78f} soll=768x1050+1152+0
2026-09-06T20:49:47+02:00 HAL9000 kwin_wayland[2468]: kwin-xmonad-lite: befehl expand surface=a89f5ec2-ab8e-4108-8088-7118500a3aab|30c27d93-fa7d-452a-ad6a-53201edcdca1|DP-3 via=aktiv ratio=0.65
2026-09-06T20:49:47+02:00 HAL9000 kwin_wayland[2468]: kwin-xmonad-lite: arrange #121 grund=shortcut:expand surfaces=2 mitglieder=3 teilnehmer=2
2026-09-06T20:49:47+02:00 HAL9000 kwin_wayland[2468]: kwin-xmonad-lite: surface a89f5ec2-ab8e-4108-8088-7118500a3aab|30c27d93-fa7d-452a-ad6a-53201edcdca1|DP-3 layout=tall n=2 ratio=0.65 fläche=1920x1050+0+0
2026-09-06T20:49:47+02:00 HAL9000 kwin_wayland[2468]: kwin-xmonad-lite: diagnose a89f5ec2-ab8e-4108-8088-7118500a3aab|30c27d93-fa7d-452a-ad6a-53201edcdca1|DP-3 order={af7bd51b-f458-4016-8526-a9a42550dd51},{dc4fa1c7-cc6b-4528-90a0-34a5d748b78f},{b5199d7e-ca1d-4451-bf04-426469b8e468} teilnehmer={af7bd51b-f458-4016-8526-a9a42550dd51},{dc4fa1c7-cc6b-4528-90a0-34a5d748b78f} float={b5199d7e-ca1d-4451-bf04-426469b8e468}
2026-09-06T20:49:47+02:00 HAL9000 kwin_wayland[2468]: kwin-xmonad-lite: apply {af7bd51b-f458-4016-8526-a9a42550dd51} soll=1248x1050+0+0
2026-09-06T20:49:47+02:00 HAL9000 kwin_wayland[2468]: kwin-xmonad-lite: apply {dc4fa1c7-cc6b-4528-90a0-34a5d748b78f} soll=672x1050+1248+0
2026-09-06T20:51:25+02:00 HAL9000 kwin_wayland[2468]: kwin-xmonad-lite: befehl swapNext surface=a89f5ec2-ab8e-4108-8088-7118500a3aab|30c27d93-fa7d-452a-ad6a-53201edcdca1|DP-3 via=aktiv master={b5199d7e-ca1d-4451-bf04-426469b8e468}
2026-09-06T20:51:25+02:00 HAL9000 kwin_wayland[2468]: kwin-xmonad-lite: arrange #122 grund=shortcut:swapNext surfaces=2 mitglieder=3 teilnehmer=2
2026-09-06T20:51:25+02:00 HAL9000 kwin_wayland[2468]: kwin-xmonad-lite: surface a89f5ec2-ab8e-4108-8088-7118500a3aab|30c27d93-fa7d-452a-ad6a-53201edcdca1|DP-3 layout=tall n=2 ratio=0.65 fläche=1920x1050+0+0
2026-09-06T20:51:25+02:00 HAL9000 kwin_wayland[2468]: kwin-xmonad-lite: diagnose a89f5ec2-ab8e-4108-8088-7118500a3aab|30c27d93-fa7d-452a-ad6a-53201edcdca1|DP-3 order={b5199d7e-ca1d-4451-bf04-426469b8e468},{dc4fa1c7-cc6b-4528-90a0-34a5d748b78f},{af7bd51b-f458-4016-8526-a9a42550dd51} teilnehmer={dc4fa1c7-cc6b-4528-90a0-34a5d748b78f},{af7bd51b-f458-4016-8526-a9a42550dd51} float={b5199d7e-ca1d-4451-bf04-426469b8e468}
2026-09-06T20:51:25+02:00 HAL9000 kwin_wayland[2468]: kwin-xmonad-lite: apply {dc4fa1c7-cc6b-4528-90a0-34a5d748b78f} soll=1248x1050+0+0
2026-09-06T20:51:25+02:00 HAL9000 kwin_wayland[2468]: kwin-xmonad-lite: apply {af7bd51b-f458-4016-8526-a9a42550dd51} soll=672x1050+1248+0
2026-09-06T20:52:18+02:00 HAL9000 kwin_wayland[2468]: kwin-xmonad-lite: befehl focusPrev surface=a89f5ec2-ab8e-4108-8088-7118500a3aab|30c27d93-fa7d-452a-ad6a-53201edcdca1|DP-3 via=aktiv fokus={af7bd51b-f458-4016-8526-a9a42550dd51}
2026-09-06T20:52:18+02:00 HAL9000 kwin_wayland[2468]: kwin-xmonad-lite: aktiviere {af7bd51b-f458-4016-8526-a9a42550dd51}
2026-09-06T20:52:18+02:00 HAL9000 kwin_wayland[2468]: kwin-xmonad-lite: arrange #123 grund=windowActivated,shortcut:focusPrev surfaces=2 mitglieder=3 teilnehmer=2
2026-09-06T20:52:18+02:00 HAL9000 kwin_wayland[2468]: kwin-xmonad-lite: surface a89f5ec2-ab8e-4108-8088-7118500a3aab|30c27d93-fa7d-452a-ad6a-53201edcdca1|DP-3 layout=tall n=2 ratio=0.65 fläche=1920x1050+0+0
2026-09-06T20:52:18+02:00 HAL9000 kwin_wayland[2468]: kwin-xmonad-lite: diagnose a89f5ec2-ab8e-4108-8088-7118500a3aab|30c27d93-fa7d-452a-ad6a-53201edcdca1|DP-3 order={b5199d7e-ca1d-4451-bf04-426469b8e468},{dc4fa1c7-cc6b-4528-90a0-34a5d748b78f},{af7bd51b-f458-4016-8526-a9a42550dd51} teilnehmer={dc4fa1c7-cc6b-4528-90a0-34a5d748b78f},{af7bd51b-f458-4016-8526-a9a42550dd51} float={b5199d7e-ca1d-4451-bf04-426469b8e468}
2026-09-06T20:53:02+02:00 HAL9000 kxl-abnahme[9638]: == Fall 27 Last beendet, 75 Aktionen ==
